Archive member included because of file (symbol)

c:/NXP/bstudio_nxp/sdk/JN-SW-4168/Components/Library\libOS_JN516x.a(os.o)
                              c:/NXP/bstudio_nxp/workspace/ZigBee-LightLink-Test-1/Light_ColorTemperatureLight/Build/os_gen.o (symbol from plugin) (os_vStart)
c:/NXP/bstudio_nxp/sdk/JN-SW-4168/Components/Library\libOS_JN516x.a(os_contirq_JN516x.o)
                              c:/NXP/bstudio_nxp/workspace/ZigBee-LightLink-Test-1/Light_ColorTemperatureLight/Build/os_irq.o (os_UnclaimedException_W)
c:/NXP/bstudio_nxp/sdk/JN-SW-4168/Components/Library\libPWRM_JN516x.a(pwrm.o)
                              c:/NXP/bstudio_nxp/workspace/ZigBee-LightLink-Test-1/Light_ColorTemperatureLight/Build/app_start_light.o (symbol from plugin) (PWRM_vInit)
c:/NXP/bstudio_nxp/sdk/JN-SW-4168/Components/Library\libPWRM_JN516x.a(pwrm_setjmp_JN516x.o)
                              pwrm.o (symbol from plugin) (setjmp)
c:/NXP/bstudio_nxp/sdk/JN-SW-4168/Components/Library\libPWRM_JN516x.a(pwrm_cold_start.o)
                              (AppColdStart)
c:/NXP/bstudio_nxp/sdk/JN-SW-4168/Components/Library\libPWRM_JN516x.a(pwrm_warm_start.o)
                              (AppWarmStart)
c:/NXP/bstudio_nxp/sdk/JN-SW-4168/Components/Library\libPDUM_JN516x.a(pdum_nwk.o)
                              c:/NXP/bstudio_nxp/workspace/ZigBee-LightLink-Test-1/Light_ColorTemperatureLight/Build/pdum_gen.o (symbol from plugin) (pdum_vNPduInit)
c:/NXP/bstudio_nxp/sdk/JN-SW-4168/Components/Library\libPDUM_JN516x.a(pdum_apl.o)
                              c:/NXP/bstudio_nxp/workspace/ZigBee-LightLink-Test-1/Light_ColorTemperatureLight/Build/zll_CommissionCmdHandler.o (symbol from plugin) (PDUM_u16APduInstanceReadNBO)
c:/NXP/bstudio_nxp/sdk/JN-SW-4168/Components/Library\libPDUM_JN516x.a(pdum.o)
                              pdum_nwk.o (symbol from plugin) (PDUM_u16SizeNBO)
c:/NXP/bstudio_nxp/sdk/JN-SW-4168/Components/Library\libZPSAPL_JN516x.a(zps_apl_af.o)
                              c:/NXP/bstudio_nxp/workspace/ZigBee-LightLink-Test-1/Light_ColorTemperatureLight/Build/zpr_light_node.o (symbol from plugin) (ZPS_eAplAfInit)
c:/NXP/bstudio_nxp/sdk/JN-SW-4168/Components/Library\libZPSAPL_JN516x.a(zps_apl_af_apsde.o)
                              c:/NXP/bstudio_nxp/workspace/ZigBee-LightLink-Test-1/Light_ColorTemperatureLight/Build/zps_gen.o (symbol from plugin) (zps_vHandleApsdeDataFragIndNotSupported)
c:/NXP/bstudio_nxp/sdk/JN-SW-4168/Components/Library\libZPSAPL_JN516x.a(zps_apl_task.o)
                              zps_apl_af_apsde.o (symbol from plugin) (zps_vAplAfPostEvent)
c:/NXP/bstudio_nxp/sdk/JN-SW-4168/Components/Library\libZPSAPL_JN516x.a(zps_apl_apsde.o)
                              zps_apl_task.o (symbol from plugin) (ZPS_vAplRegisterApsdeDcfmIndCallbacks)
c:/NXP/bstudio_nxp/sdk/JN-SW-4168/Components/Library\libZPSAPL_JN516x.a(zps_apl_apsme.o)
                              zps_apl_task.o (symbol from plugin) (ZPS_vAplRegisterApsmeDcfmIndCallbacks)
c:/NXP/bstudio_nxp/sdk/JN-SW-4168/Components/Library\libZPSAPL_JN516x.a(zps_apl_aps_nlde.o)
                              zps_apl_task.o (symbol from plugin) (zps_vAplApsHandleNldeDcfmInd)
c:/NXP/bstudio_nxp/sdk/JN-SW-4168/Components/Library\libZPSAPL_JN516x.a(zps_apl_sec.o)
                              zps_apl_task.o (symbol from plugin) (zps_psFindKeyDescr)
c:/NXP/bstudio_nxp/sdk/JN-SW-4168/Components/Library\libZPSAPL_JN516x.a(zps_apl_aib.o)
                              c:/NXP/bstudio_nxp/workspace/ZigBee-LightLink-Test-1/Light_ColorTemperatureLight/Build/app_light_commission_task.o (symbol from plugin) (zps_psAplAibGetAib)
c:/NXP/bstudio_nxp/sdk/JN-SW-4168/Components/Library\libZPSAPL_JN516x.a(zps_apl_zdo_nwkmanager.o)
                              zps_apl_apsme.o (symbol from plugin) (zps_vAplSaveRecord)
c:/NXP/bstudio_nxp/sdk/JN-SW-4168/Components/Library\libZPSAPL_JN516x.a(zps_apl_zdo_handle_zdp_event.o)
                              zps_apl_task.o (symbol from plugin) (zps_bAplZdoHandleZdpEvent)
c:/NXP/bstudio_nxp/sdk/JN-SW-4168/Components/Library\libZPSAPL_JN516x.a(zps_apl_zdo_trust_center.o)
                              zps_apl_sec.o (symbol from plugin) (zps_eAplTrustCenterFindDevice)
c:/NXP/bstudio_nxp/sdk/JN-SW-4168/Components/Library\libZPSAPL_JN516x.a(zps_apl_zdo_common.o)
                              zps_apl_zdo_nwkmanager.o (symbol from plugin) (zps_eAplZdoNlmeleaveWrapper)
c:/NXP/bstudio_nxp/sdk/JN-SW-4168/Components/Library\libZPSAPL_JN516x.a(zps_apl_zdo_group.o)
                              c:/NXP/bstudio_nxp/workspace/ZigBee-LightLink-Test-1/Light_ColorTemperatureLight/Build/GroupsTableManager.o (symbol from plugin) (zps_eAplZdoGroupEndpointAdd)
c:/NXP/bstudio_nxp/sdk/JN-SW-4168/Components/Library\libZPSAPL_JN516x.a(zps_apl_zdo_default_server.o)
                              c:/NXP/bstudio_nxp/workspace/ZigBee-LightLink-Test-1/Light_ColorTemperatureLight/Build/zps_gen.o (symbol from plugin) (zps_vAplZdoDefaultServerInit)
[...]
Memory Configuration

Name             Origin             Length             Attributes
flash            0x0000000000080000 0x0000000000040000
ram              0x000000000400004c 0x0000000000007fb4
*default*        0x0000000000000000 0xffffffffffffffff

Linker script and memory map

                0x0000000000001388                __stack_size = 0x1388
                0x00000000000007d0                __minimum_heap_size = 0x7d0
START GROUP
LOAD c:/NXP/bstudio_nxp/workspace/ZigBee-LightLink-Test-1/Light_ColorTemperatureLight/Build/os_gen.o
LOAD C:\Users\brend\AppData\Local\Temp\ccheh5G2.ltrans0.ltrans.o
LOAD C:\Users\brend\AppData\Local\Temp\ccheh5G2.ltrans1.ltrans.o
LOAD C:\Users\brend\AppData\Local\Temp\ccheh5G2.ltrans2.ltrans.o
LOAD C:\Users\brend\AppData\Local\Temp\ccheh5G2.ltrans3.ltrans.o
LOAD C:\Users\brend\AppData\Local\Temp\ccheh5G2.ltrans4.ltrans.o
LOAD C:\Users\brend\AppData\Local\Temp\ccheh5G2.ltrans5.ltrans.o
LOAD C:\Users\brend\AppData\Local\Temp\ccheh5G2.ltrans6.ltrans.o
LOAD C:\Users\brend\AppData\Local\Temp\ccheh5G2.ltrans7.ltrans.o
LOAD C:\Users\brend\AppData\Local\Temp\ccheh5G2.ltrans8.ltrans.o
LOAD C:\Users\brend\AppData\Local\Temp\ccheh5G2.ltrans9.ltrans.o
LOAD C:\Users\brend\AppData\Local\Temp\ccheh5G2.ltrans10.ltrans.o
LOAD C:\Users\brend\AppData\Local\Temp\ccheh5G2.ltrans11.ltrans.o
LOAD C:\Users\brend\AppData\Local\Temp\ccheh5G2.ltrans12.ltrans.o
LOAD C:\Users\brend\AppData\Local\Temp\ccheh5G2.ltrans13.ltrans.o
LOAD C:\Users\brend\AppData\Local\Temp\ccheh5G2.ltrans14.ltrans.o
LOAD C:\Users\brend\AppData\Local\Temp\ccheh5G2.ltrans15.ltrans.o
LOAD C:\Users\brend\AppData\Local\Temp\ccheh5G2.ltrans16.ltrans.o
LOAD C:\Users\brend\AppData\Local\Temp\ccheh5G2.ltrans17.ltrans.o
LOAD C:\Users\brend\AppData\Local\Temp\ccheh5G2.ltrans18.ltrans.o
LOAD C:\Users\brend\AppData\Local\Temp\ccheh5G2.ltrans19.ltrans.o
LOAD C:\Users\brend\AppData\Local\Temp\ccheh5G2.ltrans20.ltrans.o
LOAD C:\Users\brend\AppData\Local\Temp\ccheh5G2.ltrans21.ltrans.o
LOAD C:\Users\brend\AppData\Local\Temp\ccheh5G2.ltrans22.ltrans.o
LOAD C:\Users\brend\AppData\Local\Temp\ccheh5G2.ltrans23.ltrans.o
LOAD C:\Users\brend\AppData\Local\Temp\ccheh5G2.ltrans24.ltrans.o
LOAD C:\Users\brend\AppData\Local\Temp\ccheh5G2.ltrans25.ltrans.o
LOAD C:\Users\brend\AppData\Local\Temp\ccheh5G2.ltrans26.ltrans.o
LOAD C:\Users\brend\AppData\Local\Temp\ccheh5G2.ltrans27.ltrans.o
LOAD C:\Users\brend\AppData\Local\Temp\ccheh5G2.ltrans28.ltrans.o
LOAD C:\Users\brend\AppData\Local\Temp\ccheh5G2.ltrans29.ltrans.o
LOAD C:\Users\brend\AppData\Local\Temp\ccheh5G2.ltrans30.ltrans.o
LOAD C:\Users\brend\AppData\Local\Temp\ccheh5G2.ltrans31.ltrans.o
LOAD c:/nxp/bstudio_nxp/sdk/tools/ba-elf-ba2-r36379/bin/../lib/gcc/ba-elf/4.7.4/../../../../ba-elf/lib/mcpu_jn51xx_sizeopt\libc.a
LOAD c:/nxp/bstudio_nxp/sdk/tools/ba-elf-ba2-r36379/bin/../lib/gcc/ba-elf/4.7.4/mcpu_jn51xx_sizeopt\libgcc.a
LOAD c:/nxp/bstudio_nxp/sdk/tools/ba-elf-ba2-r36379/bin/../lib/gcc/ba-elf/4.7.4/../../../../ba-elf/lib/mcpu_jn51xx_sizeopt\libc.a
LOAD c:/NXP/bstudio_nxp/workspace/ZigBee-LightLink-Test-1/Light_ColorTemperatureLight/Build/os_irq.o
LOAD c:/NXP/bstudio_nxp/workspace/ZigBee-LightLink-Test-1/Light_ColorTemperatureLight/Build/os_irq_alignment.o
LOAD c:/NXP/bstudio_nxp/workspace/ZigBee-LightLink-Test-1/Light_ColorTemperatureLight/Build/os_irq_buserror.o
LOAD c:/NXP/bstudio_nxp/workspace/ZigBee-LightLink-Test-1/Light_ColorTemperatureLight/Build/os_irq_illegalinstruction.o
LOAD c:/NXP/bstudio_nxp/workspace/ZigBee-LightLink-Test-1/Light_ColorTemperatureLight/Build/os_irq_stackoverflowexception.o
LOAD c:/NXP/bstudio_nxp/workspace/ZigBee-LightLink-Test-1/Light_ColorTemperatureLight/Build/os_irq_unimplementedmodule.o
LOAD c:/NXP/bstudio_nxp/workspace/ZigBee-LightLink-Test-1/Light_ColorTemperatureLight/Build/pdum_gen.o
LOAD c:/NXP/bstudio_nxp/workspace/ZigBee-LightLink-Test-1/Light_ColorTemperatureLight/Build/pdum_apdu.o
LOAD c:/NXP/bstudio_nxp/workspace/ZigBee-LightLink-Test-1/Light_ColorTemperatureLight/Build/zps_gen.o
LOAD c:/NXP/bstudio_nxp/workspace/ZigBee-LightLink-Test-1/Light_ColorTemperatureLight/Build/app_timer_driver.o
LOAD c:/NXP/bstudio_nxp/workspace/ZigBee-LightLink-Test-1/Light_ColorTemperatureLight/Build/app_start_light.o
LOAD c:/NXP/bstudio_nxp/workspace/ZigBee-LightLink-Test-1/Light_ColorTemperatureLight/Build/app_scenes.o
LOAD c:/NXP/bstudio_nxp/workspace/ZigBee-LightLink-Test-1/Light_ColorTemperatureLight/Build/app_power_on_counter.o
LOAD c:/NXP/bstudio_nxp/workspace/ZigBee-LightLink-Test-1/Light_ColorTemperatureLight/Build/zpr_light_node.o
LOAD c:/NXP/bstudio_nxp/workspace/ZigBee-LightLink-Test-1/Light_ColorTemperatureLight/Build/ecb_decrypt.o
LOAD c:/NXP/bstudio_nxp/workspace/ZigBee-LightLink-Test-1/Light_ColorTemperatureLight/Build/app_zcl_light_task.o
LOAD c:/NXP/bstudio_nxp/workspace/ZigBee-LightLink-Test-1/Light_ColorTemperatureLight/Build/app_light_commission_task.o
LOAD c:/NXP/bstudio_nxp/workspace/ZigBee-LightLink-Test-1/Light_ColorTemperatureLight/Build/app_manage_temperature.o
LOAD c:/NXP/bstudio_nxp/workspace/ZigBee-LightLink-Test-1/Light_ColorTemperatureLight/Build/app_light_interpolation.o
LOAD c:/NXP/bstudio_nxp/workspace/ZigBee-LightLink-Test-1/Light_ColorTemperatureLight/Build/appZpsBeaconHandler.o
LOAD c:/NXP/bstudio_nxp/workspace/ZigBee-LightLink-Test-1/Light_ColorTemperatureLight/Build/App_Light_ColorTemperatureLight.o
LOAD c:/NXP/bstudio_nxp/workspace/ZigBee-LightLink-Test-1/Light_ColorTemperatureLight/Build/DriverBulb_DR1221_Dimic.o
LOAD c:/NXP/bstudio_nxp/workspace/ZigBee-LightLink-Test-1/Light_ColorTemperatureLight/Build/DriverBulb_Shim.o
LOAD c:/NXP/bstudio_nxp/workspace/ZigBee-LightLink-Test-1/Light_ColorTemperatureLight/Build/Alarms.o
LOAD c:/NXP/bstudio_nxp/workspace/ZigBee-LightLink-Test-1/Light_ColorTemperatureLight/Build/AlarmsClientCommands.o
LOAD c:/NXP/bstudio_nxp/workspace/ZigBee-LightLink-Test-1/Light_ColorTemperatureLight/Build/AlarmsCommandHandler.o
LOAD c:/NXP/bstudio_nxp/workspace/ZigBee-LightLink-Test-1/Light_ColorTemperatureLight/Build/AlarmsServerCommands.o
LOAD c:/NXP/bstudio_nxp/workspace/ZigBee-LightLink-Test-1/Light_ColorTemperatureLight/Build/AlarmsTableManager.o
LOAD c:/NXP/bstudio_nxp/workspace/ZigBee-LightLink-Test-1/Light_ColorTemperatureLight/Build/AnalogInputBasic.o
LOAD c:/NXP/bstudio_nxp/workspace/ZigBee-LightLink-Test-1/Light_ColorTemperatureLight/Build/AnalogOutputBasic.o
LOAD c:/NXP/bstudio_nxp/workspace/ZigBee-LightLink-Test-1/Light_ColorTemperatureLight/Build/Basic.o
LOAD c:/NXP/bstudio_nxp/workspace/ZigBee-LightLink-Test-1/Light_ColorTemperatureLight/Build/BasicClientCommands.o
LOAD c:/NXP/bstudio_nxp/workspace/ZigBee-LightLink-Test-1/Light_ColorTemperatureLight/Build/BasicCommandHandler.o
LOAD c:/NXP/bstudio_nxp/workspace/ZigBee-LightLink-Test-1/Light_ColorTemperatureLight/Build/BinaryInputBasic.o
LOAD c:/NXP/bstudio_nxp/workspace/ZigBee-LightLink-Test-1/Light_ColorTemperatureLight/Build/BinaryOutputBasic.o
LOAD c:/NXP/bstudio_nxp/workspace/ZigBee-LightLink-Test-1/Light_ColorTemperatureLight/Build/Commissioning.o
LOAD c:/NXP/bstudio_nxp/workspace/ZigBee-LightLink-Test-1/Light_ColorTemperatureLight/Build/DeviceTemperatureConfiguration.o
LOAD c:/NXP/bstudio_nxp/workspace/ZigBee-LightLink-Test-1/Light_ColorTemperatureLight/Build/Diagnostics.o
LOAD c:/NXP/bstudio_nxp/workspace/ZigBee-LightLink-Test-1/Light_ColorTemperatureLight/Build/DoorLock.o
LOAD c:/NXP/bstudio_nxp/workspace/ZigBee-LightLink-Test-1/Light_ColorTemperatureLight/Build/DoorLockCommandHandler.o
LOAD c:/NXP/bstudio_nxp/workspace/ZigBee-LightLink-Test-1/Light_ColorTemperatureLight/Build/DoorLockCommands.o
LOAD c:/NXP/bstudio_nxp/workspace/ZigBee-LightLink-Test-1/Light_ColorTemperatureLight/Build/ElectricalMeasurement.o
LOAD c:/NXP/bstudio_nxp/workspace/ZigBee-LightLink-Test-1/Light_ColorTemperatureLight/Build/Groups.o
LOAD c:/NXP/bstudio_nxp/workspace/ZigBee-LightLink-Test-1/Light_ColorTemperatureLight/Build/GroupsClientCommands.o
LOAD c:/NXP/bstudio_nxp/workspace/ZigBee-LightLink-Test-1/Light_ColorTemperatureLight/Build/GroupsCommandHandler.o
LOAD c:/NXP/bstudio_nxp/workspace/ZigBee-LightLink-Test-1/Light_ColorTemperatureLight/Build/GroupsServerCommands.o
LOAD c:/NXP/bstudio_nxp/workspace/ZigBee-LightLink-Test-1/Light_ColorTemperatureLight/Build/GroupsTableManager.o
LOAD c:/NXP/bstudio_nxp/workspace/ZigBee-LightLink-Test-1/Light_ColorTemperatureLight/Build/Identify.o
LOAD c:/NXP/bstudio_nxp/workspace/ZigBee-LightLink-Test-1/Light_ColorTemperatureLight/Build/IdentifyClientCommands.o
LOAD c:/NXP/bstudio_nxp/workspace/ZigBee-LightLink-Test-1/Light_ColorTemperatureLight/Build/IdentifyCommandHandler.o
LOAD c:/NXP/bstudio_nxp/workspace/ZigBee-LightLink-Test-1/Light_ColorTemperatureLight/Build/IdentifyServerCommands.o
LOAD c:/NXP/bstudio_nxp/workspace/ZigBee-LightLink-Test-1/Light_ColorTemperatureLight/Build/LevelControl.o
LOAD c:/NXP/bstudio_nxp/workspace/ZigBee-LightLink-Test-1/Light_ColorTemperatureLight/Build/LevelControlClientCommands.o
LOAD c:/NXP/bstudio_nxp/workspace/ZigBee-LightLink-Test-1/Light_ColorTemperatureLight/Build/LevelControlCommandHandler.o
LOAD c:/NXP/bstudio_nxp/workspace/ZigBee-LightLink-Test-1/Light_ColorTemperatureLight/Build/MultistateInputBasic.o
LOAD c:/NXP/bstudio_nxp/workspace/ZigBee-LightLink-Test-1/Light_ColorTemperatureLight/Build/MultistateOutputBasic.o
LOAD c:/NXP/bstudio_nxp/workspace/ZigBee-LightLink-Test-1/Light_ColorTemperatureLight/Build/OOSC.o
LOAD c:/NXP/bstudio_nxp/workspace/ZigBee-LightLink-Test-1/Light_ColorTemperatureLight/Build/OnOff.o
LOAD c:/NXP/bstudio_nxp/workspace/ZigBee-LightLink-Test-1/Light_ColorTemperatureLight/Build/OnOffCommandHandler.o
LOAD c:/NXP/bstudio_nxp/workspace/ZigBee-LightLink-Test-1/Light_ColorTemperatureLight/Build/OnOffCommands.o
LOAD c:/NXP/bstudio_nxp/workspace/ZigBee-LightLink-Test-1/Light_ColorTemperatureLight/Build/PollControl.o
LOAD c:/NXP/bstudio_nxp/workspace/ZigBee-LightLink-Test-1/Light_ColorTemperatureLight/Build/PollControlClientCommands.o
LOAD c:/NXP/bstudio_nxp/workspace/ZigBee-LightLink-Test-1/Light_ColorTemperatureLight/Build/PollControlCommandHandler.o
LOAD c:/NXP/bstudio_nxp/workspace/ZigBee-LightLink-Test-1/Light_ColorTemperatureLight/Build/PollControlServerCommands.o
LOAD c:/NXP/bstudio_nxp/workspace/ZigBee-LightLink-Test-1/Light_ColorTemperatureLight/Build/PowerConfiguration.o
LOAD c:/NXP/bstudio_nxp/workspace/ZigBee-LightLink-Test-1/Light_ColorTemperatureLight/Build/Scenes.o
LOAD c:/NXP/bstudio_nxp/workspace/ZigBee-LightLink-Test-1/Light_ColorTemperatureLight/Build/ScenesClientCommands.o
LOAD c:/NXP/bstudio_nxp/workspace/ZigBee-LightLink-Test-1/Light_ColorTemperatureLight/Build/ScenesClusterManagement.o
LOAD c:/NXP/bstudio_nxp/workspace/ZigBee-LightLink-Test-1/Light_ColorTemperatureLight/Build/ScenesCommandHandler.o
LOAD c:/NXP/bstudio_nxp/workspace/ZigBee-LightLink-Test-1/Light_ColorTemperatureLight/Build/ScenesServerCommands.o
LOAD c:/NXP/bstudio_nxp/workspace/ZigBee-LightLink-Test-1/Light_ColorTemperatureLight/Build/ScenesTableManager.o
LOAD c:/NXP/bstudio_nxp/workspace/ZigBee-LightLink-Test-1/Light_ColorTemperatureLight/Build/TC.o
LOAD c:/NXP/bstudio_nxp/workspace/ZigBee-LightLink-Test-1/Light_ColorTemperatureLight/Build/Time.o
LOAD c:/NXP/bstudio_nxp/workspace/ZigBee-LightLink-Test-1/Light_ColorTemperatureLight/Build/zll_CommissionCmdHandler.o
LOAD c:/NXP/bstudio_nxp/workspace/ZigBee-LightLink-Test-1/Light_ColorTemperatureLight/Build/zll_UtilityCmdHandler.o
LOAD c:/NXP/bstudio_nxp/workspace/ZigBee-LightLink-Test-1/Light_ColorTemperatureLight/Build/zll_commission.o
LOAD c:/NXP/bstudio_nxp/workspace/ZigBee-LightLink-Test-1/Light_ColorTemperatureLight/Build/zll_utility.o
LOAD c:/NXP/bstudio_nxp/workspace/ZigBee-LightLink-Test-1/Light_ColorTemperatureLight/Build/colour_light.o
LOAD c:/NXP/bstudio_nxp/workspace/ZigBee-LightLink-Test-1/Light_ColorTemperatureLight/Build/colour_remote.o
LOAD c:/NXP/bstudio_nxp/workspace/ZigBee-LightLink-Test-1/Light_ColorTemperatureLight/Build/colour_scene_remote.o
LOAD c:/NXP/bstudio_nxp/workspace/ZigBee-LightLink-Test-1/Light_ColorTemperatureLight/Build/colour_temperature_light.o
LOAD c:/NXP/bstudio_nxp/workspace/ZigBee-LightLink-Test-1/Light_ColorTemperatureLight/Build/commission_endpoint.o
LOAD c:/NXP/bstudio_nxp/workspace/ZigBee-LightLink-Test-1/Light_ColorTemperatureLight/Build/control_bridge.o
LOAD c:/NXP/bstudio_nxp/workspace/ZigBee-LightLink-Test-1/Light_ColorTemperatureLight/Build/dimmable_light.o
LOAD c:/NXP/bstudio_nxp/workspace/ZigBee-LightLink-Test-1/Light_ColorTemperatureLight/Build/dimmable_plug.o
LOAD c:/NXP/bstudio_nxp/workspace/ZigBee-LightLink-Test-1/Light_ColorTemperatureLight/Build/extended_colour_light.o
LOAD c:/NXP/bstudio_nxp/workspace/ZigBee-LightLink-Test-1/Light_ColorTemperatureLight/Build/non_colour_remote.o
LOAD c:/NXP/bstudio_nxp/workspace/ZigBee-LightLink-Test-1/Light_ColorTemperatureLight/Build/non_colour_scene_remote.o
LOAD c:/NXP/bstudio_nxp/workspace/ZigBee-LightLink-Test-1/Light_ColorTemperatureLight/Build/on_off_light.o
LOAD c:/NXP/bstudio_nxp/workspace/ZigBee-LightLink-Test-1/Light_ColorTemperatureLight/Build/on_off_plug.o
LOAD c:/NXP/bstudio_nxp/workspace/ZigBee-LightLink-Test-1/Light_ColorTemperatureLight/Build/on_off_sensor.o
LOAD c:/NXP/bstudio_nxp/workspace/ZigBee-LightLink-Test-1/Light_ColorTemperatureLight/Build/zll.o
LOAD c:/NXP/bstudio_nxp/workspace/ZigBee-LightLink-Test-1/Light_ColorTemperatureLight/Build/BallastConfiguration.o
LOAD c:/NXP/bstudio_nxp/workspace/ZigBee-LightLink-Test-1/Light_ColorTemperatureLight/Build/ColourControl.o
LOAD c:/NXP/bstudio_nxp/workspace/ZigBee-LightLink-Test-1/Light_ColorTemperatureLight/Build/ColourControlClientCommands.o
LOAD c:/NXP/bstudio_nxp/workspace/ZigBee-LightLink-Test-1/Light_ColorTemperatureLight/Build/ColourControlCommandHandler.o
LOAD c:/NXP/bstudio_nxp/workspace/ZigBee-LightLink-Test-1/Light_ColorTemperatureLight/Build/ColourControlConversions.o
LOAD c:/NXP/bstudio_nxp/workspace/ZigBee-LightLink-Test-1/Light_ColorTemperatureLight/Build/dlist.o
LOAD c:/NXP/bstudio_nxp/workspace/ZigBee-LightLink-Test-1/Light_ColorTemperatureLight/Build/zcl.o
LOAD c:/NXP/bstudio_nxp/workspace/ZigBee-LightLink-Test-1/Light_ColorTemperatureLight/Build/zcl_CustomCommandReceive.o
LOAD c:/NXP/bstudio_nxp/workspace/ZigBee-LightLink-Test-1/Light_ColorTemperatureLight/Build/zcl_CustomCommandSend.o
LOAD c:/NXP/bstudio_nxp/workspace/ZigBee-LightLink-Test-1/Light_ColorTemperatureLight/Build/zcl_PDUbufferReadWrite.o
LOAD c:/NXP/bstudio_nxp/workspace/ZigBee-LightLink-Test-1/Light_ColorTemperatureLight/Build/zcl_PDUbufferReadWriteString.o
LOAD c:/NXP/bstudio_nxp/workspace/ZigBee-LightLink-Test-1/Light_ColorTemperatureLight/Build/zcl_WriteAttributesRequestHandle.o
LOAD c:/NXP/bstudio_nxp/workspace/ZigBee-LightLink-Test-1/Light_ColorTemperatureLight/Build/zcl_WriteAttributesRequestSend.o
LOAD c:/NXP/bstudio_nxp/workspace/ZigBee-LightLink-Test-1/Light_ColorTemperatureLight/Build/zcl_WriteAttributesResponseHandle.o
LOAD c:/NXP/bstudio_nxp/workspace/ZigBee-LightLink-Test-1/Light_ColorTemperatureLight/Build/zcl_attribute.o
LOAD c:/NXP/bstudio_nxp/workspace/ZigBee-LightLink-Test-1/Light_ColorTemperatureLight/Build/zcl_buffer.o
LOAD c:/NXP/bstudio_nxp/workspace/ZigBee-LightLink-Test-1/Light_ColorTemperatureLight/Build/zcl_clusterCommand.o
LOAD c:/NXP/bstudio_nxp/workspace/ZigBee-LightLink-Test-1/Light_ColorTemperatureLight/Build/zcl_command.o
LOAD c:/NXP/bstudio_nxp/workspace/ZigBee-LightLink-Test-1/Light_ColorTemperatureLight/Build/zcl_configureReportingCommandHandle.o
LOAD c:/NXP/bstudio_nxp/workspace/ZigBee-LightLink-Test-1/Light_ColorTemperatureLight/Build/zcl_configureReportingCommandSend.o
LOAD c:/NXP/bstudio_nxp/workspace/ZigBee-LightLink-Test-1/Light_ColorTemperatureLight/Build/zcl_configureReportingResponseHandle.o
LOAD c:/NXP/bstudio_nxp/workspace/ZigBee-LightLink-Test-1/Light_ColorTemperatureLight/Build/zcl_defaultResponse.o
LOAD c:/NXP/bstudio_nxp/workspace/ZigBee-LightLink-Test-1/Light_ColorTemperatureLight/Build/zcl_discoverAttributesExtendedRequestHandle.o
LOAD c:/NXP/bstudio_nxp/workspace/ZigBee-LightLink-Test-1/Light_ColorTemperatureLight/Build/zcl_discoverAttributesExtendedRequestSend.o
LOAD c:/NXP/bstudio_nxp/workspace/ZigBee-LightLink-Test-1/Light_ColorTemperatureLight/Build/zcl_discoverAttributesExtendedResponseHandle.o
LOAD c:/NXP/bstudio_nxp/workspace/ZigBee-LightLink-Test-1/Light_ColorTemperatureLight/Build/zcl_discoverAttributesRequestHandle.o
LOAD c:/NXP/bstudio_nxp/workspace/ZigBee-LightLink-Test-1/Light_ColorTemperatureLight/Build/zcl_discoverAttributesRequestSend.o
LOAD c:/NXP/bstudio_nxp/workspace/ZigBee-LightLink-Test-1/Light_ColorTemperatureLight/Build/zcl_discoverAttributesResponseHandle.o
LOAD c:/NXP/bstudio_nxp/workspace/ZigBee-LightLink-Test-1/Light_ColorTemperatureLight/Build/zcl_discoverCommandsRequestHandle.o
LOAD c:/NXP/bstudio_nxp/workspace/ZigBee-LightLink-Test-1/Light_ColorTemperatureLight/Build/zcl_discoverCommandsRequestSend.o
LOAD c:/NXP/bstudio_nxp/workspace/ZigBee-LightLink-Test-1/Light_ColorTemperatureLight/Build/zcl_discoverCommandsResponseHandle.o
LOAD c:/NXP/bstudio_nxp/workspace/ZigBee-LightLink-Test-1/Light_ColorTemperatureLight/Build/zcl_event.o
LOAD c:/NXP/bstudio_nxp/workspace/ZigBee-LightLink-Test-1/Light_ColorTemperatureLight/Build/zcl_heap.o
LOAD c:/NXP/bstudio_nxp/workspace/ZigBee-LightLink-Test-1/Light_ColorTemperatureLight/Build/zcl_library_options.o
LOAD c:/NXP/bstudio_nxp/workspace/ZigBee-LightLink-Test-1/Light_ColorTemperatureLight/Build/zcl_readAttributesRequestHandle.o
LOAD c:/NXP/bstudio_nxp/workspace/ZigBee-LightLink-Test-1/Light_ColorTemperatureLight/Build/zcl_readAttributesRequestSend.o
LOAD c:/NXP/bstudio_nxp/workspace/ZigBee-LightLink-Test-1/Light_ColorTemperatureLight/Build/zcl_readAttributesResponseHandle.o
LOAD c:/NXP/bstudio_nxp/workspace/ZigBee-LightLink-Test-1/Light_ColorTemperatureLight/Build/zcl_readReportingConfigurationCommandHandle.o
LOAD c:/NXP/bstudio_nxp/workspace/ZigBee-LightLink-Test-1/Light_ColorTemperatureLight/Build/zcl_readReportingConfigurationCommandSend.o
LOAD c:/NXP/bstudio_nxp/workspace/ZigBee-LightLink-Test-1/Light_ColorTemperatureLight/Build/zcl_readReportingConfigurationResponseHandle.o
LOAD c:/NXP/bstudio_nxp/workspace/ZigBee-LightLink-Test-1/Light_ColorTemperatureLight/Build/zcl_reportManager.o
LOAD c:/NXP/bstudio_nxp/workspace/ZigBee-LightLink-Test-1/Light_ColorTemperatureLight/Build/zcl_reportMaths.o
LOAD c:/NXP/bstudio_nxp/workspace/ZigBee-LightLink-Test-1/Light_ColorTemperatureLight/Build/zcl_reportScheduler.o
LOAD c:/NXP/bstudio_nxp/workspace/ZigBee-LightLink-Test-1/Light_ColorTemperatureLight/Build/zcl_reportStringHandling.o
LOAD c:/NXP/bstudio_nxp/workspace/ZigBee-LightLink-Test-1/Light_ColorTemperatureLight/Build/zcl_reportStructure.o
LOAD c:/NXP/bstudio_nxp/workspace/ZigBee-LightLink-Test-1/Light_ColorTemperatureLight/Build/zcl_search.o
LOAD c:/NXP/bstudio_nxp/workspace/ZigBee-LightLink-Test-1/Light_ColorTemperatureLight/Build/zcl_timer.o
LOAD c:/NXP/bstudio_nxp/workspace/ZigBee-LightLink-Test-1/Light_ColorTemperatureLight/Build/zcl_transmit.o
LOAD c:/NXP/bstudio_nxp/sdk/JN-SW-4168/Components/Library\libZPSMAC_Mini_JN516x.a
LOAD c:/NXP/bstudio_nxp/sdk/JN-SW-4168/Components/Library\libOS_JN516x.a
LOAD c:/NXP/bstudio_nxp/sdk/JN-SW-4168/Components/Library\libPWRM_JN516x.a
LOAD c:/NXP/bstudio_nxp/sdk/JN-SW-4168/Components/Library\libZPSTSV_JN516x.a
LOAD c:/NXP/bstudio_nxp/sdk/JN-SW-4168/Components/Library\libAES_SW_JN516x.a
LOAD c:/NXP/bstudio_nxp/sdk/JN-SW-4168/Components/Library\libPDUM_JN516x.a
LOAD c:/NXP/bstudio_nxp/sdk/JN-SW-4168/Components/Library\libZPSAPL_JN516x.a
LOAD c:/NXP/bstudio_nxp/sdk/JN-SW-4168/Components/Library\libRandom_JN516x.a
LOAD c:/NXP/bstudio_nxp/sdk/JN-SW-4168/Components/Library\libPDM_EEPROM_JN516x.a
LOAD c:/NXP/bstudio_nxp/sdk/JN-SW-4168/Components/Library\libDBG_JN516x.a
LOAD c:/NXP/bstudio_nxp/sdk/JN-SW-4168/Components/Library\libZPSZLL_JN516x.a
LOAD c:/NXP/bstudio_nxp/sdk/JN-SW-4168/Components/Library\libZPSNWK_JN516x.a
LOAD c:/NXP/bstudio_nxp/sdk/JN-SW-4168/Components/Library\libRecal_JN516x.a
LOAD c:/NXP/bstudio_nxp/sdk/JN-SW-4168/Components/Library\libMiniMac_JN516x.a
LOAD c:/NXP/bstudio_nxp/sdk/JN-SW-4168/Components/Library\libMiniMacShim_JN516x.a
LOAD c:/NXP/bstudio_nxp/sdk/JN-SW-4168/Components/Library\libMMAC_JN516x.a
LOAD c:/NXP/bstudio_nxp/sdk/JN-SW-4168/Components/Library\libAes_JN516x.a
LOAD c:/NXP/bstudio_nxp/sdk/JN-SW-4168/Components/Library\libHardwareApi_JN516x.a
LOAD c:/NXP/bstudio_nxp/sdk/JN-SW-4168/Components/Library\libMicroSpecific_JN516x.a
LOAD c:/NXP/bstudio_nxp/sdk/JN-SW-4168/Components/Library\libBoot_JN516x.a
LOAD c:/nxp/bstudio_nxp/sdk/tools/ba-elf-ba2-r36379/bin/../lib/gcc/ba-elf/4.7.4/../../../../ba-elf/lib/mcpu_jn51xx_sizeopt\libm.a
END GROUP
LOAD c:/nxp/bstudio_nxp/sdk/tools/ba-elf-ba2-r36379/bin/../lib/gcc/ba-elf/4.7.4/../../../../ba-elf/lib/mcpu_jn51xx_sizeopt\libc.a
LOAD c:/nxp/bstudio_nxp/sdk/tools/ba-elf-ba2-r36379/bin/../lib/gcc/ba-elf/4.7.4/mcpu_jn51xx_sizeopt\libgcc.a
LOAD c:/nxp/bstudio_nxp/sdk/tools/ba-elf-ba2-r36379/bin/../lib/gcc/ba-elf/4.7.4/../../../../ba-elf/lib/mcpu_jn51xx_sizeopt\libc.a
                0x0000000000080038                _exception_vsr_table = 0x80038
                0x0000000004000000                pSPIflashFncTable = 0x4000000
                0x0000000000000044                restore_state = 0x44
                0x000000000000004a                bZSPIWaitWIPClear = 0x4a
                0x0000000000000050                u16ZSPIflashRDID = 0x50
                0x0000000000000056                u8SelectFlashChipType = 0x56
                0x000000000000005c                memcpy = 0x5c
                0x0000000000000066                vBootFlashProg = 0x66
                [0x00000000000007d0]                __minimum_heap_size = DEFINED (__minimum_heap_size)?__minimum_heap_size:0xd16
                [0x0000000000001388]                __stack_size = DEFINED (__stack_size)?__stack_size:0x800
                0x0000000000000000                _SwConfig = (DEFINED (g_bSWConf_Debug) | (DEFINED (g_bSWConf_AltDebugPort) << 0x1))

.version        0x000000000007fffc        0x4
                0x000000000007fffc        0x4 LONG 0x7030008

.bir            0x0000000000080000       0x10
                0x0000000000080000                _flash_start = ABSOLUTE (.)
                0x0000000000080000                _flash_beg = ABSOLUTE (.)
                0x0000000000080000        0x4 LONG 0x12345678
                0x0000000000080004        0x4 LONG 0x11223344
                0x0000000000080008        0x4 LONG 0x55667788
                0x000000000008000c        0x1 BYTE 0x8
                0x000000000008000d        0x1 BYTE 0x1
                0x000000000008000e        0x2 SHORT 0x0

.flashheader    0x0000000000080010       0x28
                0x0000000000080010        0x4 LONG 0x0
                0x0000000000080014        0x4 LONG 0x0
                0x0000000000080018        0x4 LONG 0x0
                0x000000000008001c        0x2 SHORT 0x0
                0x000000000008001e        0x2 SHORT 0x0 ABSOLUTE (_SwConfig)
                0x0000000000080020                _enc_start = ABSOLUTE (.)
                0x0000000000080020        0x4 LONG 0x25f4c ABSOLUTE (_image_len)
                0x0000000000080024        0x4 LONG 0xa5598 ABSOLUTE (_flash_data_start)
                0x0000000000080028        0x2 SHORT 0x13 ((ABSOLUTE (_ram_data_start) / 0x4) & 0xffff)
                0x000000000008002a        0x2 SHORT 0x26d ((ABSOLUTE (_ram_data_len) / 0x4) & 0xffff)
                0x000000000008002c        0x2 SHORT 0x280 ((ABSOLUTE (_bss_start) / 0x4) & 0xffff)
                0x000000000008002e        0x2 SHORT 0xf60 ((ABSOLUTE (_bss_len) / 0x4) & 0xffff)
                0x0000000000080030        0x4 LONG 0xa1f38 ABSOLUTE (AppWarmStart)
                0x0000000000080034        0x4 LONG 0xa1f52 ABSOLUTE (AppColdStart)
                0x0000000000000000                _enc_offset = (_enc_start & 0xf)

.ro_mac_address
                0x0000000000080040        0x0
                0x0000000000080040                _FlsMACAddress = ABSOLUTE (.)
 *(.ro_mac_address)
                0x0000000000080040                . = ALIGN (0x10)

.ro_ota_header  0x0000000000080040        0x0
                0x0000000000080040                _FlsOtaHeader = ABSOLUTE (.)
 *(.ro_ota_header)
                0x0000000000080040                . = ALIGN (0x10)

.ro_se_lnkKey   0x0000000000080040        0x0
                0x0000000000080040                _FlsLinkKey = ABSOLUTE (.)
 *(.ro_se_lnkKey)
                0x0000000000080040                . = ALIGN (0x10)

.rodata         0x0000000000080038      0xe44
 *(.rodata*)
 .rodata.str1.1
                0x0000000000080038       0x1f C:\Users\brend\AppData\Local\Temp\ccheh5G2.ltrans0.ltrans.o
 *fill*         0x0000000000080057        0x1 00
 .rodata        0x0000000000080058      0x13c C:\Users\brend\AppData\Local\Temp\ccheh5G2.ltrans0.ltrans.o
                0x0000000000080058                gMAC_u8MaxBuffers
                0x000000000008005c                g_u32ApsFcSaveCountBitShift
                0x0000000000080060                u8MaxZpsConfigEp
                0x0000000000080061                au8EpMapPresent
                0x0000000000080064                s_groupPdmTable
 .rodata.str1.1
                0x0000000000000000       0x1f C:\Users\brend\AppData\Local\Temp\ccheh5G2.ltrans1.ltrans.o
                                          0x8 (size before relaxing)
 .rodata        0x0000000000080194       0x30 C:\Users\brend\AppData\Local\Temp\ccheh5G2.ltrans1.ltrans.o
 .rodata.str1.1
                0x0000000000000000       0x1f C:\Users\brend\AppData\Local\Temp\ccheh5G2.ltrans2.ltrans.o
                                          0x7 (size before relaxing)
 .rodata.str1.1
                0x00000000000801c4       0xb7 C:\Users\brend\AppData\Local\Temp\ccheh5G2.ltrans3.ltrans.o
 .rodata        0x000000000008027b        0x8 C:\Users\brend\AppData\Local\Temp\ccheh5G2.ltrans3.ltrans.o
 .rodata.str1.1
                0x0000000000080283        0x6 C:\Users\brend\AppData\Local\Temp\ccheh5G2.ltrans4.ltrans.o
 .rodata.str1.1
                0x0000000000080289       0x19 C:\Users\brend\AppData\Local\Temp\ccheh5G2.ltrans5.ltrans.o
                                         0x20 (size before relaxing)
 .rodata.str1.1
                0x00000000000802a2       0x11 C:\Users\brend\AppData\Local\Temp\ccheh5G2.ltrans6.ltrans.o
                                         0x20 (size before relaxing)
 *fill*         0x00000000000802b3        0x1 00
 .rodata        0x00000000000802b4       0x18 C:\Users\brend\AppData\Local\Temp\ccheh5G2.ltrans8.ltrans.o
                0x00000000000802b4                au32NwkPdmRecordOffsets
 .rodata        0x00000000000802cc       0x24 C:\Users\brend\AppData\Local\Temp\ccheh5G2.ltrans9.ltrans.o
                0x00000000000802cc                au8FlashWaitStatesHSRCO.148388
                0x00000000000802d4                au8FlashWaitStates32MXO.148387
 .rodata.str1.1
                0x00000000000802f0        0x8 C:\Users\brend\AppData\Local\Temp\ccheh5G2.ltrans10.ltrans.o
                                         0x2c (size before relaxing)
 .rodata.str1.1
                0x0000000000000000        0x8 C:\Users\brend\AppData\Local\Temp\ccheh5G2.ltrans12.ltrans.o
                                          0x6 (size before relaxing)
 .rodata        0x00000000000802f8       0x4c C:\Users\brend\AppData\Local\Temp\ccheh5G2.ltrans12.ltrans.o
                0x00000000000802f8                g_u32NwkFcSaveCountBitShift
 .rodata.str1.1
                0x0000000000080344        0x5 C:\Users\brend\AppData\Local\Temp\ccheh5G2.ltrans14.ltrans.o
 .rodata        0x0000000000080349      0x107 C:\Users\brend\AppData\Local\Temp\ccheh5G2.ltrans14.ltrans.o
                0x0000000000080349                au8ZLLChannelSet
 .rodata.str1.1
                0x0000000000000000        0x3 C:\Users\brend\AppData\Local\Temp\ccheh5G2.ltrans15.ltrans.o
 .rodata.str1.1
                0x0000000000080450        0x4 C:\Users\brend\AppData\Local\Temp\ccheh5G2.ltrans16.ltrans.o
                                          0x8 (size before relaxing)
 .rodata        0x0000000000080454       0x20 C:\Users\brend\AppData\Local\Temp\ccheh5G2.ltrans17.ltrans.o
                0x000000000008045c                au32UartAddrOffset
 .rodata.str1.1
                0x0000000000080474        0x3 C:\Users\brend\AppData\Local\Temp\ccheh5G2.ltrans17.ltrans.o
 .rodata.str1.1
                0x0000000000000000        0x4 C:\Users\brend\AppData\Local\Temp\ccheh5G2.ltrans19.ltrans.o
 .rodata.str1.1
                0x0000000000000000        0x3 C:\Users\brend\AppData\Local\Temp\ccheh5G2.ltrans20.ltrans.o
                                          0xb (size before relaxing)
 .rodata        0x0000000000080477        0x7 C:\Users\brend\AppData\Local\Temp\ccheh5G2.ltrans20.ltrans.o
                0x0000000000080477                u8MacNwkTriesTimeout
 *fill*         0x000000000008047e        0x2 00
 .rodata        0x0000000000080480      0x1fc C:\Users\brend\AppData\Local\Temp\ccheh5G2.ltrans21.ltrans.o
                0x0000000000080480                s_apsStSceTbl.129679
                0x0000000000080494                s_aprIdleStHandleCme.139660
                0x00000000000804a8                s_aprActvStHandleCme.135792
                0x0000000000080500                zps_sJoinSceTbl
                0x000000000008050c                zps_sActvSceTbl
 .rodata.str1.1
                0x000000000008067c        0x5 C:\Users\brend\AppData\Local\Temp\ccheh5G2.ltrans23.ltrans.o
                                         0x13 (size before relaxing)
 .rodata.str1.1
                0x0000000000080681       0x27 C:\Users\brend\AppData\Local\Temp\ccheh5G2.ltrans24.ltrans.o
                                         0x4a (size before relaxing)
 .rodata.str1.1
                0x0000000000000000       0x27 C:\Users\brend\AppData\Local\Temp\ccheh5G2.ltrans25.ltrans.o
                                          0x6 (size before relaxing)
 .rodata        0x00000000000806a8      0x318 C:\Users\brend\AppData\Local\Temp\ccheh5G2.ltrans26.ltrans.o
                0x00000000000808a8                gu32ZCLVersion
                0x00000000000808ac                OS_g_u32Version
                0x00000000000808b0                PDUM_g_u32Version
                0x00000000000808b4                ZPS_g_u32MacVersion
                0x00000000000808b8                ZPS_g_u32TsvVersion
 .rodata.str1.1
                0x00000000000809c0       0x2a C:\Users\brend\AppData\Local\Temp\ccheh5G2.ltrans28.ltrans.o
                                         0x4f (size before relaxing)
 .rodata.str1.1
                0x0000000000000000       0x2a C:\Users\brend\AppData\Local\Temp\ccheh5G2.ltrans29.ltrans.o
                                          0x8 (size before relaxing)
 .rodata        0x00000000000809ea       0x10 C:\Users\brend\AppData\Local\Temp\ccheh5G2.ltrans30.ltrans.o
 .rodata.str1.1
                0x00000000000809fa       0x8e C:\Users\brend\AppData\Local\Temp\ccheh5G2.ltrans31.ltrans.o
 .rodata        0x0000000000080a88      0x3f4 C:\Users\brend\AppData\Local\Temp\ccheh5G2.ltrans31.ltrans.o
                0x0000000000080a88                zps_g_pvApl
                0x0000000000080a8c                au32TimerBaseAddress
                0x0000000000080aa0                pwrm_psWakeupCallbacks

.text           0x0000000000080e80    0x24716
 *(.text*)
 .text          0x0000000000080e80     0x1e40 C:\Users\brend\AppData\Local\Temp\ccheh5G2.ltrans0.ltrans.o
                0x0000000000080e80                vInitialiseApp.3306
                0x0000000000080e80                APP_TIMER_Version_1v0
 .text          0x0000000000082cc0     0x170e C:\Users\brend\AppData\Local\Temp\ccheh5G2.ltrans1.ltrans.o
                0x0000000000082cc0                DBG_iUartGetChar
                0x0000000000082d10                vMMAC_IntHandlerBbc
                0x0000000000082d2a                eBasicTxCompleteHandler
                0x0000000000082d2f                vTxRxTimeout.145871
                0x0000000000082d8c                eSmeAcScBeaconInd.137755
                0x0000000000082de8                eSmeASFlBeaconInd.137590
                0x0000000000082e0a                eSmeUDNTScanDcfm.137040
                0x0000000000082e26                vPermitJoinHandleExpiry.132591
                0x0000000000082e2f                vNwkMcpsTimerCallback
                0x0000000000082e49                zps_eSceGenlIllegal
                0x0000000000082e50                zps_eSmeGenlIllegal
                0x0000000000082e57                DBG_vUartFailedAssert
                0x0000000000082ec6                boSearchForWearCountSubstitute.123061
                0x0000000000082eec                pvHeap_Alloc
                0x0000000000082eee                vMicroIntRestoreState
                0x0000000000082efa                bAHI_WriteEEPROMfixSegmentData
                0x0000000000082f58                bAHI_InitialiseEEPROM
                0x0000000000082fa0                vAHI_ReadDataFromEEPROMregister
                0x0000000000082fcd                vAHI_WriteDataIntoEEPROMregister
                0x0000000000082ffd                iPDM_WriteSegmentHeaderDataIntoEEPROMsegment
                0x000000000008302c                u8AHI_WakeTimerFiredStatus
                0x0000000000083040                vAHI_WakeTimerStop.part.3.148882
                0x0000000000083060                vAHI_UartReset.part.4.148636
                0x0000000000083098                vAHI_ClockXtalPull
                0x00000000000830b5                vAHI_OptimiseWaitStates
                0x0000000000083101                bAHI_GetClkSource
                0x000000000008310e                vAHI_CpuDoze
                0x0000000000083121                vAHI_SwReset
                0x0000000000083152                vAHI_DioSetOutput
                0x0000000000083166                bAHI_APRegulatorEnabled
                0x0000000000083173                bIssueACIcommand
                0x0000000000083209                vACI_CmdWaitBusy
                0x0000000000083216                vEcbEncodeStripe.148008
                0x000000000008326d                vRadioToOff
                0x000000000008328a                psSearchForFrameToSend
                0x00000000000832e1                eMiniMac_FrameInProgress
                0x000000000008330c                vRemoveFromTxQueue
                0x0000000000083348                vAddToTxQueue
                0x000000000008337e                u8GetHeaderSize
                0x00000000000833a6                vMiniMac_PLME_SetReq_CcaMode
                0x00000000000833ba                vMiniMac_MLME_SetReq_MaxCsmaBackoffs
                0x00000000000833da                vMiniMac_MLME_SetReq_MaxBe
                0x00000000000833fd                vMiniMac_MLME_SetReq_MinBe
                0x0000000000083420                zps_psFormatCmdFrameGeneral
                0x00000000000834ad                zps_eNwkFormStInit
                0x00000000000834c2                bCheckMatchingEntry.137750
                0x00000000000834e8                zps_psNwkSlistRemoveFromHead
                0x00000000000834ff                zps_psNwkSlistRemove
                0x0000000000083537                zps_bNwkMcpsMgrRemoveDescrFromLists
                0x0000000000083575                zps_vNwkSlistAddToTail
                0x000000000008358f                zps_vNwkSecClearMatSet
                0x00000000000835b9                ZPS_bNwkSecHaveNetworkKey
                0x00000000000835ed                ZPS_bNwkSecFindMatSet
                0x0000000000083629                zps_eNwkRctMatchNwkAddr
                0x0000000000083693                ZPS_u8NwkCalcNldeReqOverhead
                0x00000000000836ce                zps_vRemoveNextHop
                0x0000000000083783                zps_vRemoveRoute
                0x000000000008381a                zps_psNwkRtMatchNwkAddr
                0x0000000000083890                zps_vNwkFreeMcpsHandle
                0x00000000000838ba                zps_psNwkMcpsMgrFindPendingByNwkDstAddr
                0x00000000000838d0                ZPS_u64NwkNibGetMappedIeeeAddr
                0x00000000000838f2                ZPS_vNwkSecResetDevice
                0x0000000000083937                ZPS_bNwkNibNtActvMatch
                0x00000000000839ef                bCheckNwkAddr
                0x0000000000083a3d                ZPS_vSetExtendedStatus
                0x0000000000083a4f                zps_eNwkRtMatch
                0x0000000000083b68                zps_psApsApsAllocateDcfmRecord
                0x0000000000083bd6                zps_u8CalcLinkCost
                0x0000000000083c12                ZPS_u8NwkNibNtDiscMatch
                0x0000000000083cf6                zps_u64NwkLibFromPayload
                0x0000000000083e93                eSmeAcScBeaconInd.137598
                0x0000000000083f9b                eSmeUDNTBeaconInd.137574
                0x0000000000083fbe                zps_vNwkLibU64ToPayload
                0x0000000000083feb                zps_vInitBeaconPayload
                0x0000000000084067                zps_eNwkDcfmIndPost
                0x000000000008408a                zps_psNwkDcfmIndGetBuf
                0x00000000000840ac                zps_eNwkHandleSmePollDcfm
                0x00000000000840d6                eLeaveDataDcfmRemoteLeave.142337
                0x000000000008411f                zps_vSendJoinInd
                0x000000000008418f                vSendDcfm.138276
                0x00000000000841b3                eSmeEdScScanDcfm.137578
                0x00000000000841fc                eSmeGenlScanDcfm.137582
                0x000000000008425a                eRouteRequestDataDcfm.133763
                0x00000000000842ae                eNldeDataDcfm.131598
                0x00000000000842de                zps_vSendNwkStatusInd
                0x000000000008430f                DBG_vInit
                0x0000000000084351                vPDM_ReadBitmapHeader.123175
                0x0000000000084370                u8PDM_CalculateFileSystemCapacity
                0x000000000008438e                psSLISTsearch
 .text          0x00000000000843ce     0x1717 C:\Users\brend\AppData\Local\Temp\ccheh5G2.ltrans2.ltrans.o
                0x00000000000843ce                APP_ZCL_cbEndpointCallback.5999
                0x00000000000845b8                OS_eEnterCriticalSection
                0x0000000000084680                PDUM_hAPduAllocateAPduInstance
                0x00000000000846f4                zps_eAplZdoSendZdpResponse
                0x000000000008473d                bSendResponse.96751
                0x0000000000084780                PDUM_eAPduFreeAPduInstance
                0x0000000000084803                zps_bAplZdoMatchDescServer.part.0.84934
                0x0000000000084abf                zps_bAplZdoNodeDescServer
                0x0000000000084c2b                zps_bAplZdoSimpleDescServer
                0x0000000000084e8c                zps_bAplZdoPowerDescServer
                0x0000000000084fa9                zps_bAplZdoActiveEpServer
                0x0000000000085092                zps_bAplZdoSystemServerDiscoveryServer
                0x000000000008511b                zps_bAplZdoMgmtLqiServer
                0x0000000000085347                zps_bAplZdoMgmtRtgServer
                0x000000000008548d                PDM_eReadDataFromRecord
                0x000000000008550f                vLoadAplRecord.73101
                0x000000000008553d                vLoadNwkRecord.130376
                0x0000000000085575                ZPS_eTsvStart
                0x00000000000855d0                zps_eAplZdoBdrmRequestSend
                0x000000000008564b                zps_eNwkHandleSceNwkUpdate
                0x000000000008566f                vProcessTimedList.129432
                0x00000000000856b5                zps_vNwkMcpsMgrPostTimed
                0x00000000000856c8                vNwkMcpsSendTimedDfcm
                0x000000000008570c                zps_vAplAfPostTimerEvent
                0x0000000000085788                zps_vExpireOldRoutes
                0x0000000000085811                zps_vNwkJoinStStartResponseTimer
                0x000000000008584b                ZPS_eTsvStop
                0x000000000008589f                zps_vNwkHandleCmePermitJoinReq
                0x0000000000085907                zps_eNwkBtrMatch
                0x0000000000085a04                zps_vAplApsStopPollTimer.part.2.66508
                0x0000000000085a8b                eHandleRemoveBroadcastEndpointsFromGroup.68028
 *fill*         0x0000000000085ae5        0x3 00
 .text          0x0000000000085ae8     0x1244 C:\Users\brend\AppData\Local\Temp\ccheh5G2.ltrans3.ltrans.o
                0x0000000000085b8f                eZCL_SetReceiveEventAddressStructure
                0x0000000000085c0e                dbg_vPrintfImplNoneVerbose
                0x0000000000086095                vfExtendedStatusCallBack
                0x00000000000860a0                vUnclaimedInterrupt.3308
                0x00000000000860b2                vOSError.3310
                0x00000000000860fa                DBG_vDumpStack
                0x000000000008613c                eCLD_ColourControlHandleColourModeChange
                0x000000000008619f                eCLD_ColourControlUpdate
                0x00000000000863c4                eCLD_ColourControlSceneEventHandler.38110
                0x00000000000863f5                eCLD_ScenesRemoveAllScenes
                0x00000000000864a6                eCLD_ScenesUpdate
                0x000000000008676d                eCLD_OnOffGetState
                0x000000000008679c                eCLD_LevelControlUpdate
                0x0000000000086a42                eCLD_LevelControlStopTransition
                0x0000000000086a7f                eCLD_LevelControlSetOnOffState
                0x0000000000086bbc                eCLD_LevelControlClusterIsPresent
                0x0000000000086bd3                eCLD_GroupsSetIdentifying
                0x0000000000086bf6                vCLD_IdentifyTimerClickCallback.16111
                0x0000000000086c7d                eCLD_OnOffSetGlobalSceneControl.constprop.22
                0x0000000000086cb1                APP_vHandleIdentify
 .text          0x0000000000086d2c     0x133e C:\Users\brend\AppData\Local\Temp\ccheh5G2.ltrans4.ltrans.o
                0x0000000000086d75                zps_vAplSaveRecord
                0x0000000000086ea5                zps_bNwkFindAddIeeeAddr
                0x0000000000087023                zps_vJoinInitNtParent
                0x0000000000087179                eCheckAddrConflict.isra.4.128741
                0x000000000008720f                vAplSecRemoveLinkKey.73167
                0x000000000008728c                ZPS_vNwkSaveAllRecords
                0x00000000000872a3                zps_vSaveAllZpsRecords
                0x00000000000872c2                ZPS_vNwkNibSetNwkAddr
                0x00000000000872e0                zps_eNwkHandleSceRejnResponse
                0x000000000008733d                ZPS_vNwkNibSetExtPanId
                0x0000000000087361                ZPS_vNwkNibSetKeySeqNum
                0x0000000000087375                ZPS_vNwkNibSetDepth
                0x000000000008739e                ZPS_vNwkNibSetUpdateId
                0x00000000000873ad                vSendNetworkUpdate.128508
                0x00000000000874dd                ZPS_vNwkNibSetPanId
                0x00000000000874fb                ZPS_vNwkNibSetCapabilityInfo
                0x0000000000087528                ZPS_vNwkNibSetChannel
                0x0000000000087540                zps_u8NwkHandleRejoinReq
                0x0000000000087609                vContinueRejoin.140132
                0x00000000000876b0                zps_vProcessLocalAddrConflict
                0x000000000008775b                zps_vBuildSortedActvNTList
                0x0000000000087819                zps_sNwkNibNtCheckJoin
                0x0000000000087ac2                zps_vNwkHandleCmeDirectJoinReq
                0x0000000000087b41                zps_vCheckActvNtForDuplicate
                0x0000000000087bde                vFinish.141339
                0x0000000000087c34                eSmeOrphScanDcfm.141349
                0x0000000000087cac                zps_eNwkHandleSceLeave
                0x0000000000087e6e                zps_vCleanUnAuthenHandleExpiry
                0x0000000000087f70                eUnsolicitedRejoinRspDataDcfm.128516
                0x0000000000087f9b                eRejoinRspDataDcfm.140136
 .text          0x000000000008806a     0x14d4 C:\Users\brend\AppData\Local\Temp\ccheh5G2.ltrans5.ltrans.o
                0x000000000008806a                zps_eNwkHandleSceLinkStatus
                0x000000000008819e                zps_psFindKeyDescr
                0x00000000000882d2                zps_eAplSecEncryptPacket
                0x00000000000883c1                eUnfragmentedUnicastTransmission.66602
                0x000000000008871b                zps_eAplSendApsmeCmdFrame
                0x000000000008888c                vHandleTransportKeyFrame.69396
                0x0000000000088a6b                vApsmeResendTimeOutHandler
                0x0000000000088a9a                ZPS_bNwkNibAddrMapAddEntry
                0x0000000000088c61                zps_vAgeRouter
                0x0000000000088c9f                zps_eNwkHandleSdeActvDcfmData
                0x0000000000088e29                vMcpsMgrTimeoutExpiry
                0x0000000000088e98                zps_eDefaultDataDcfm
                0x000000000008906d                zps_vLinkStatusHandleExpiry
                0x000000000008910f                zps_eNwkHandleSceRouteRequest
 .text.unlikely
                0x000000000008953e       0x5f C:\Users\brend\AppData\Local\Temp\ccheh5G2.ltrans5.ltrans.o
                0x000000000008953e                vInitUnknownNeighbor.129416
 .text          0x000000000008959d     0x141a C:\Users\brend\AppData\Local\Temp\ccheh5G2.ltrans6.ltrans.o
                0x000000000008959d                vPDM_MoveFileRecordFromListToList
                0x00000000000895c1                vPDM_MoveRecordToDeAllocList
                0x00000000000895e1                vIncrementFrameCounterInPdm.isra.0.130810
                0x00000000000897c0                vProcessListsForSubmission.129520
                0x0000000000089a7a                zps_vNwkMcpsMgrPost
                0x0000000000089a9e                zps_psNwkInitiateRouteDiscovery
                0x0000000000089dd6                zps_psSendFrm
                0x000000000008a0f2                zps_psSendBroadcastFrm
                0x000000000008a188                zps_eNwkHandleSceRouteRecord
                0x000000000008a25c                zps_psNwkSendRejoinReqCmd.constprop.8
                0x000000000008a2cc                zps_psSendNetworkStatusCmd
                0x000000000008a339                vSendNetworkReport.128504
                0x000000000008a413                psSendRouteReplyCmd.133745
                0x000000000008a525                zps_eNwkHandleSceRouteReply
                0x000000000008a864                zps_psNwkPropagateLocalLeave
                0x000000000008a88c                zps_vNwkHandleCmeLeaveReq
                0x000000000008a95a                iPDM_SegmentCopyAndAppendData.constprop.139
 .text          0x000000000008a9b7     0x134c C:\Users\brend\AppData\Local\Temp\ccheh5G2.ltrans7.ltrans.o
                0x000000000008a9b7                DBG_vUartFlush
                0x000000000008a9e4                DBG_vUartPutch
                0x000000000008aa2a                os_u32APP_cbGetTickTimer
                0x000000000008aa33                os_bAPP_cbSetTickTimerCompare
                0x000000000008abe2                vMiniMac_NextTransaction
                0x000000000008ac89                eTransmit
                0x000000000008ad66                vMiniMac_TxComplete
                0x000000000008ae4c                vTimerFired
                0x000000000008af04                eCLD_ScenesSaveClusters.constprop.36
                0x000000000008b193                vDispatch.60777
                0x000000000008b265                OS_eStartSWTimer.constprop.140
                0x000000000008b384                os_vAPP_RadioRecal
                0x000000000008b411                OS_eStopSWTimer
                0x000000000008b534                OS_ePostMessage
                0x000000000008b69a                os_vAPP_DiscoveryTimerTask
                0x000000000008b6e1                os_vAPP_CommissionTimerTask
                0x000000000008b6f7                OS_eExitCriticalSection
                0x000000000008b7dc                OS_eActivateTask
                0x000000000008b877                vPostMlmeDcfmInd.79912
                0x000000000008b91a                PWRM_vWakeInterruptCallback
                0x000000000008b9a1                u16ZCL_ReadTypeNBO
                0x000000000008ba56                u16ZCL_APduInstanceReadNBO
                0x000000000008baa7                u16ZCL_ReadCommandHeader.part.0.45046
                0x000000000008bb1e                eCLD_BasicCommandHandler
                0x000000000008bb4a                vRGBLight_SetLevels
                0x000000000008bb70                u16ZCL_APduInstanceWriteNBO
                0x000000000008bbc4                u16ZCL_WriteCommandHeader
                0x000000000008bc3c                u16ZCL_APduInstanceWriteStringNBO
 .text          0x000000000008bd03      0xff3 C:\Users\brend\AppData\Local\Temp\ccheh5G2.ltrans8.ltrans.o
                0x000000000008bd03                zps_vNwkHandleCmeRouteDiscoveryReq
                0x000000000008bd89                vPDM_MoveAllDataFromListToList
                0x000000000008bdc7                vPDM_MoveAllDataWithBufferIdAndStateFromListToList
                0x000000000008be52                vPDM_MoveAllDataToDeAllocList
                0x000000000008be7a                iPDM_ReconstructReplacedDataTable
                0x000000000008c0f9                vPDM_ImageBitmapRepair.122233
                0x000000000008c15a                vPDM_MoveAllDataWithBufferIdFromListToList
                0x000000000008c1df                vPDM_DeleteAppendedSequence
                0x000000000008c284                PDM_eSaveRecordData
                0x000000000008c6b9                ZPS_vNwkSaveRecord
                0x000000000008c6e5                ZPS_vNwkSaveNt
                0x000000000008c6f8                ZPS_vNwkPurgeMacAddressAndRelatedEntries
                0x000000000008c7fe                ZPS_vNtSetUsedStatus
                0x000000000008c8a5                zps_eNwkHandleSmeCommStatusInd
                0x000000000008c959                ZPS_vNwkSaveSecMat
                0x000000000008c9a9                vPDM_DeleteSegmentsWithIdFromFileSystem
                0x000000000008c9ca                ZPS_vNwkResetOutgoingFrameCounter
                0x000000000008ca0f                ZPS_vNwkHandleNldeReqRsp
                0x000000000008cbef                zps_eAplApsmeCmdMgrSendCommand
                0x000000000008cccc                zps_vAplApsmeCmdMgrRetryTimeout.68001
 .text          0x000000000008ccf6     0x105f C:\Users\brend\AppData\Local\Temp\ccheh5G2.ltrans9.ltrans.o
                0x000000000008ccf6                vZdoServersInit.3037
                0x000000000008ce35                boIdValueSearchMatch.122318
                0x000000000008ce8f                u16ZCL_APduInstanceReadStringNBO
                0x000000000008cf64                eZCL_GetAttributeTypeSizeFromBuffer
                0x000000000008cfdb                iPDM_ReadSegmentHeaderDataFromEEPROMsegment
                0x000000000008d034                iPDM_ReadUserDataFromEEPROMsegment
                0x000000000008d0ae                iPDM_ReCalculateWearCountAndChecksumAndWriteFileSystemHeader
                0x000000000008d0f8                vPDM_SetEEPROMandFileSystemValidState
                0x000000000008d11f                iPDM_ReadUserDataFromFileSystemRecord
                0x000000000008d13f                DriverBulb_vOn
                0x000000000008d15d                DriverBulb_vOff
                0x000000000008d179                vPDM_WriteFileSystemRecordAndSegmentDataIntoEEPROMsegment
                0x000000000008d1b5                iPDM_FilterDuplicateAppendedSegmentsOnList.123490
                0x000000000008d1f9                eCLD_ScenesFindActiveScene
                0x000000000008d22e                ZPS_bIsMacAddressUsedInApsTable
                0x000000000008d2e4                eCLD_GroupsCheckGroupExists
                0x000000000008d351                ZPS_eTsvOpen
                0x000000000008d36b                zps_vNwkBttMgrInit
                0x000000000008d399                ZPS_vNwkNibClearTables
                0x000000000008d4ba                vAHI_ApConfigure.part.0.148082.constprop.138
                0x000000000008d4f0                vMiniMac_MLME_SetReq_PanId
                0x000000000008d52d                vMiniMac_MLME_SetReq_ShortAddr
                0x000000000008d53b                psDLISTsearchFromHead
                0x000000000008d564                eCLD_ScenesAddScene
                0x000000000008d644                eCLD_ScenesFindScene
                0x000000000008d6a0                iAHI_WriteDataIntoEEPROMsegment.constprop.130
                0x000000000008d6ee                vZCL_InitializeClusterInstance.constprop.123
                0x000000000008d6ff                pvZCL_HeapAlloc.part.0.52407.constprop.107
                0x000000000008d738                vMicroIntEnableOnly.constprop.98
                0x000000000008d764                vSetChannelAndPower
                0x000000000008d802                vMiniMac_PLME_SetReq_Power
                0x000000000008d816                vMiniMac_PLME_SetReq_Channel
                0x000000000008d81e                TSV_eStart
                0x000000000008d86e                bAHI_SetClockRate.part.0.148308.constprop.73
                0x000000000008d8e9                vAHI_DioSetDirection.constprop.70
                0x000000000008d8f7                vAHI_TimerEnable.part.1.148417.constprop.65
                0x000000000008d956                vLI_Start.constprop.59
                0x000000000008d9ae                vACI_OptimisedCcmStar.constprop.54
                0x000000000008db99                zps_eNwkRtDiscMatch.constprop.51
                0x000000000008dbec                bACI_ECBencodeBuffer.part.0.147972.constprop.49
                0x000000000008dc4c                vCLD_ColourControl_xyY2CCT.constprop.35
                0x000000000008dcee                vMiniMac_ReturnTxBufferCallback
                0x000000000008dd00                vEnableReceive.145875
                0x000000000008dd3a                vStartReceive
 .text.unlikely
                0x000000000008dd55       0x43 C:\Users\brend\AppData\Local\Temp\ccheh5G2.ltrans9.ltrans.o
                0x000000000008dd55                vAHI_MemoryHold.148316
 .text          0x000000000008dd98     0x1170 C:\Users\brend\AppData\Local\Temp\ccheh5G2.ltrans10.ltrans.o
                0x000000000008dd98                vHandleZllDeviceJoin
                0x000000000008dee5                vPostNldeDcfmInd.64032
                0x000000000008e9d4                iPDM_SelectValidFileRecordInstance.122159
                0x000000000008eac0                vSaveScenesNVM
                0x000000000008eb63                eCLD_GroupsRemoveAllGroups
                0x000000000008ec1d                vRemoveAllGroupsAndScenes
                0x000000000008ec2f                vManagePowerOnCountInit
                0x000000000008ec78                os_vAPP_vManagePowerOnCount
                0x000000000008ecd0                vPickChannel.4571
                0x000000000008ed2d                zps_eAplZdoGroupEndpointRemove
                0x000000000008edc5                zps_eAplApsmeUpdateDeviceReqRsp.part.4.68166
 .text          0x000000000008ef08     0x127c C:\Users\brend\AppData\Local\Temp\ccheh5G2.ltrans11.ltrans.o
                0x000000000008ef08                vMcpsMgrExpiry.129404
                0x000000000008ef67                vMiniMac_MlmeCallback
                0x000000000008f253                vSendMlmeCommStatusFromTxFrame
                0x000000000008f2a9                MAC_vHandleMlmeVsReqRsp.constprop.92
                0x000000000008fad5                vScanBeaconReceived
                0x000000000008fb14                vPostDcfm.146662
                0x000000000008fb7d                vScanNextChannel.146668
                0x000000000008fd87                vRunningRxCallback
                0x00000000000900e0                iPDM_VerifyDataSequenceWithBufferId
 .text          0x0000000000090184     0x110d C:\Users\brend\AppData\Local\Temp\ccheh5G2.ltrans12.ltrans.o
                0x00000000000901ec                zps_vNwkHandleCmeActvStartRouterReq
                0x0000000000090328                vHandleNwkLocalUpdateAfterBcast.128521
                0x000000000009037c                vHandleNwkRemoteUpdateAfterBcast.128512
                0x00000000000903d0                eSmeAcScScanDcfm.138280
                0x000000000009069e                ZPS_pvNwkCtor.constprop.89
                0x0000000000090c21                ZPS_vNwkHandleNlmeReqRsp
                0x0000000000090c9e                zps_vAplAfPostEvent
                0x0000000000090e8b                zps_eAplZdoLeaveNetwork.constprop.60
                0x0000000000090eb6                zps_bAplZdoMgmtLeaveServer
                0x0000000000091036                zps_eAplZdoNlmePermitJoiningWrapper
                0x000000000009105e                zps_bAplZdoPermitJoiningServer
                0x00000000000910f8                vChangeChannelTimerExpiry.97932
                0x000000000009115b                eLeaveReset.142332
                0x00000000000911c6                eLeaveDataDcfmLocalLeave.142342
                0x0000000000091240                zps_eAplZdoZllStartRouter
 .text          0x0000000000091291     0x1029 C:\Users\brend\AppData\Local\Temp\ccheh5G2.ltrans13.ltrans.o
                0x0000000000091291                eCLD_ScenesCommandHandler
 *fill*         0x00000000000922ba        0x2 00
 .text          0x00000000000922bc     0x11d4 C:\Users\brend\AppData\Local\Temp\ccheh5G2.ltrans14.ltrans.o
                0x0000000000092303                os_vAPP_Commission_Task
                0x0000000000093148                os_vAPP_ZPR_Light_Task
 .text          0x0000000000093490     0x12a8 C:\Users\brend\AppData\Local\Temp\ccheh5G2.ltrans15.ltrans.o
                0x0000000000093490                zps_bAplZdoBindRequestServer
                0x00000000000935cb                psGetVsMcpsBuf.79916
                0x00000000000935d4                psGetMlmeBuf.79909
                0x000000000009361b                psGetNlmeBuf.64008
                0x0000000000093625                psGetNldeBuf.64029
                0x000000000009362f                psGetApsmeBuf.64015
                0x0000000000093638                psGetApsdeBuf.64022
                0x0000000000093751                os_bDummyMemberCheck.60787
                0x0000000000093756                os_vDefaultErrorHook.60783
                0x0000000000093759                vLoopbackTimerCallback
                0x0000000000093788                psSLISTremove
                0x0000000000093806                vSLISTaddToTail
                0x0000000000093825                psSLISTgetNext
                0x0000000000093849                u8PDM_CalculateLargestDataRecordStored
                0x000000000009387a                bPDM_ImageBitmapRepairCheck
                0x00000000000938a2                u8PDM_ReadSequenceNumber
                0x00000000000938c5                boSegmentNumberDeleteSearchMatch.122745
                0x00000000000938e0                u8PDM_ReadSegmentDataSize
                0x00000000000938f4                u32PDM_ReadFileSystemHeaderWearCount
                0x000000000009390a                boSearchForWearCountInsertPoint.122314
                0x0000000000093928                vPDM_WriteFileSystemHeaderWearCount
                0x000000000009393a                RND_u32GetRand256
                0x0000000000093957                RND_u32GetRand
                0x000000000009397e                u16CalculateFailedTxCount.97940
                0x00000000000939a8                vZdoIeeeAddrServerSendExtendResponse.part.0.83737
                0x0000000000093a09                vZdoNwkAddrServerSendExtendResponse.part.0.82557
                0x0000000000093a6a                zps_bAplZdoServerHandleConfirmAcks
                0x0000000000093ab4                zps_bPerformLeaveActionDecider
                0x0000000000093ab9                vHandleUpdateDeviceIndication.73074
                0x0000000000093ae3                bDuplicateCheck.69441
                0x0000000000093bf0                eHandleRemoveNonBroadcastEndpointsFromGroup.68069
                0x0000000000093c68                eHandleAddEntryToGroupTable.68032
                0x0000000000093cc4                zps_vAplApsFillAndPostApsAck
                0x0000000000093d2e                zps_u8AplApsFreeMsgHandle
                0x0000000000093d98                vFillDataIndStruct.63875
                0x0000000000093df6                vFillApduErrorEvent.63868
                0x0000000000093e39                bCheckProfile.63863
                0x0000000000093e80                ZPS_bIsGroupPresent
                0x0000000000093eb8                pdum_u16ReadNBO
                0x0000000000094019                PDUM_u16SizeNBO
                0x0000000000094077                PDUM_u16APduInstanceWriteStrNBO
                0x00000000000941f6                PDUM_u16APduInstanceReadNBO
                0x0000000000094241                PDUM_u16APduInstanceWriteNBO
                0x00000000000942ab                PDUM_thAPduInstanceGetApdu
                0x00000000000942c6                PDUM_eAPduInstanceSetPayloadSize
                0x00000000000942ee                PDUM_eNPduWriteDataFromBuffer
                0x0000000000094348                PDUM_eNPduWriteDataToBuffer
                0x00000000000943a6                PDUM_eNPduWriteFromBuffer
                0x00000000000943cf                PDUM_eNPduDescend
                0x00000000000943f5                PDUM_eNPduAscend
                0x000000000009441b                PDUM_eNPduClaimData
                0x0000000000094488                PDUM_eNPduAppendDataNBO
                0x00000000000944e5                PDUM_eNPduClaimHeader
                0x0000000000094508                PDUM_eNPduReadHeaderNBO
                0x000000000009455b                PDUM_eNPduPrependHeaderNBO
                0x00000000000945b6                PDUM_eNPduInitDescending
                0x00000000000945d1                zps_vInitAPSMECmdHdr
                0x0000000000094608                OS_eCollectMessage
                0x00000000000946cd                eExpireSWTimer.60796
 .text.unlikely
                0x0000000000094738       0xd0 C:\Users\brend\AppData\Local\Temp\ccheh5G2.ltrans15.ltrans.o
                0x0000000000094738                bIsBindTableMatch.68009
                0x0000000000094789                eRemoveEntryInBindingTable.68037
 .text          0x0000000000094808      0xe6a C:\Users\brend\AppData\Local\Temp\ccheh5G2.ltrans16.ltrans.o
                0x0000000000094808                eBeaconReqSent.146647
                0x00000000000948dc                zps_bAplZdoNwkAddrServer
                0x0000000000094c07                zps_bAplZdoIeeeAddrServer
                0x0000000000094d5d                eMcpsTxCompleteHandler.145500
                0x0000000000094d8b                vPDM_AddFileSystemElementToListInAscendingWearCountOrder
                0x0000000000094e99                iPDM_WriteSegmentHeaderAndData
                0x0000000000095095                zps_u8AplApsConstructAndPostLoopBackDataInd.66619
                0x00000000000951ce                u8PostUnicastMsgToNHLE.66627
                0x0000000000095207                PWRM_vManagePower
                0x0000000000095344                vTransformKey.isra.0.69560
                0x0000000000095374                vFreePendingReqDescr
                0x00000000000953df                vHandleRouteDiscoveryExpiry.133323
                0x000000000009543d                zps_vSendJoinDcfm
                0x0000000000095484                vGiveUp.140902
                0x00000000000954bc                ZPS_bSecEncrypt
 .text.unlikely
                0x0000000000095672       0xaa C:\Users\brend\AppData\Local\Temp\ccheh5G2.ltrans16.ltrans.o
                0x0000000000095672                eMakeEntryInBindingTable.68055
 .text          0x000000000009571c     0x10a0 C:\Users\brend\AppData\Local\Temp\ccheh5G2.ltrans17.ltrans.o
                0x000000000009571c                os_vAPP_cbDisableTickTimer
                0x0000000000095760                os_vAPP_cbEnableTickTimer
                0x00000000000957e0                vRetryCcaFailure
                0x0000000000095834                eOrphanNotificationSent.146643
                0x000000000009587d                DBG_vUartInitHardware
                0x00000000000959ba                eZCL_SearchForClusterEntry
                0x0000000000095a58                eZCL_FindCluster.constprop.132
                0x0000000000095aa5                eCLD_ColourControl_GetRGB.constprop.57
                0x0000000000095c9a                eZCL_CustomCommandReceiveScenes.isra.0.part.1.23033.constprop.18
                0x0000000000095d8e                vCLD_ScenesUpdateSceneValid
                0x0000000000095e0a                eCLD_OnOffSceneEventHandler.19175
                0x0000000000095e41                eZCL_BuildTransmitAddressStructure
                0x0000000000095eae                eCLD_ScenesCountScenes
                0x0000000000095ec8                ZPS_bSecDecrypt
                0x0000000000095fda                boPDM_IsBitmapSaturated.123210
                0x0000000000096023                eCLD_ScenesStoreScene
                0x00000000000960fb                MAC_u64GetExtAddr
                0x0000000000096116                ZPS_u64NwkNibFindExtAddr
                0x00000000000961c1                eCLD_ScenesSetLastConfiguredBy.isra.2.23049
                0x00000000000961f8                ZPS_u16NwkNibFindNwkAddr
                0x000000000009629e                iPDM_SearchForBufferIdInList
                0x00000000000962d3                iPDM_SearchForBufferIdInFileSystem
                0x00000000000962e6                iPDM_ReadUserDataFromSegmentWithId
                0x000000000009631b                iPDM_SearchForSpecificSegmentInList
                0x000000000009634d                psGetTxFrameBuffer
                0x000000000009638c                psGetAndBuildCoordRealignment
                0x00000000000963e4                eBuildAndSend.146651
                0x0000000000096459                MAC_vPibSetRxOnWhenIdle.constprop.91
                0x0000000000096463                vMiniMac_Init
 *fill*         0x00000000000967bc        0x0 00
 .text          0x00000000000967bc      0xf64 C:\Users\brend\AppData\Local\Temp\ccheh5G2.ltrans18.ltrans.o
                0x0000000000097121                os_vTick_Task
                0x000000000009769d                os_vZCL_Task
 .text          0x0000000000097720      0xfac C:\Users\brend\AppData\Local\Temp\ccheh5G2.ltrans19.ltrans.o
                0x0000000000097720                vAplSecAuthPollTimerExpiry.73051
                0x0000000000097778                vAplSecAuthTimerExpiry.73055
                0x0000000000097848                vHandleApsInterPanDcfmData
                0x0000000000097c76                vPostApsdeDcfmInd.64025
                0x0000000000097e7e                zps_vHandleApsdeDataFragIndNotSupported
                0x0000000000097ee6                vApsInterPanMcpsDataInd
                0x000000000009808d                eDiscoverNetworks.73121
                0x00000000000980e9                zps_eAplZdoDiscoverNetworks
                0x0000000000098112                eStartNetworkDiscovery.73128
                0x000000000009819f                eStartRouter.73138
                0x000000000009826e                vPostApsmeDcfmInd.64018
 .text          0x00000000000986cc     0x1067 C:\Users\brend\AppData\Local\Temp\ccheh5G2.ltrans20.ltrans.o
                0x00000000000986cc                zps_bAplZdoMatchDescServer
                0x00000000000986e1                PDUM_eNPduAllocate
                0x0000000000098750                vMiniMac_McpsCallback
                0x000000000009897c                PDUM_eNPduClone
                0x00000000000989c8                PDUM_eNPduFree
                0x0000000000098a35                vPostVsMcpsDcfmInd.79919
                0x0000000000098b1f                ZPS_vInterceptMcpsDataCallback
                0x0000000000098b81                zps_vNwkMcpsMgrFreeReqDescr
                0x0000000000098bb3                zps_psAllocateAndFormatMacHdr
                0x0000000000098e9c                zps_psNwkInitCmdFrame
                0x0000000000098f1b                eSendLinkStatusDataDcfm.part.1.127469
                0x000000000009904d                zps_vNwkRemoveConflictedBroadcast
                0x000000000009909f                zps_vNwkMcpsMgrTidyBtrReqDescr
                0x00000000000990e3                vNwkBttTimerExpiry.135840
                0x0000000000099201                MAC_vHandleMcpsVsReqRsp
                0x0000000000099524                hZCL_AllocateAPduInstance
                0x0000000000099560                eZCL_TransmitInterPanRequest.constprop.32
                0x00000000000995cb                eCLD_ZllCommissionCommandNetworkJoinRouterRspCommandSend.constprop.27
                0x00000000000995f5                eSendScanResponse.6945.constprop.30
 *fill*         0x0000000000099733        0x1 00
 .text          0x0000000000099734      0xd64 C:\Users\brend\AppData\Local\Temp\ccheh5G2.ltrans21.ltrans.o
                0x0000000000099734                os_vzps_taskZPS
                0x000000000009995d                vBbcIntHandler.145298
                0x0000000000099c15                os_vzps_isrMAC
                0x0000000000099c54                eAssocRespSent.146208
                0x0000000000099c73                zps_vNwkHandleCmeSyncReq
                0x0000000000099cbc                zps_vNwkHandleCmeIdleNwkFormReq
                0x0000000000099d64                zps_vNwkHandleCmeNwkDiscReq
                0x0000000000099dde                zps_vNwkHandleCmeEdScanReq
                0x0000000000099ff3                zps_vNwkHandleCmeNwkJoinReq
                0x000000000009a2b1                zps_vNwkHandleCmeNwkActvJoinReq
                0x000000000009a34d                vSetKeys
                0x000000000009a3d2                vResetDataStructures
 .text          0x000000000009a498      0xe10 C:\Users\brend\AppData\Local\Temp\ccheh5G2.ltrans22.ltrans.o
                0x000000000009a579                eZCL_TransmitDataRequest
                0x000000000009a8e1                eZCL_SendDefaultResponse
                0x000000000009a9e0                eZCL_CustomCommandReceive
                0x000000000009ab4e                eCLD_ColourControlCommandHandler
                0x000000000009aeda                eCLD_OnOffCommandHandler
 .text          0x000000000009b2a8     0x108a C:\Users\brend\AppData\Local\Temp\ccheh5G2.ltrans23.ltrans.o
                0x000000000009b44e                vHandleRejoinExpiry.140898
                0x000000000009b4ac                zps_eRejoinDataDcfm
                0x000000000009b4f0                eSmeAsocAssocDcfm.141509
                0x000000000009b574                eSmeRjPCPollDcfm.141505
                0x000000000009b5b5                eSceRjRsRejoinRsp.141473
                0x000000000009b676                zps_sNwkLibSubmitScan
                0x000000000009b6af                vSdeHandleMcpsDataInd.129500
 .text          0x000000000009c332      0xdc0 C:\Users\brend\AppData\Local\Temp\ccheh5G2.ltrans24.ltrans.o
                0x000000000009c332                ZPS_vAplHandleApsdeReqRsp
                0x000000000009c752                zps_eAplZdpApsdeReqInternal
                0x000000000009c7c1                zps_eAplZdpRequestApsdeReq.constprop.45
                0x000000000009c942                zps_bAplZdoZdoClient
                0x000000000009cdb2                zps_bAplZdoDefaultServer
                0x000000000009d06e                zps_eZdpMgmtLeaveResponse
                0x000000000009d08f                zps_eZdpMgmtPermitJoiningResponse
 *fill*         0x000000000009d0f2        0x2 00
 .text          0x000000000009d0f4      0xed8 C:\Users\brend\AppData\Local\Temp\ccheh5G2.ltrans25.ltrans.o
                0x000000000009d56a                eCLD_ZllCommissionCommandHandler
                0x000000000009d7a1                eCLD_LevelControlCommandHandler
                0x000000000009db38                vZCL_HandleAttributesWriteRequest
 .text          0x000000000009dfcc     0x10f1 C:\Users\brend\AppData\Local\Temp\ccheh5G2.ltrans26.ltrans.o
                0x000000000009dfcc                bCLD_ScenesSearchForScene.23659
                0x000000000009dfff                eCLD_LevelControlSceneEventHandler.17730
                0x000000000009e048                vOverideProfileId.8570
                0x000000000009e082                APP_ZCL_cbGeneralCallback.6002
                0x000000000009e085                os_bStrictCheck.1358
                0x000000000009e3ca                bCLD_GroupsSearchForGroup.15046
                0x000000000009e3ef                vEnterErrorHook.60779
                0x000000000009e416                eZCL_BuildClientTransmitAddressStructure
                0x000000000009e447                eZCL_GetAttributeTypeSize
                0x000000000009e466                vZCL_MarkAttributeInvalid
                0x000000000009e535                eZCL_CheckEPstructureIntegrity.40799
                0x000000000009e71d                u8ZCL_GetAttributeAllignToFourBytesBoundary
                0x000000000009e732                pvZCL_GetAttributePointer
                0x000000000009e7a8                u16ZCL_WriteTypeNBO.part.0.42153
                0x000000000009e81d                u16ZCL_GetStringStructureSize
                0x000000000009e85a                u16ZCL_GetStringAttributeTypeSizeFromBuffer
                0x000000000009e8cb                u16ZCL_GetStringSizeAndBufferFromStructure
                0x000000000009e95a                bZCL_SendCommandResponse
                0x000000000009e976                vZCL_GetInternalMutex
                0x000000000009e99f                eZCL_GetMutex
                0x000000000009e9d7                u8ZCL_GetEPIdFromIndex
                0x000000000009e9f9                vZCL_ReleaseInternalMutex
                0x000000000009ea13                eZCL_SearchForAttributeEntry
                0x000000000009ead3                vCLD_ScenesGenerateIndividualAttributeCallback
                0x000000000009eb2d                eZCL_SearchForEPentry
                0x000000000009eb88                eZCL_SearchForEPentryAndCheckManufacturerId
                0x000000000009ebc6                vZCL_PassEventToUser
                0x000000000009ebf3                eZCL_ReleaseMutex
                0x000000000009ec22                eZCL_Register.part.1.40808
                0x000000000009ec50                boDLISTisEmpty
                0x000000000009ec68                vDLISTaddToTail
                0x000000000009ec96                psDLISTremoveFromHead
                0x000000000009ecbf                psDLISTremove
                0x000000000009ed17                vCLD_ColourControl_CCT2xyY
                0x000000000009edfd                vWriteU64ToPayLoad.25992
                0x000000000009ee2a                vWriteU32ToPayLoad.25988
                0x000000000009ee42                vSetDualPwm.8821
                0x000000000009eee9                vLI_UpdateDriver
                0x000000000009ef50                vLI_InitVar.7413
                0x000000000009ef81                InvShiftRows
                0x000000000009f014                InvSubBytes
                0x000000000009f05a                AddRoundKey
                0x000000000009f09b                getSBoxValue.5352
 *fill*         0x000000000009f0bd        0x3 00
 .text          0x000000000009f0c0      0xb88 C:\Users\brend\AppData\Local\Temp\ccheh5G2.ltrans27.ltrans.o
                0x000000000009f0c0                eZCL_CustomCommandSend.constprop.23
                0x000000000009f322                eCLD_IdentifyCommandHandler
                0x000000000009f776                eCLD_GroupsCommandHandler
 .text          0x000000000009fc48      0xcca C:\Users\brend\AppData\Local\Temp\ccheh5G2.ltrans28.ltrans.o
                0x000000000009fc48                zps_eZdpNodeDescResponse
                0x000000000009fcf0                zps_eZdpSimpleDescResponse
                0x000000000009fdfd                zps_eAplZdpMgmtRtgResponse
                0x000000000009fec4                zps_bAplZdoMgmtNWKUpdateServer
                0x00000000000a0234                zps_eZdpNwkAddrResponse
                0x00000000000a0317                zps_eZdpIeeeAddrResponse
                0x00000000000a03fa                zps_eZdpPowerDescResponse
                0x00000000000a0497                zps_eZdpActiveEpResponse
                0x00000000000a052d                zps_eZdpMatchDescResponse
                0x00000000000a05c3                zps_eZdpSystemServerDiscoveryResponse
                0x00000000000a0632                zps_eAplZdpMgmtLqiResponse
                0x00000000000a07cc                zps_eAplAfBoundDataReqNonBlocking
 *fill*         0x00000000000a0912        0x2 00
 .text          0x00000000000a0914      0xc4c C:\Users\brend\AppData\Local\Temp\ccheh5G2.ltrans29.ltrans.o
                0x00000000000a0914                vStartScanTimerExpiry.97936
                0x00000000000a09ff                zps_eNwkHandleSmeOrphanInd
                0x00000000000a0c89                zps_eNwkHandleSceNwkStatus
                0x00000000000a0fec                zps_eNwkHandleSmeAssocInd
                0x00000000000a100e                zps_eNwkHandleSceRejnRequest
                0x00000000000a108e                zps_eProcessAddrConflict
                0x00000000000a123b                ZPS_vNwkNibCheckAndUpdateAddresses
                0x00000000000a12d2                zps_bAplZdoDeviceAnnceServer
 .text          0x00000000000a1560      0x9d8 C:\Users\brend\AppData\Local\Temp\ccheh5G2.ltrans30.ltrans.o
                0x00000000000a16ca                zps_vAplApsPollTimer
                0x00000000000a172c                vPostNlmeDcfmInd.64011
                0x00000000000a1e3e                vDiscoverNetworks.4574
                0x00000000000a1eaa                vTryNwkJoin.4578
 .text          0x00000000000a1f38      0x527 C:\Users\brend\AppData\Local\Temp\ccheh5G2.ltrans31.ltrans.o
                0x00000000000a1f38                AppWarmStart
                0x00000000000a1f52                AppColdStart
                0x00000000000a2256                os_vUnclaimedInterrupt
                0x00000000000a2268                os_vControlledIntCheck
                0x00000000000a22ad                os_vControlledInterrupt
                0x00000000000a22e6                os_vvISR_SystemController
                0x00000000000a22e9                os_vvISR_Timer4
                0x00000000000a22f8                os_vvISR_Timer3
                0x00000000000a2307                os_vAPP_isrIllegalInstruction
                0x00000000000a231d                os_vAPP_isrAlignmentException
                0x00000000000a2333                os_vAPP_isrBusErrorException
                0x00000000000a2349                os_vAPP_isrUnimplementedModuleException
                0x00000000000a235c                os_vAPP_isrStackOverflowException
                0x00000000000a236f                os_vAPP_isrTickTimer
 .text          0x00000000000a245f       0x25 c:/nxp/bstudio_nxp/sdk/tools/ba-elf-ba2-r36379/bin/../lib/gcc/ba-elf/4.7.4/../../../../ba-elf/lib/mcpu_jn51xx_sizeopt\libc.a(lib_a-memcmp.o)
                0x00000000000a245f                memcmp
 .text          0x00000000000a2484       0x19 c:/nxp/bstudio_nxp/sdk/tools/ba-elf-ba2-r36379/bin/../lib/gcc/ba-elf/4.7.4/../../../../ba-elf/lib/mcpu_jn51xx_sizeopt\libc.a(lib_a-memcpy.o)
 .text          0x00000000000a249d       0x12 c:/nxp/bstudio_nxp/sdk/tools/ba-elf-ba2-r36379/bin/../lib/gcc/ba-elf/4.7.4/../../../../ba-elf/lib/mcpu_jn51xx_sizeopt\libc.a(lib_a-memset.o)
                0x00000000000a249d                memset
 .text          0x00000000000a24af       0x12 c:/nxp/bstudio_nxp/sdk/tools/ba-elf-ba2-r36379/bin/../lib/gcc/ba-elf/4.7.4/../../../../ba-elf/lib/mcpu_jn51xx_sizeopt\libc.a(lib_a-strlen.o)
                0x00000000000a24af                strlen
 .text          0x00000000000a24c1       0x2b c:/nxp/bstudio_nxp/sdk/tools/ba-elf-ba2-r36379/bin/../lib/gcc/ba-elf/4.7.4/../../../../ba-elf/lib/mcpu_jn51xx_sizeopt\libc.a(lib_a-strncpy.o)
                0x00000000000a24c1                strncpy
 *fill*         0x00000000000a24ec        0x0 00
 .text          0x00000000000a24ec      0x204 c:/nxp/bstudio_nxp/sdk/tools/ba-elf-ba2-r36379/bin/../lib/gcc/ba-elf/4.7.4/mcpu_jn51xx_sizeopt\libgcc.a(__udivsi3.o)
                0x00000000000a24ec                __udivsi3
 .text          0x00000000000a26f0       0x30 c:/nxp/bstudio_nxp/sdk/tools/ba-elf-ba2-r36379/bin/../lib/gcc/ba-elf/4.7.4/mcpu_jn51xx_sizeopt\libgcc.a(__divsi3.o)
                0x00000000000a26f0                __divsi3
 .text          0x00000000000a2720      0x1b0 c:/nxp/bstudio_nxp/sdk/tools/ba-elf-ba2-r36379/bin/../lib/gcc/ba-elf/4.7.4/mcpu_jn51xx_sizeopt\libgcc.a(__umodsi3.o)
                0x00000000000a2720                __umodsi3
 .text          0x00000000000a28d0       0x24 c:/nxp/bstudio_nxp/sdk/tools/ba-elf-ba2-r36379/bin/../lib/gcc/ba-elf/4.7.4/mcpu_jn51xx_sizeopt\libgcc.a(__modsi3.o)
                0x00000000000a28d0                __modsi3
 .text          0x00000000000a28f4       0x39 c:/nxp/bstudio_nxp/sdk/tools/ba-elf-ba2-r36379/bin/../lib/gcc/ba-elf/4.7.4/mcpu_jn51xx_sizeopt\libgcc.a(_fixunsdfsi.o)
                0x00000000000a28f4                __fixunsdfsi
 .text          0x00000000000a292d      0x3bd c:/nxp/bstudio_nxp/sdk/tools/ba-elf-ba2-r36379/bin/../lib/gcc/ba-elf/4.7.4/mcpu_jn51xx_sizeopt\libgcc.a(_divdi3.o)
                0x00000000000a292d                __divdi3
 .text          0x00000000000a2cea      0x350 c:/nxp/bstudio_nxp/sdk/tools/ba-elf-ba2-r36379/bin/../lib/gcc/ba-elf/4.7.4/mcpu_jn51xx_sizeopt\libgcc.a(_udivdi3.o)
                0x00000000000a2cea                __udivdi3
 .text          0x00000000000a303a      0x384 c:/nxp/bstudio_nxp/sdk/tools/ba-elf-ba2-r36379/bin/../lib/gcc/ba-elf/4.7.4/mcpu_jn51xx_sizeopt\libgcc.a(addsf3.o)
                0x00000000000a303a                __addsf3
 *fill*         0x00000000000a33be        0x2 00
 .text          0x00000000000a33c0      0x218 c:/nxp/bstudio_nxp/sdk/tools/ba-elf-ba2-r36379/bin/../lib/gcc/ba-elf/4.7.4/mcpu_jn51xx_sizeopt\libgcc.a(divsf3.o)
                0x00000000000a33c0                __divsf3
 .text          0x00000000000a35d8       0xac c:/nxp/bstudio_nxp/sdk/tools/ba-elf-ba2-r36379/bin/../lib/gcc/ba-elf/4.7.4/mcpu_jn51xx_sizeopt\libgcc.a(gesf2.o)
                0x00000000000a35d8                __gesf2
                0x00000000000a35d8                __gtsf2
 .text          0x00000000000a3684       0xac c:/nxp/bstudio_nxp/sdk/tools/ba-elf-ba2-r36379/bin/../lib/gcc/ba-elf/4.7.4/mcpu_jn51xx_sizeopt\libgcc.a(lesf2.o)
                0x00000000000a3684                __ltsf2
                0x00000000000a3684                __lesf2
 .text          0x00000000000a3730      0x24c c:/nxp/bstudio_nxp/sdk/tools/ba-elf-ba2-r36379/bin/../lib/gcc/ba-elf/4.7.4/mcpu_jn51xx_sizeopt\libgcc.a(mulsf3.o)
                0x00000000000a3730                __mulsf3
 .text          0x00000000000a397c      0x3a2 c:/nxp/bstudio_nxp/sdk/tools/ba-elf-ba2-r36379/bin/../lib/gcc/ba-elf/4.7.4/mcpu_jn51xx_sizeopt\libgcc.a(subsf3.o)
                0x00000000000a397c                __subsf3
 .text          0x00000000000a3d1e       0xad c:/nxp/bstudio_nxp/sdk/tools/ba-elf-ba2-r36379/bin/../lib/gcc/ba-elf/4.7.4/mcpu_jn51xx_sizeopt\libgcc.a(floatunsisf.o)
                0x00000000000a3d1e                __floatunsisf
 *fill*         0x00000000000a3dcb        0x1 00
 .text          0x00000000000a3dcc      0x5c8 c:/nxp/bstudio_nxp/sdk/tools/ba-elf-ba2-r36379/bin/../lib/gcc/ba-elf/4.7.4/mcpu_jn51xx_sizeopt\libgcc.a(divdf3.o)
                0x00000000000a3dcc                __divdf3
 .text          0x00000000000a4394       0xca c:/nxp/bstudio_nxp/sdk/tools/ba-elf-ba2-r36379/bin/../lib/gcc/ba-elf/4.7.4/mcpu_jn51xx_sizeopt\libgcc.a(gedf2.o)
                0x00000000000a4394                __gedf2
                0x00000000000a4394                __gtdf2
 *fill*         0x00000000000a445e        0x2 00
 .text          0x00000000000a4460      0x488 c:/nxp/bstudio_nxp/sdk/tools/ba-elf-ba2-r36379/bin/../lib/gcc/ba-elf/4.7.4/mcpu_jn51xx_sizeopt\libgcc.a(muldf3.o)
                0x00000000000a4460                __muldf3
 .text          0x00000000000a48e8      0x693 c:/nxp/bstudio_nxp/sdk/tools/ba-elf-ba2-r36379/bin/../lib/gcc/ba-elf/4.7.4/mcpu_jn51xx_sizeopt\libgcc.a(subdf3.o)
                0x00000000000a48e8                __subdf3
 .text          0x00000000000a4f7b       0x64 c:/nxp/bstudio_nxp/sdk/tools/ba-elf-ba2-r36379/bin/../lib/gcc/ba-elf/4.7.4/mcpu_jn51xx_sizeopt\libgcc.a(fixdfsi.o)
                0x00000000000a4f7b                __fixdfsi
 .text          0x00000000000a4fdf       0x8f c:/nxp/bstudio_nxp/sdk/tools/ba-elf-ba2-r36379/bin/../lib/gcc/ba-elf/4.7.4/mcpu_jn51xx_sizeopt\libgcc.a(extendsfdf2.o)
                0x00000000000a4fdf                __extendsfdf2
 .text          0x00000000000a506e      0x13e c:/nxp/bstudio_nxp/sdk/tools/ba-elf-ba2-r36379/bin/../lib/gcc/ba-elf/4.7.4/mcpu_jn51xx_sizeopt\libgcc.a(truncdfsf2.o)
                0x00000000000a506e                __truncdfsf2
 *fill*         0x00000000000a51ac        0x4 00
 .text          0x00000000000a51b0      0x1d0 c:/NXP/bstudio_nxp/workspace/ZigBee-LightLink-Test-1/Light_ColorTemperatureLight/Build/os_irq.o
                0x00000000000a51b0                os_ExternalException_W
                0x00000000000a51f4                os_PIC_ChannelPriorities
                0x00000000000a5204                os_OSMIUM_HwVectTable
                0x00000000000a5240                os_PIC_SwVectTable
 .text          0x00000000000a5380       0x29 c:/NXP/bstudio_nxp/workspace/ZigBee-LightLink-Test-1/Light_ColorTemperatureLight/Build/os_irq_alignment.o
                0x00000000000a5380                IRQ_Alignment
 .text          0x00000000000a53a9       0x29 c:/NXP/bstudio_nxp/workspace/ZigBee-LightLink-Test-1/Light_ColorTemperatureLight/Build/os_irq_buserror.o
                0x00000000000a53a9                IRQ_BusError
 .text          0x00000000000a53d2       0x29 c:/NXP/bstudio_nxp/workspace/ZigBee-LightLink-Test-1/Light_ColorTemperatureLight/Build/os_irq_illegalinstruction.o
                0x00000000000a53d2                IRQ_IllegalInstruction
 .text          0x00000000000a53fb       0x29 c:/NXP/bstudio_nxp/workspace/ZigBee-LightLink-Test-1/Light_ColorTemperatureLight/Build/os_irq_stackoverflowexception.o
                0x00000000000a53fb                IRQ_StackOverflowException
 .text          0x00000000000a5424       0x29 c:/NXP/bstudio_nxp/workspace/ZigBee-LightLink-Test-1/Light_ColorTemperatureLight/Build/os_irq_unimplementedmodule.o
                0x00000000000a5424                IRQ_UnimplementedModule
 *fill*         0x00000000000a544d        0x3 00
 .text          0x00000000000a5450       0xc0 c:/NXP/bstudio_nxp/sdk/JN-SW-4168/Components/Library\libOS_JN516x.a(os_contirq_JN516x.o)
                0x00000000000a5450                os_ExternalException_R
                0x00000000000a5480                os_CFunc_W
                0x00000000000a54d0                os_UnclaimedException_W
                0x00000000000a54f0                os_UnclaimedInterrupt_W
 .text          0x00000000000a5510       0x48 c:/NXP/bstudio_nxp/sdk/JN-SW-4168/Components/Library\libPWRM_JN516x.a(pwrm_setjmp_JN516x.o)
                0x00000000000a5510                setjmp
                0x00000000000a5534                PWRM_longjmp
 .text          0x00000000000a5558       0x27 c:/NXP/bstudio_nxp/sdk/JN-SW-4168/Components/Library\libHardwareApi_JN516x.a(AHI_Interrupt.o)
                0x00000000000a5558                vAHI_InterruptSetPriority
                0x00000000000a5576                vAHI_InterruptSetActivePriorityLevel
 .text.vMicroSyscall
                0x00000000000a557f       0x17 c:/NXP/bstudio_nxp/sdk/JN-SW-4168/Components/Library\libMicroSpecific_JN516x.a(MicroSyscall_ba.o)
                0x00000000000a557f                vMicroSyscall
 .text          0x00000000000a5596        0x0 c:/NXP/bstudio_nxp/sdk/JN-SW-4168/Components/Library\libOS_JN516x.a(os_version_lc.o)
                0x00000000000a5596                OS_Version_1v2
 .text          0x00000000000a5596        0x0 c:/NXP/bstudio_nxp/sdk/JN-SW-4168/Components/Library\libZPSAPL_JN516x.a(zps_apl_version_lc.o)
                0x00000000000a5596                ZPS_APL_Version_2v0
 .text          0x00000000000a5596        0x0 c:/NXP/bstudio_nxp/sdk/JN-SW-4168/Components/Library\libZPSNWK_JN516x.a(zps_nwk_version_lc.o)
                0x00000000000a5596                ZPS_NWK_Version_2v0
                0x00000000000a5596                _flash_end = ABSOLUTE (.)

.rela.dyn       0x00000000000a5598        0x0
 .rela.text     0x0000000000000000        0x0 c:/NXP/bstudio_nxp/workspace/ZigBee-LightLink-Test-1/Light_ColorTemperatureLight/Build/os_irq.o
 .rela.data     0x0000000000000000        0x0 c:/NXP/bstudio_nxp/workspace/ZigBee-LightLink-Test-1/Light_ColorTemperatureLight/Build/os_irq.o
 .rela.rodata   0x0000000000000000        0x0 c:/NXP/bstudio_nxp/workspace/ZigBee-LightLink-Test-1/Light_ColorTemperatureLight/Build/os_irq.o
                0x000000000400004c                . = ORIGIN (ram)

.data           0x000000000400004c      0x9b4 load address 0x00000000000a5598
                0x000000000400004c                _ram_data_start = ABSOLUTE (.)
 *(.data*)
 .data          0x000000000400004c       0xe8 C:\Users\brend\AppData\Local\Temp\ccheh5G2.ltrans0.ltrans.o
                0x000000000400004c                u8MiniMacConfig_MaxConcurrentAssocResponses
                0x0000000004000050                psShadowRxBuffer
 .data          0x0000000004000134        0x4 C:\Users\brend\AppData\Local\Temp\ccheh5G2.ltrans1.ltrans.o
                0x0000000004000134                u32HeapStart
 .data          0x0000000004000138        0x1 C:\Users\brend\AppData\Local\Temp\ccheh5G2.ltrans3.ltrans.o
 *fill*         0x0000000004000139        0x3 00
 .data          0x000000000400013c      0x164 C:\Users\brend\AppData\Local\Temp\ccheh5G2.ltrans9.ltrans.o
                0x000000000400013c                asCLD_ColourControlCCTlist
                0x0000000004000280                sBulb.8879
 .data          0x00000000040002a0       0x40 C:\Users\brend\AppData\Local\Temp\ccheh5G2.ltrans14.ltrans.o
                0x00000000040002a0                sDeviceTable
                0x00000000040002b8                sZllState
 .data          0x00000000040002e0        0x4 C:\Users\brend\AppData\Local\Temp\ccheh5G2.ltrans16.ltrans.o
                0x00000000040002e0                bCanLoopback.66848
 .data          0x00000000040002e4        0xc C:\Users\brend\AppData\Local\Temp\ccheh5G2.ltrans18.ltrans.o
 .data          0x00000000040002f0        0x6 C:\Users\brend\AppData\Local\Temp\ccheh5G2.ltrans20.ltrans.o
 .data          0x00000000040002f6        0x1 C:\Users\brend\AppData\Local\Temp\ccheh5G2.ltrans21.ltrans.o
 *fill*         0x00000000040002f7        0x1 00
 .data          0x00000000040002f8       0xa4 C:\Users\brend\AppData\Local\Temp\ccheh5G2.ltrans26.ltrans.o
                0x00000000040002f8                s_asapduZCLInstances
                0x0000000004000370                s_asapduZDPInstances
 *fill*         0x000000000400039c        0x4 00
 .data          0x00000000040003a0      0x648 C:\Users\brend\AppData\Local\Temp\ccheh5G2.ltrans31.ltrans.o
                0x00000000040003a0                s_keyPairTableStorage.3129
                0x0000000004000400                os_Mutex_mutexMAC
                0x0000000004000408                os_Mutex_mutexZPS
                0x0000000004000410                s_sApl.3084
                0x0000000004000560                os_Message_APP_msgZpsEvents_ZCL
                0x0000000004000584                os_SWTimer_APP_cntrTickTimer_APP_DiscoveryTimer
                0x00000000040005a0                os_SWTimer_APP_cntrTickTimer_APP_CommissionTimer
                0x00000000040005bc                os_SWTimer_APP_cntrTickTimer_APP_TickTimer
                0x00000000040005d8                os_Message_APP_msgZpsEvents
                0x00000000040005fc                os_Message_APP_msgEvents
                0x0000000004000620                os_Message_APP_msgPOREvents
                0x0000000004000644                os_Message_APP_DiscoveryEvents
                0x0000000004000668                os_Message_APP_CommissionEvents
                0x000000000400068c                os_SWTimer_APP_cntrTickTimer_APP_RadioRecalTimer
                0x00000000040006a8                os_Message_zps_msgMlmeDcfmInd
                0x00000000040006cc                os_Message_zps_msgTimeEvents
                0x00000000040006f0                os_Message_zps_msgMcpsDcfmInd