Archive member included because of file (symbol)

c:/NXP/bstudio_nxp/sdk/JN-SW-4168/Components/Library\libOS_JN516x.a(os.o)
                              c:/NXP/bstudio_nxp/workspace/ZigBee-LightLink-Test-1/Light_ColorTemperatureLight/Build/os_gen.o (symbol from plugin) (os_vStart)
c:/NXP/bstudio_nxp/sdk/JN-SW-4168/Components/Library\libOS_JN516x.a(os_contirq_JN516x.o)
                              c:/NXP/bstudio_nxp/workspace/ZigBee-LightLink-Test-1/Light_ColorTemperatureLight/Build/os_irq.o (os_UnclaimedException_W)
c:/NXP/bstudio_nxp/sdk/JN-SW-4168/Components/Library\libPWRM_JN516x.a(pwrm.o)
                              c:/NXP/bstudio_nxp/workspace/ZigBee-LightLink-Test-1/Light_ColorTemperatureLight/Build/app_start_light.o (symbol from plugin) (PWRM_vInit)
c:/NXP/bstudio_nxp/sdk/JN-SW-4168/Components/Library\libPWRM_JN516x.a(pwrm_setjmp_JN516x.o)
                              pwrm.o (symbol from plugin) (setjmp)
c:/NXP/bstudio_nxp/sdk/JN-SW-4168/Components/Library\libPWRM_JN516x.a(pwrm_cold_start.o)
                              (AppColdStart)
c:/NXP/bstudio_nxp/sdk/JN-SW-4168/Components/Library\libPWRM_JN516x.a(pwrm_warm_start.o)
                              (AppWarmStart)
c:/NXP/bstudio_nxp/sdk/JN-SW-4168/Components/Library\libPDUM_JN516x.a(pdum_nwk.o)
                              c:/NXP/bstudio_nxp/workspace/ZigBee-LightLink-Test-1/Light_ColorTemperatureLight/Build/pdum_gen.o (symbol from plugin) (pdum_vNPduInit)
c:/NXP/bstudio_nxp/sdk/JN-SW-4168/Components/Library\libPDUM_JN516x.a(pdum_apl.o)
                              c:/NXP/bstudio_nxp/workspace/ZigBee-LightLink-Test-1/Light_ColorTemperatureLight/Build/zll_CommissionCmdHandler.o (symbol from plugin) (PDUM_u16APduInstanceReadNBO)
c:/NXP/bstudio_nxp/sdk/JN-SW-4168/Components/Library\libPDUM_JN516x.a(pdum.o)
                              pdum_nwk.o (symbol from plugin) (PDUM_u16SizeNBO)
c:/NXP/bstudio_nxp/sdk/JN-SW-4168/Components/Library\libZPSAPL_JN516x.a(zps_apl_af.o)
                              c:/NXP/bstudio_nxp/workspace/ZigBee-LightLink-Test-1/Light_ColorTemperatureLight/Build/zpr_light_node.o (symbol from plugin) (ZPS_eAplAfInit)
c:/NXP/bstudio_nxp/sdk/JN-SW-4168/Components/Library\libZPSAPL_JN516x.a(zps_apl_af_apsde.o)
                              c:/NXP/bstudio_nxp/workspace/ZigBee-LightLink-Test-1/Light_ColorTemperatureLight/Build/zps_gen.o (symbol from plugin) (zps_vHandleApsdeDataFragIndNotSupported)
c:/NXP/bstudio_nxp/sdk/JN-SW-4168/Components/Library\libZPSAPL_JN516x.a(zps_apl_task.o)
                              zps_apl_af_apsde.o (symbol from plugin) (zps_vAplAfPostEvent)
c:/NXP/bstudio_nxp/sdk/JN-SW-4168/Components/Library\libZPSAPL_JN516x.a(zps_apl_apsde.o)
                              zps_apl_task.o (symbol from plugin) (ZPS_vAplRegisterApsdeDcfmIndCallbacks)
c:/NXP/bstudio_nxp/sdk/JN-SW-4168/Components/Library\libZPSAPL_JN516x.a(zps_apl_apsme.o)
                              zps_apl_task.o (symbol from plugin) (ZPS_vAplRegisterApsmeDcfmIndCallbacks)
c:/NXP/bstudio_nxp/sdk/JN-SW-4168/Components/Library\libZPSAPL_JN516x.a(zps_apl_aps_nlde.o)
                              zps_apl_task.o (symbol from plugin) (zps_vAplApsHandleNldeDcfmInd)
c:/NXP/bstudio_nxp/sdk/JN-SW-4168/Components/Library\libZPSAPL_JN516x.a(zps_apl_sec.o)
                              zps_apl_task.o (symbol from plugin) (zps_psFindKeyDescr)
c:/NXP/bstudio_nxp/sdk/JN-SW-4168/Components/Library\libZPSAPL_JN516x.a(zps_apl_aib.o)
                              c:/NXP/bstudio_nxp/workspace/ZigBee-LightLink-Test-1/Light_ColorTemperatureLight/Build/app_light_commission_task.o (symbol from plugin) (zps_psAplAibGetAib)
c:/NXP/bstudio_nxp/sdk/JN-SW-4168/Components/Library\libZPSAPL_JN516x.a(zps_apl_zdo_nwkmanager.o)
                              zps_apl_apsme.o (symbol from plugin) (zps_vAplSaveRecord)
c:/NXP/bstudio_nxp/sdk/JN-SW-4168/Components/Library\libZPSAPL_JN516x.a(zps_apl_zdo_handle_zdp_event.o)
                              zps_apl_task.o (symbol from plugin) (zps_bAplZdoHandleZdpEvent)
c:/NXP/bstudio_nxp/sdk/JN-SW-4168/Components/Library\libZPSAPL_JN516x.a(zps_apl_zdo_trust_center.o)
                              zps_apl_sec.o (symbol from plugin) (zps_eAplTrustCenterFindDevice)
c:/NXP/bstudio_nxp/sdk/JN-SW-4168/Components/Library\libZPSAPL_JN516x.a(zps_apl_zdo_common.o)
                              zps_apl_zdo_nwkmanager.o (symbol from plugin) (zps_eAplZdoNlmeleaveWrapper)
c:/NXP/bstudio_nxp/sdk/JN-SW-4168/Components/Library\libZPSAPL_JN516x.a(zps_apl_zdo_group.o)
                              c:/NXP/bstudio_nxp/workspace/ZigBee-LightLink-Test-1/Light_ColorTemperatureLight/Build/GroupsTableManager.o (symbol from plugin) (zps_eAplZdoGroupEndpointAdd)
c:/NXP/bstudio_nxp/sdk/JN-SW-4168/Components/Library\libZPSAPL_JN516x.a(zps_apl_zdo_default_server.o)
                              c:/NXP/bstudio_nxp/workspace/ZigBee-LightLink-Test-1/Light_ColorTemperatureLight/Build/zps_gen.o (symbol from plugin) (zps_vAplZdoDefaultServerInit)
[...]
Memory Configuration

Name             Origin             Length             Attributes
flash            0x0000000000080000 0x0000000000040000
ram              0x000000000400004c 0x0000000000007fb4
*default*        0x0000000000000000 0xffffffffffffffff

Linker script and memory map

                0x0000000000001388                __stack_size = 0x1388
                0x00000000000007d0                __minimum_heap_size = 0x7d0
START GROUP
LOAD c:/NXP/bstudio_nxp/workspace/ZigBee-LightLink-Test-1/Light_ColorTemperatureLight/Build/os_gen.o
LOAD C:\Users\brend\AppData\Local\Temp\cckGb0Ti.ltrans0.ltrans.o
LOAD C:\Users\brend\AppData\Local\Temp\cckGb0Ti.ltrans1.ltrans.o
LOAD C:\Users\brend\AppData\Local\Temp\cckGb0Ti.ltrans2.ltrans.o
LOAD C:\Users\brend\AppData\Local\Temp\cckGb0Ti.ltrans3.ltrans.o
LOAD C:\Users\brend\AppData\Local\Temp\cckGb0Ti.ltrans4.ltrans.o
LOAD C:\Users\brend\AppData\Local\Temp\cckGb0Ti.ltrans5.ltrans.o
LOAD C:\Users\brend\AppData\Local\Temp\cckGb0Ti.ltrans6.ltrans.o
LOAD C:\Users\brend\AppData\Local\Temp\cckGb0Ti.ltrans7.ltrans.o
LOAD C:\Users\brend\AppData\Local\Temp\cckGb0Ti.ltrans8.ltrans.o
LOAD C:\Users\brend\AppData\Local\Temp\cckGb0Ti.ltrans9.ltrans.o
LOAD C:\Users\brend\AppData\Local\Temp\cckGb0Ti.ltrans10.ltrans.o
LOAD C:\Users\brend\AppData\Local\Temp\cckGb0Ti.ltrans11.ltrans.o
LOAD C:\Users\brend\AppData\Local\Temp\cckGb0Ti.ltrans12.ltrans.o
LOAD C:\Users\brend\AppData\Local\Temp\cckGb0Ti.ltrans13.ltrans.o
LOAD C:\Users\brend\AppData\Local\Temp\cckGb0Ti.ltrans14.ltrans.o
LOAD C:\Users\brend\AppData\Local\Temp\cckGb0Ti.ltrans15.ltrans.o
LOAD C:\Users\brend\AppData\Local\Temp\cckGb0Ti.ltrans16.ltrans.o
LOAD C:\Users\brend\AppData\Local\Temp\cckGb0Ti.ltrans17.ltrans.o
LOAD C:\Users\brend\AppData\Local\Temp\cckGb0Ti.ltrans18.ltrans.o
LOAD C:\Users\brend\AppData\Local\Temp\cckGb0Ti.ltrans19.ltrans.o
LOAD C:\Users\brend\AppData\Local\Temp\cckGb0Ti.ltrans20.ltrans.o
LOAD C:\Users\brend\AppData\Local\Temp\cckGb0Ti.ltrans21.ltrans.o
LOAD C:\Users\brend\AppData\Local\Temp\cckGb0Ti.ltrans22.ltrans.o
LOAD C:\Users\brend\AppData\Local\Temp\cckGb0Ti.ltrans23.ltrans.o
LOAD C:\Users\brend\AppData\Local\Temp\cckGb0Ti.ltrans24.ltrans.o
LOAD C:\Users\brend\AppData\Local\Temp\cckGb0Ti.ltrans25.ltrans.o
LOAD C:\Users\brend\AppData\Local\Temp\cckGb0Ti.ltrans26.ltrans.o
LOAD C:\Users\brend\AppData\Local\Temp\cckGb0Ti.ltrans27.ltrans.o
LOAD C:\Users\brend\AppData\Local\Temp\cckGb0Ti.ltrans28.ltrans.o
LOAD C:\Users\brend\AppData\Local\Temp\cckGb0Ti.ltrans29.ltrans.o
LOAD C:\Users\brend\AppData\Local\Temp\cckGb0Ti.ltrans30.ltrans.o
LOAD C:\Users\brend\AppData\Local\Temp\cckGb0Ti.ltrans31.ltrans.o
LOAD c:/nxp/bstudio_nxp/sdk/tools/ba-elf-ba2-r36379/bin/../lib/gcc/ba-elf/4.7.4/../../../../ba-elf/lib/mcpu_jn51xx_sizeopt\libc.a
LOAD c:/nxp/bstudio_nxp/sdk/tools/ba-elf-ba2-r36379/bin/../lib/gcc/ba-elf/4.7.4/mcpu_jn51xx_sizeopt\libgcc.a
LOAD c:/nxp/bstudio_nxp/sdk/tools/ba-elf-ba2-r36379/bin/../lib/gcc/ba-elf/4.7.4/../../../../ba-elf/lib/mcpu_jn51xx_sizeopt\libc.a
LOAD c:/NXP/bstudio_nxp/workspace/ZigBee-LightLink-Test-1/Light_ColorTemperatureLight/Build/os_irq.o
LOAD c:/NXP/bstudio_nxp/workspace/ZigBee-LightLink-Test-1/Light_ColorTemperatureLight/Build/os_irq_alignment.o
LOAD c:/NXP/bstudio_nxp/workspace/ZigBee-LightLink-Test-1/Light_ColorTemperatureLight/Build/os_irq_buserror.o
LOAD c:/NXP/bstudio_nxp/workspace/ZigBee-LightLink-Test-1/Light_ColorTemperatureLight/Build/os_irq_illegalinstruction.o
LOAD c:/NXP/bstudio_nxp/workspace/ZigBee-LightLink-Test-1/Light_ColorTemperatureLight/Build/os_irq_stackoverflowexception.o
LOAD c:/NXP/bstudio_nxp/workspace/ZigBee-LightLink-Test-1/Light_ColorTemperatureLight/Build/os_irq_unimplementedmodule.o
LOAD c:/NXP/bstudio_nxp/workspace/ZigBee-LightLink-Test-1/Light_ColorTemperatureLight/Build/pdum_gen.o
LOAD c:/NXP/bstudio_nxp/workspace/ZigBee-LightLink-Test-1/Light_ColorTemperatureLight/Build/pdum_apdu.o
LOAD c:/NXP/bstudio_nxp/workspace/ZigBee-LightLink-Test-1/Light_ColorTemperatureLight/Build/zps_gen.o
LOAD c:/NXP/bstudio_nxp/workspace/ZigBee-LightLink-Test-1/Light_ColorTemperatureLight/Build/app_timer_driver.o
LOAD c:/NXP/bstudio_nxp/workspace/ZigBee-LightLink-Test-1/Light_ColorTemperatureLight/Build/app_start_light.o
LOAD c:/NXP/bstudio_nxp/workspace/ZigBee-LightLink-Test-1/Light_ColorTemperatureLight/Build/app_scenes.o
LOAD c:/NXP/bstudio_nxp/workspace/ZigBee-LightLink-Test-1/Light_ColorTemperatureLight/Build/app_power_on_counter.o
LOAD c:/NXP/bstudio_nxp/workspace/ZigBee-LightLink-Test-1/Light_ColorTemperatureLight/Build/zpr_light_node.o
LOAD c:/NXP/bstudio_nxp/workspace/ZigBee-LightLink-Test-1/Light_ColorTemperatureLight/Build/ecb_decrypt.o
LOAD c:/NXP/bstudio_nxp/workspace/ZigBee-LightLink-Test-1/Light_ColorTemperatureLight/Build/app_zcl_light_task.o
LOAD c:/NXP/bstudio_nxp/workspace/ZigBee-LightLink-Test-1/Light_ColorTemperatureLight/Build/app_light_commission_task.o
LOAD c:/NXP/bstudio_nxp/workspace/ZigBee-LightLink-Test-1/Light_ColorTemperatureLight/Build/app_manage_temperature.o
LOAD c:/NXP/bstudio_nxp/workspace/ZigBee-LightLink-Test-1/Light_ColorTemperatureLight/Build/app_light_interpolation.o
LOAD c:/NXP/bstudio_nxp/workspace/ZigBee-LightLink-Test-1/Light_ColorTemperatureLight/Build/appZpsBeaconHandler.o
LOAD c:/NXP/bstudio_nxp/workspace/ZigBee-LightLink-Test-1/Light_ColorTemperatureLight/Build/App_Light_ColorTemperatureLight.o
LOAD c:/NXP/bstudio_nxp/workspace/ZigBee-LightLink-Test-1/Light_ColorTemperatureLight/Build/DriverBulb_DR1221.o
LOAD c:/NXP/bstudio_nxp/workspace/ZigBee-LightLink-Test-1/Light_ColorTemperatureLight/Build/DriverBulb_Shim.o
LOAD c:/NXP/bstudio_nxp/workspace/ZigBee-LightLink-Test-1/Light_ColorTemperatureLight/Build/Alarms.o
LOAD c:/NXP/bstudio_nxp/workspace/ZigBee-LightLink-Test-1/Light_ColorTemperatureLight/Build/AlarmsClientCommands.o
LOAD c:/NXP/bstudio_nxp/workspace/ZigBee-LightLink-Test-1/Light_ColorTemperatureLight/Build/AlarmsCommandHandler.o
LOAD c:/NXP/bstudio_nxp/workspace/ZigBee-LightLink-Test-1/Light_ColorTemperatureLight/Build/AlarmsServerCommands.o
LOAD c:/NXP/bstudio_nxp/workspace/ZigBee-LightLink-Test-1/Light_ColorTemperatureLight/Build/AlarmsTableManager.o
LOAD c:/NXP/bstudio_nxp/workspace/ZigBee-LightLink-Test-1/Light_ColorTemperatureLight/Build/AnalogInputBasic.o
LOAD c:/NXP/bstudio_nxp/workspace/ZigBee-LightLink-Test-1/Light_ColorTemperatureLight/Build/AnalogOutputBasic.o
LOAD c:/NXP/bstudio_nxp/workspace/ZigBee-LightLink-Test-1/Light_ColorTemperatureLight/Build/Basic.o
LOAD c:/NXP/bstudio_nxp/workspace/ZigBee-LightLink-Test-1/Light_ColorTemperatureLight/Build/BasicClientCommands.o
LOAD c:/NXP/bstudio_nxp/workspace/ZigBee-LightLink-Test-1/Light_ColorTemperatureLight/Build/BasicCommandHandler.o
LOAD c:/NXP/bstudio_nxp/workspace/ZigBee-LightLink-Test-1/Light_ColorTemperatureLight/Build/BinaryInputBasic.o
LOAD c:/NXP/bstudio_nxp/workspace/ZigBee-LightLink-Test-1/Light_ColorTemperatureLight/Build/BinaryOutputBasic.o
LOAD c:/NXP/bstudio_nxp/workspace/ZigBee-LightLink-Test-1/Light_ColorTemperatureLight/Build/Commissioning.o
LOAD c:/NXP/bstudio_nxp/workspace/ZigBee-LightLink-Test-1/Light_ColorTemperatureLight/Build/DeviceTemperatureConfiguration.o
LOAD c:/NXP/bstudio_nxp/workspace/ZigBee-LightLink-Test-1/Light_ColorTemperatureLight/Build/Diagnostics.o
LOAD c:/NXP/bstudio_nxp/workspace/ZigBee-LightLink-Test-1/Light_ColorTemperatureLight/Build/DoorLock.o
LOAD c:/NXP/bstudio_nxp/workspace/ZigBee-LightLink-Test-1/Light_ColorTemperatureLight/Build/DoorLockCommandHandler.o
LOAD c:/NXP/bstudio_nxp/workspace/ZigBee-LightLink-Test-1/Light_ColorTemperatureLight/Build/DoorLockCommands.o
LOAD c:/NXP/bstudio_nxp/workspace/ZigBee-LightLink-Test-1/Light_ColorTemperatureLight/Build/ElectricalMeasurement.o
LOAD c:/NXP/bstudio_nxp/workspace/ZigBee-LightLink-Test-1/Light_ColorTemperatureLight/Build/Groups.o
LOAD c:/NXP/bstudio_nxp/workspace/ZigBee-LightLink-Test-1/Light_ColorTemperatureLight/Build/GroupsClientCommands.o
LOAD c:/NXP/bstudio_nxp/workspace/ZigBee-LightLink-Test-1/Light_ColorTemperatureLight/Build/GroupsCommandHandler.o
LOAD c:/NXP/bstudio_nxp/workspace/ZigBee-LightLink-Test-1/Light_ColorTemperatureLight/Build/GroupsServerCommands.o
LOAD c:/NXP/bstudio_nxp/workspace/ZigBee-LightLink-Test-1/Light_ColorTemperatureLight/Build/GroupsTableManager.o
LOAD c:/NXP/bstudio_nxp/workspace/ZigBee-LightLink-Test-1/Light_ColorTemperatureLight/Build/Identify.o
LOAD c:/NXP/bstudio_nxp/workspace/ZigBee-LightLink-Test-1/Light_ColorTemperatureLight/Build/IdentifyClientCommands.o
LOAD c:/NXP/bstudio_nxp/workspace/ZigBee-LightLink-Test-1/Light_ColorTemperatureLight/Build/IdentifyCommandHandler.o
LOAD c:/NXP/bstudio_nxp/workspace/ZigBee-LightLink-Test-1/Light_ColorTemperatureLight/Build/IdentifyServerCommands.o
LOAD c:/NXP/bstudio_nxp/workspace/ZigBee-LightLink-Test-1/Light_ColorTemperatureLight/Build/LevelControl.o
LOAD c:/NXP/bstudio_nxp/workspace/ZigBee-LightLink-Test-1/Light_ColorTemperatureLight/Build/LevelControlClientCommands.o
LOAD c:/NXP/bstudio_nxp/workspace/ZigBee-LightLink-Test-1/Light_ColorTemperatureLight/Build/LevelControlCommandHandler.o
LOAD c:/NXP/bstudio_nxp/workspace/ZigBee-LightLink-Test-1/Light_ColorTemperatureLight/Build/MultistateInputBasic.o
LOAD c:/NXP/bstudio_nxp/workspace/ZigBee-LightLink-Test-1/Light_ColorTemperatureLight/Build/MultistateOutputBasic.o
LOAD c:/NXP/bstudio_nxp/workspace/ZigBee-LightLink-Test-1/Light_ColorTemperatureLight/Build/OOSC.o
LOAD c:/NXP/bstudio_nxp/workspace/ZigBee-LightLink-Test-1/Light_ColorTemperatureLight/Build/OnOff.o
LOAD c:/NXP/bstudio_nxp/workspace/ZigBee-LightLink-Test-1/Light_ColorTemperatureLight/Build/OnOffCommandHandler.o
LOAD c:/NXP/bstudio_nxp/workspace/ZigBee-LightLink-Test-1/Light_ColorTemperatureLight/Build/OnOffCommands.o
LOAD c:/NXP/bstudio_nxp/workspace/ZigBee-LightLink-Test-1/Light_ColorTemperatureLight/Build/PollControl.o
LOAD c:/NXP/bstudio_nxp/workspace/ZigBee-LightLink-Test-1/Light_ColorTemperatureLight/Build/PollControlClientCommands.o
LOAD c:/NXP/bstudio_nxp/workspace/ZigBee-LightLink-Test-1/Light_ColorTemperatureLight/Build/PollControlCommandHandler.o
LOAD c:/NXP/bstudio_nxp/workspace/ZigBee-LightLink-Test-1/Light_ColorTemperatureLight/Build/PollControlServerCommands.o
LOAD c:/NXP/bstudio_nxp/workspace/ZigBee-LightLink-Test-1/Light_ColorTemperatureLight/Build/PowerConfiguration.o
LOAD c:/NXP/bstudio_nxp/workspace/ZigBee-LightLink-Test-1/Light_ColorTemperatureLight/Build/Scenes.o
LOAD c:/NXP/bstudio_nxp/workspace/ZigBee-LightLink-Test-1/Light_ColorTemperatureLight/Build/ScenesClientCommands.o
LOAD c:/NXP/bstudio_nxp/workspace/ZigBee-LightLink-Test-1/Light_ColorTemperatureLight/Build/ScenesClusterManagement.o
LOAD c:/NXP/bstudio_nxp/workspace/ZigBee-LightLink-Test-1/Light_ColorTemperatureLight/Build/ScenesCommandHandler.o
LOAD c:/NXP/bstudio_nxp/workspace/ZigBee-LightLink-Test-1/Light_ColorTemperatureLight/Build/ScenesServerCommands.o
LOAD c:/NXP/bstudio_nxp/workspace/ZigBee-LightLink-Test-1/Light_ColorTemperatureLight/Build/ScenesTableManager.o
LOAD c:/NXP/bstudio_nxp/workspace/ZigBee-LightLink-Test-1/Light_ColorTemperatureLight/Build/TC.o
LOAD c:/NXP/bstudio_nxp/workspace/ZigBee-LightLink-Test-1/Light_ColorTemperatureLight/Build/Time.o
LOAD c:/NXP/bstudio_nxp/workspace/ZigBee-LightLink-Test-1/Light_ColorTemperatureLight/Build/zll_CommissionCmdHandler.o
LOAD c:/NXP/bstudio_nxp/workspace/ZigBee-LightLink-Test-1/Light_ColorTemperatureLight/Build/zll_UtilityCmdHandler.o
LOAD c:/NXP/bstudio_nxp/workspace/ZigBee-LightLink-Test-1/Light_ColorTemperatureLight/Build/zll_commission.o
LOAD c:/NXP/bstudio_nxp/workspace/ZigBee-LightLink-Test-1/Light_ColorTemperatureLight/Build/zll_utility.o
LOAD c:/NXP/bstudio_nxp/workspace/ZigBee-LightLink-Test-1/Light_ColorTemperatureLight/Build/colour_light.o
LOAD c:/NXP/bstudio_nxp/workspace/ZigBee-LightLink-Test-1/Light_ColorTemperatureLight/Build/colour_remote.o
LOAD c:/NXP/bstudio_nxp/workspace/ZigBee-LightLink-Test-1/Light_ColorTemperatureLight/Build/colour_scene_remote.o
LOAD c:/NXP/bstudio_nxp/workspace/ZigBee-LightLink-Test-1/Light_ColorTemperatureLight/Build/colour_temperature_light.o
LOAD c:/NXP/bstudio_nxp/workspace/ZigBee-LightLink-Test-1/Light_ColorTemperatureLight/Build/commission_endpoint.o
LOAD c:/NXP/bstudio_nxp/workspace/ZigBee-LightLink-Test-1/Light_ColorTemperatureLight/Build/control_bridge.o
LOAD c:/NXP/bstudio_nxp/workspace/ZigBee-LightLink-Test-1/Light_ColorTemperatureLight/Build/dimmable_light.o
LOAD c:/NXP/bstudio_nxp/workspace/ZigBee-LightLink-Test-1/Light_ColorTemperatureLight/Build/dimmable_plug.o
LOAD c:/NXP/bstudio_nxp/workspace/ZigBee-LightLink-Test-1/Light_ColorTemperatureLight/Build/extended_colour_light.o
LOAD c:/NXP/bstudio_nxp/workspace/ZigBee-LightLink-Test-1/Light_ColorTemperatureLight/Build/non_colour_remote.o
LOAD c:/NXP/bstudio_nxp/workspace/ZigBee-LightLink-Test-1/Light_ColorTemperatureLight/Build/non_colour_scene_remote.o
LOAD c:/NXP/bstudio_nxp/workspace/ZigBee-LightLink-Test-1/Light_ColorTemperatureLight/Build/on_off_light.o
LOAD c:/NXP/bstudio_nxp/workspace/ZigBee-LightLink-Test-1/Light_ColorTemperatureLight/Build/on_off_plug.o
LOAD c:/NXP/bstudio_nxp/workspace/ZigBee-LightLink-Test-1/Light_ColorTemperatureLight/Build/on_off_sensor.o
LOAD c:/NXP/bstudio_nxp/workspace/ZigBee-LightLink-Test-1/Light_ColorTemperatureLight/Build/zll.o
LOAD c:/NXP/bstudio_nxp/workspace/ZigBee-LightLink-Test-1/Light_ColorTemperatureLight/Build/BallastConfiguration.o
LOAD c:/NXP/bstudio_nxp/workspace/ZigBee-LightLink-Test-1/Light_ColorTemperatureLight/Build/ColourControl.o
LOAD c:/NXP/bstudio_nxp/workspace/ZigBee-LightLink-Test-1/Light_ColorTemperatureLight/Build/ColourControlClientCommands.o
LOAD c:/NXP/bstudio_nxp/workspace/ZigBee-LightLink-Test-1/Light_ColorTemperatureLight/Build/ColourControlCommandHandler.o
LOAD c:/NXP/bstudio_nxp/workspace/ZigBee-LightLink-Test-1/Light_ColorTemperatureLight/Build/ColourControlConversions.o
LOAD c:/NXP/bstudio_nxp/workspace/ZigBee-LightLink-Test-1/Light_ColorTemperatureLight/Build/dlist.o
LOAD c:/NXP/bstudio_nxp/workspace/ZigBee-LightLink-Test-1/Light_ColorTemperatureLight/Build/zcl.o
LOAD c:/NXP/bstudio_nxp/workspace/ZigBee-LightLink-Test-1/Light_ColorTemperatureLight/Build/zcl_CustomCommandReceive.o
LOAD c:/NXP/bstudio_nxp/workspace/ZigBee-LightLink-Test-1/Light_ColorTemperatureLight/Build/zcl_CustomCommandSend.o
LOAD c:/NXP/bstudio_nxp/workspace/ZigBee-LightLink-Test-1/Light_ColorTemperatureLight/Build/zcl_PDUbufferReadWrite.o
LOAD c:/NXP/bstudio_nxp/workspace/ZigBee-LightLink-Test-1/Light_ColorTemperatureLight/Build/zcl_PDUbufferReadWriteString.o
LOAD c:/NXP/bstudio_nxp/workspace/ZigBee-LightLink-Test-1/Light_ColorTemperatureLight/Build/zcl_WriteAttributesRequestHandle.o
LOAD c:/NXP/bstudio_nxp/workspace/ZigBee-LightLink-Test-1/Light_ColorTemperatureLight/Build/zcl_WriteAttributesRequestSend.o
LOAD c:/NXP/bstudio_nxp/workspace/ZigBee-LightLink-Test-1/Light_ColorTemperatureLight/Build/zcl_WriteAttributesResponseHandle.o
LOAD c:/NXP/bstudio_nxp/workspace/ZigBee-LightLink-Test-1/Light_ColorTemperatureLight/Build/zcl_attribute.o
LOAD c:/NXP/bstudio_nxp/workspace/ZigBee-LightLink-Test-1/Light_ColorTemperatureLight/Build/zcl_buffer.o
LOAD c:/NXP/bstudio_nxp/workspace/ZigBee-LightLink-Test-1/Light_ColorTemperatureLight/Build/zcl_clusterCommand.o
LOAD c:/NXP/bstudio_nxp/workspace/ZigBee-LightLink-Test-1/Light_ColorTemperatureLight/Build/zcl_command.o
LOAD c:/NXP/bstudio_nxp/workspace/ZigBee-LightLink-Test-1/Light_ColorTemperatureLight/Build/zcl_configureReportingCommandHandle.o
LOAD c:/NXP/bstudio_nxp/workspace/ZigBee-LightLink-Test-1/Light_ColorTemperatureLight/Build/zcl_configureReportingCommandSend.o
LOAD c:/NXP/bstudio_nxp/workspace/ZigBee-LightLink-Test-1/Light_ColorTemperatureLight/Build/zcl_configureReportingResponseHandle.o
LOAD c:/NXP/bstudio_nxp/workspace/ZigBee-LightLink-Test-1/Light_ColorTemperatureLight/Build/zcl_defaultResponse.o
LOAD c:/NXP/bstudio_nxp/workspace/ZigBee-LightLink-Test-1/Light_ColorTemperatureLight/Build/zcl_discoverAttributesExtendedRequestHandle.o
LOAD c:/NXP/bstudio_nxp/workspace/ZigBee-LightLink-Test-1/Light_ColorTemperatureLight/Build/zcl_discoverAttributesExtendedRequestSend.o
LOAD c:/NXP/bstudio_nxp/workspace/ZigBee-LightLink-Test-1/Light_ColorTemperatureLight/Build/zcl_discoverAttributesExtendedResponseHandle.o
LOAD c:/NXP/bstudio_nxp/workspace/ZigBee-LightLink-Test-1/Light_ColorTemperatureLight/Build/zcl_discoverAttributesRequestHandle.o
LOAD c:/NXP/bstudio_nxp/workspace/ZigBee-LightLink-Test-1/Light_ColorTemperatureLight/Build/zcl_discoverAttributesRequestSend.o
LOAD c:/NXP/bstudio_nxp/workspace/ZigBee-LightLink-Test-1/Light_ColorTemperatureLight/Build/zcl_discoverAttributesResponseHandle.o
LOAD c:/NXP/bstudio_nxp/workspace/ZigBee-LightLink-Test-1/Light_ColorTemperatureLight/Build/zcl_discoverCommandsRequestHandle.o
LOAD c:/NXP/bstudio_nxp/workspace/ZigBee-LightLink-Test-1/Light_ColorTemperatureLight/Build/zcl_discoverCommandsRequestSend.o
LOAD c:/NXP/bstudio_nxp/workspace/ZigBee-LightLink-Test-1/Light_ColorTemperatureLight/Build/zcl_discoverCommandsResponseHandle.o
LOAD c:/NXP/bstudio_nxp/workspace/ZigBee-LightLink-Test-1/Light_ColorTemperatureLight/Build/zcl_event.o
LOAD c:/NXP/bstudio_nxp/workspace/ZigBee-LightLink-Test-1/Light_ColorTemperatureLight/Build/zcl_heap.o
LOAD c:/NXP/bstudio_nxp/workspace/ZigBee-LightLink-Test-1/Light_ColorTemperatureLight/Build/zcl_library_options.o
LOAD c:/NXP/bstudio_nxp/workspace/ZigBee-LightLink-Test-1/Light_ColorTemperatureLight/Build/zcl_readAttributesRequestHandle.o
LOAD c:/NXP/bstudio_nxp/workspace/ZigBee-LightLink-Test-1/Light_ColorTemperatureLight/Build/zcl_readAttributesRequestSend.o
LOAD c:/NXP/bstudio_nxp/workspace/ZigBee-LightLink-Test-1/Light_ColorTemperatureLight/Build/zcl_readAttributesResponseHandle.o
LOAD c:/NXP/bstudio_nxp/workspace/ZigBee-LightLink-Test-1/Light_ColorTemperatureLight/Build/zcl_readReportingConfigurationCommandHandle.o
LOAD c:/NXP/bstudio_nxp/workspace/ZigBee-LightLink-Test-1/Light_ColorTemperatureLight/Build/zcl_readReportingConfigurationCommandSend.o
LOAD c:/NXP/bstudio_nxp/workspace/ZigBee-LightLink-Test-1/Light_ColorTemperatureLight/Build/zcl_readReportingConfigurationResponseHandle.o
LOAD c:/NXP/bstudio_nxp/workspace/ZigBee-LightLink-Test-1/Light_ColorTemperatureLight/Build/zcl_reportManager.o
LOAD c:/NXP/bstudio_nxp/workspace/ZigBee-LightLink-Test-1/Light_ColorTemperatureLight/Build/zcl_reportMaths.o
LOAD c:/NXP/bstudio_nxp/workspace/ZigBee-LightLink-Test-1/Light_ColorTemperatureLight/Build/zcl_reportScheduler.o
LOAD c:/NXP/bstudio_nxp/workspace/ZigBee-LightLink-Test-1/Light_ColorTemperatureLight/Build/zcl_reportStringHandling.o
LOAD c:/NXP/bstudio_nxp/workspace/ZigBee-LightLink-Test-1/Light_ColorTemperatureLight/Build/zcl_reportStructure.o
LOAD c:/NXP/bstudio_nxp/workspace/ZigBee-LightLink-Test-1/Light_ColorTemperatureLight/Build/zcl_search.o
LOAD c:/NXP/bstudio_nxp/workspace/ZigBee-LightLink-Test-1/Light_ColorTemperatureLight/Build/zcl_timer.o
LOAD c:/NXP/bstudio_nxp/workspace/ZigBee-LightLink-Test-1/Light_ColorTemperatureLight/Build/zcl_transmit.o
LOAD c:/NXP/bstudio_nxp/sdk/JN-SW-4168/Components/Library\libZPSMAC_Mini_JN516x.a
LOAD c:/NXP/bstudio_nxp/sdk/JN-SW-4168/Components/Library\libOS_JN516x.a
LOAD c:/NXP/bstudio_nxp/sdk/JN-SW-4168/Components/Library\libPWRM_JN516x.a
LOAD c:/NXP/bstudio_nxp/sdk/JN-SW-4168/Components/Library\libZPSTSV_JN516x.a
LOAD c:/NXP/bstudio_nxp/sdk/JN-SW-4168/Components/Library\libAES_SW_JN516x.a
LOAD c:/NXP/bstudio_nxp/sdk/JN-SW-4168/Components/Library\libPDUM_JN516x.a
LOAD c:/NXP/bstudio_nxp/sdk/JN-SW-4168/Components/Library\libZPSAPL_JN516x.a
LOAD c:/NXP/bstudio_nxp/sdk/JN-SW-4168/Components/Library\libRandom_JN516x.a
LOAD c:/NXP/bstudio_nxp/sdk/JN-SW-4168/Components/Library\libPDM_EEPROM_JN516x.a
LOAD c:/NXP/bstudio_nxp/sdk/JN-SW-4168/Components/Library\libDBG_JN516x.a
LOAD c:/NXP/bstudio_nxp/sdk/JN-SW-4168/Components/Library\libZPSZLL_JN516x.a
LOAD c:/NXP/bstudio_nxp/sdk/JN-SW-4168/Components/Library\libZPSNWK_JN516x.a
LOAD c:/NXP/bstudio_nxp/sdk/JN-SW-4168/Components/Library\libRecal_JN516x.a
LOAD c:/NXP/bstudio_nxp/sdk/JN-SW-4168/Components/Library\libMiniMac_JN516x.a
LOAD c:/NXP/bstudio_nxp/sdk/JN-SW-4168/Components/Library\libMiniMacShim_JN516x.a
LOAD c:/NXP/bstudio_nxp/sdk/JN-SW-4168/Components/Library\libMMAC_JN516x.a
LOAD c:/NXP/bstudio_nxp/sdk/JN-SW-4168/Components/Library\libAes_JN516x.a
LOAD c:/NXP/bstudio_nxp/sdk/JN-SW-4168/Components/Library\libHardwareApi_JN516x.a
LOAD c:/NXP/bstudio_nxp/sdk/JN-SW-4168/Components/Library\libMicroSpecific_JN516x.a
LOAD c:/NXP/bstudio_nxp/sdk/JN-SW-4168/Components/Library\libBoot_JN516x.a
LOAD c:/nxp/bstudio_nxp/sdk/tools/ba-elf-ba2-r36379/bin/../lib/gcc/ba-elf/4.7.4/../../../../ba-elf/lib/mcpu_jn51xx_sizeopt\libm.a
END GROUP
LOAD c:/nxp/bstudio_nxp/sdk/tools/ba-elf-ba2-r36379/bin/../lib/gcc/ba-elf/4.7.4/../../../../ba-elf/lib/mcpu_jn51xx_sizeopt\libc.a
LOAD c:/nxp/bstudio_nxp/sdk/tools/ba-elf-ba2-r36379/bin/../lib/gcc/ba-elf/4.7.4/mcpu_jn51xx_sizeopt\libgcc.a
LOAD c:/nxp/bstudio_nxp/sdk/tools/ba-elf-ba2-r36379/bin/../lib/gcc/ba-elf/4.7.4/../../../../ba-elf/lib/mcpu_jn51xx_sizeopt\libc.a
                0x0000000000080038                _exception_vsr_table = 0x80038
                0x0000000004000000                pSPIflashFncTable = 0x4000000
                0x0000000000000044                restore_state = 0x44
                0x000000000000004a                bZSPIWaitWIPClear = 0x4a
                0x0000000000000050                u16ZSPIflashRDID = 0x50
                0x0000000000000056                u8SelectFlashChipType = 0x56
                0x000000000000005c                memcpy = 0x5c
                0x0000000000000066                vBootFlashProg = 0x66
                [0x00000000000007d0]                __minimum_heap_size = DEFINED (__minimum_heap_size)?__minimum_heap_size:0xd16
                [0x0000000000001388]                __stack_size = DEFINED (__stack_size)?__stack_size:0x800
                0x0000000000000000                _SwConfig = (DEFINED (g_bSWConf_Debug) | (DEFINED (g_bSWConf_AltDebugPort) << 0x1))

.version        0x000000000007fffc        0x4
                0x000000000007fffc        0x4 LONG 0x7030008

.bir            0x0000000000080000       0x10
                0x0000000000080000                _flash_start = ABSOLUTE (.)
                0x0000000000080000                _flash_beg = ABSOLUTE (.)
                0x0000000000080000        0x4 LONG 0x12345678
                0x0000000000080004        0x4 LONG 0x11223344
                0x0000000000080008        0x4 LONG 0x55667788
                0x000000000008000c        0x1 BYTE 0x8
                0x000000000008000d        0x1 BYTE 0x1
                0x000000000008000e        0x2 SHORT 0x0

.flashheader    0x0000000000080010       0x28
                0x0000000000080010        0x4 LONG 0x0
                0x0000000000080014        0x4 LONG 0x0
                0x0000000000080018        0x4 LONG 0x0
                0x000000000008001c        0x2 SHORT 0x0
                0x000000000008001e        0x2 SHORT 0x0 ABSOLUTE (_SwConfig)
                0x0000000000080020                _enc_start = ABSOLUTE (.)
                0x0000000000080020        0x4 LONG 0x26368 ABSOLUTE (_image_len)
                0x0000000000080024        0x4 LONG 0xa59c0 ABSOLUTE (_flash_data_start)
                0x0000000000080028        0x2 SHORT 0x13 ((ABSOLUTE (_ram_data_start) / 0x4) & 0xffff)
                0x000000000008002a        0x2 SHORT 0x26a ((ABSOLUTE (_ram_data_len) / 0x4) & 0xffff)
                0x000000000008002c        0x2 SHORT 0x27d ((ABSOLUTE (_bss_start) / 0x4) & 0xffff)
                0x000000000008002e        0x2 SHORT 0xf5f ((ABSOLUTE (_bss_len) / 0x4) & 0xffff)
                0x0000000000080030        0x4 LONG 0xa1a0c ABSOLUTE (AppWarmStart)
                0x0000000000080034        0x4 LONG 0xa1a26 ABSOLUTE (AppColdStart)
                0x0000000000000000                _enc_offset = (_enc_start & 0xf)

.ro_mac_address
                0x0000000000080040        0x0
                0x0000000000080040                _FlsMACAddress = ABSOLUTE (.)
 *(.ro_mac_address)
                0x0000000000080040                . = ALIGN (0x10)

.ro_ota_header  0x0000000000080040        0x0
                0x0000000000080040                _FlsOtaHeader = ABSOLUTE (.)
 *(.ro_ota_header)
                0x0000000000080040                . = ALIGN (0x10)

.ro_se_lnkKey   0x0000000000080040        0x0
                0x0000000000080040                _FlsLinkKey = ABSOLUTE (.)
 *(.ro_se_lnkKey)
                0x0000000000080040                . = ALIGN (0x10)

.rodata         0x0000000000080038      0xe50
 *(.rodata*)
 .rodata.str1.1
                0x0000000000080038       0x1f C:\Users\brend\AppData\Local\Temp\cckGb0Ti.ltrans0.ltrans.o
 *fill*         0x0000000000080057        0x1 00
 .rodata        0x0000000000080058      0x13c C:\Users\brend\AppData\Local\Temp\cckGb0Ti.ltrans0.ltrans.o
                0x0000000000080058                gMAC_u8MaxBuffers
                0x000000000008005c                g_u32ApsFcSaveCountBitShift
                0x0000000000080060                u8MaxZpsConfigEp
                0x0000000000080061                au8EpMapPresent
                0x0000000000080064                s_groupPdmTable
 .rodata.str1.1
                0x0000000000000000       0x1f C:\Users\brend\AppData\Local\Temp\cckGb0Ti.ltrans1.ltrans.o
                                          0x8 (size before relaxing)
 .rodata        0x0000000000080194       0x30 C:\Users\brend\AppData\Local\Temp\cckGb0Ti.ltrans1.ltrans.o
 .rodata.str1.1
                0x0000000000000000       0x1f C:\Users\brend\AppData\Local\Temp\cckGb0Ti.ltrans2.ltrans.o
                                          0xb (size before relaxing)
 .rodata        0x00000000000801c4        0x6 C:\Users\brend\AppData\Local\Temp\cckGb0Ti.ltrans2.ltrans.o
 .rodata.str1.1
                0x00000000000801ca        0x7 C:\Users\brend\AppData\Local\Temp\cckGb0Ti.ltrans3.ltrans.o
                                          0xc (size before relaxing)
 .rodata.str1.1
                0x00000000000801d1        0x4 C:\Users\brend\AppData\Local\Temp\cckGb0Ti.ltrans4.ltrans.o
                                          0x8 (size before relaxing)
 .rodata.str1.1
                0x00000000000801d5       0x21 C:\Users\brend\AppData\Local\Temp\cckGb0Ti.ltrans5.ltrans.o
                                         0x39 (size before relaxing)
 .rodata.str1.1
                0x0000000000000000       0x21 C:\Users\brend\AppData\Local\Temp\cckGb0Ti.ltrans7.ltrans.o
                                          0x4 (size before relaxing)
 .rodata        0x00000000000801f6       0x10 C:\Users\brend\AppData\Local\Temp\cckGb0Ti.ltrans7.ltrans.o
 .rodata.str1.1
                0x0000000000000000       0x21 C:\Users\brend\AppData\Local\Temp\cckGb0Ti.ltrans8.ltrans.o
                                          0x7 (size before relaxing)
 *fill*         0x0000000000080206        0x2 00
 .rodata        0x0000000000080208       0x20 C:\Users\brend\AppData\Local\Temp\cckGb0Ti.ltrans9.ltrans.o
                0x0000000000080210                au32UartAddrOffset
 .rodata.str1.1
                0x0000000000080228        0x3 C:\Users\brend\AppData\Local\Temp\cckGb0Ti.ltrans9.ltrans.o
 .rodata.str1.1
                0x000000000008022b       0xb7 C:\Users\brend\AppData\Local\Temp\cckGb0Ti.ltrans11.ltrans.o
 .rodata        0x00000000000802e2        0x8 C:\Users\brend\AppData\Local\Temp\cckGb0Ti.ltrans11.ltrans.o
 *fill*         0x00000000000802ea        0x2 00
 .rodata        0x00000000000802ec      0x200 C:\Users\brend\AppData\Local\Temp\cckGb0Ti.ltrans12.ltrans.o
                0x00000000000802ec                s_apsStSceTbl.129709
                0x0000000000080300                s_apsStSmeTbl.129772
                0x0000000000080314                s_aprIdleStHandleCme.139690
                0x0000000000080328                s_aprActvStHandleCme.135822
                0x000000000008034c                bRxOnOptimisationTurnedOff
                0x0000000000080370                zps_sJoinSceTbl
                0x000000000008037c                zps_sActvSceTbl
                0x0000000000080388                zps_sDiscSmeTbl
                0x0000000000080394                zps_sFormSmeTbl
                0x00000000000803a0                zps_sJoinSmeTbl
                0x00000000000803ac                zps_sActvSmeTbl
 .rodata.str1.1
                0x00000000000804ec        0x6 C:\Users\brend\AppData\Local\Temp\cckGb0Ti.ltrans14.ltrans.o
 *fill*         0x00000000000804f2        0x2 00
 .rodata        0x00000000000804f4       0x18 C:\Users\brend\AppData\Local\Temp\cckGb0Ti.ltrans14.ltrans.o
                0x00000000000804f4                au32NwkPdmRecordOffsets
 .rodata.str1.1
                0x0000000000000000        0x6 C:\Users\brend\AppData\Local\Temp\cckGb0Ti.ltrans15.ltrans.o
 .rodata        0x000000000008050c       0x4c C:\Users\brend\AppData\Local\Temp\cckGb0Ti.ltrans15.ltrans.o
                0x000000000008050c                g_u32NwkFcSaveCountBitShift
 .rodata.str1.1
                0x0000000000000000        0x3 C:\Users\brend\AppData\Local\Temp\cckGb0Ti.ltrans16.ltrans.o
 .rodata.str1.1
                0x0000000000080558        0x5 C:\Users\brend\AppData\Local\Temp\cckGb0Ti.ltrans17.ltrans.o
                                         0x17 (size before relaxing)
 *fill*         0x000000000008055d        0x3 00
 .rodata        0x0000000000080560       0x24 C:\Users\brend\AppData\Local\Temp\cckGb0Ti.ltrans19.ltrans.o
                0x0000000000080560                au8FlashWaitStatesHSRCO.148458
                0x0000000000080568                au8FlashWaitStates32MXO.148457
 .rodata.str1.1
                0x0000000000000000        0x4 C:\Users\brend\AppData\Local\Temp\cckGb0Ti.ltrans20.ltrans.o
 .rodata.str1.1
                0x0000000000080584        0xa C:\Users\brend\AppData\Local\Temp\cckGb0Ti.ltrans21.ltrans.o
                                         0x19 (size before relaxing)
 .rodata.str1.1
                0x000000000008058e        0x9 C:\Users\brend\AppData\Local\Temp\cckGb0Ti.ltrans23.ltrans.o
                                         0x1a (size before relaxing)
 .rodata.str1.1
                0x0000000000000000        0x9 C:\Users\brend\AppData\Local\Temp\cckGb0Ti.ltrans24.ltrans.o
                                          0x6 (size before relaxing)
 .rodata.str1.1
                0x0000000000080597       0x2c C:\Users\brend\AppData\Local\Temp\cckGb0Ti.ltrans25.ltrans.o
                                         0x4a (size before relaxing)
 .rodata.str1.1
                0x0000000000000000        0x5 C:\Users\brend\AppData\Local\Temp\cckGb0Ti.ltrans26.ltrans.o
 .rodata        0x00000000000805c3      0x107 C:\Users\brend\AppData\Local\Temp\cckGb0Ti.ltrans26.ltrans.o
                0x00000000000805c3                au8ZLLChannelSet
 *fill*         0x00000000000806ca        0x2 00
 .rodata        0x00000000000806cc      0x318 C:\Users\brend\AppData\Local\Temp\cckGb0Ti.ltrans27.ltrans.o
                0x00000000000808cc                gu32ZCLVersion
                0x00000000000808d0                OS_g_u32Version
                0x00000000000808d4                PDUM_g_u32Version
                0x00000000000808d8                ZPS_g_u32MacVersion
                0x00000000000808dc                ZPS_g_u32TsvVersion
 .rodata.str1.1
                0x00000000000809e4       0x21 C:\Users\brend\AppData\Local\Temp\cckGb0Ti.ltrans29.ltrans.o
                                         0x43 (size before relaxing)
 .rodata.str1.1
                0x0000000000080a05       0x8e C:\Users\brend\AppData\Local\Temp\cckGb0Ti.ltrans30.ltrans.o
 *fill*         0x0000000000080a93        0x1 00
 .rodata        0x0000000000080a94      0x3f4 C:\Users\brend\AppData\Local\Temp\cckGb0Ti.ltrans30.ltrans.o
                0x0000000000080a94                zps_g_pvApl
                0x0000000000080a98                au32TimerBaseAddress
                0x0000000000080aac                pwrm_psWakeupCallbacks

.text           0x0000000000080e88    0x24b36
 *(.text*)
 .text          0x0000000000080e88     0x1e40 C:\Users\brend\AppData\Local\Temp\cckGb0Ti.ltrans0.ltrans.o
                0x0000000000080e88                vInitialiseApp.3306
                0x0000000000080e88                APP_TIMER_Version_1v0
 .text          0x0000000000082cc8     0x178a C:\Users\brend\AppData\Local\Temp\cckGb0Ti.ltrans1.ltrans.o
                0x0000000000082cc8                DBG_iUartGetChar
                0x0000000000082d18                vMMAC_IntHandlerBbc
                0x0000000000082d32                eBasicTxCompleteHandler
                0x0000000000082d37                vTxRxTimeout.145901
                0x0000000000082d94                eSmeAcScBeaconInd.137785
                0x0000000000082df0                eSmeASFlBeaconInd.137620
                0x0000000000082e12                eSmeUDNTScanDcfm.137070
                0x0000000000082e2e                vPermitJoinHandleExpiry.132621
                0x0000000000082e37                vNwkMcpsTimerCallback
                0x0000000000082e51                zps_eSceGenlIllegal
                0x0000000000082e58                zps_eSmeGenlIllegal
                0x0000000000082e5f                DBG_vUartFailedAssert
                0x0000000000082ece                boSearchForWearCountSubstitute.123091
                0x0000000000082ef4                pvHeap_Alloc
                0x0000000000082ef6                vMicroIntRestoreState
                0x0000000000082f02                bAHI_WriteEEPROMfixSegmentData
                0x0000000000082f60                bAHI_InitialiseEEPROM
                0x0000000000082fa8                vAHI_ReadDataFromEEPROMregister
                0x0000000000082fd5                vAHI_WriteDataIntoEEPROMregister
                0x0000000000083005                iPDM_WriteSegmentHeaderDataIntoEEPROMsegment
                0x0000000000083034                u8AHI_WakeTimerFiredStatus
                0x0000000000083048                vAHI_WakeTimerStop.part.3.148952
                0x0000000000083068                vAHI_UartReset.part.4.148706
                0x00000000000830a0                vAHI_ClockXtalPull
                0x00000000000830bd                vAHI_OptimiseWaitStates
                0x0000000000083109                bAHI_GetClkSource
                0x0000000000083116                vAHI_CpuDoze
                0x0000000000083129                vAHI_SwReset
                0x000000000008315a                vAHI_DioSetOutput
                0x000000000008316e                DriverBulb_vOff
                0x0000000000083193                vAHI_DioSetDirection
                0x00000000000831a7                bAHI_APRegulatorEnabled
                0x00000000000831b4                bIssueACIcommand
                0x000000000008324a                vACI_CmdWaitBusy
                0x0000000000083257                vEcbEncodeStripe.148038
                0x00000000000832ae                psSearchForFrameToSend
                0x0000000000083305                eMiniMac_FrameInProgress
                0x0000000000083330                vRemoveFromTxQueue
                0x000000000008336c                vAddToTxQueue
                0x00000000000833a2                u8GetHeaderSize
                0x00000000000833ca                vMiniMac_PLME_SetReq_CcaMode
                0x00000000000833de                vMiniMac_MLME_SetReq_MaxCsmaBackoffs
                0x00000000000833fe                vMiniMac_MLME_SetReq_MaxBe
                0x0000000000083421                vMiniMac_MLME_SetReq_MinBe
                0x0000000000083444                zps_psFormatCmdFrameGeneral
                0x00000000000834d1                zps_eNwkFormStInit
                0x00000000000834e6                bCheckMatchingEntry.137780
                0x000000000008350c                zps_psNwkSlistRemoveFromHead
                0x0000000000083523                zps_psNwkSlistRemove
                0x000000000008355b                zps_bNwkMcpsMgrRemoveDescrFromLists
                0x0000000000083599                zps_vNwkSlistAddToTail
                0x00000000000835b3                zps_vNwkSecClearMatSet
                0x00000000000835dd                ZPS_bNwkSecHaveNetworkKey
                0x0000000000083611                ZPS_bNwkSecFindMatSet
                0x000000000008364d                zps_eNwkRctMatchNwkAddr
                0x00000000000836b7                ZPS_u8NwkCalcNldeReqOverhead
                0x00000000000836f2                zps_vRemoveNextHop
                0x00000000000837a7                zps_vRemoveRoute
                0x000000000008383e                zps_psNwkRtMatchNwkAddr
                0x00000000000838b4                zps_vNwkFreeMcpsHandle
                0x00000000000838de                zps_psNwkMcpsMgrFindPendingByNwkDstAddr
                0x00000000000838f4                ZPS_u64NwkNibGetMappedIeeeAddr
                0x0000000000083916                ZPS_vNwkSecResetDevice
                0x000000000008395b                ZPS_bNwkNibNtActvMatch
                0x0000000000083a13                bCheckNwkAddr
                0x0000000000083a61                ZPS_vSetExtendedStatus
                0x0000000000083a73                zps_eNwkRtMatch
                0x0000000000083b8c                zps_psApsApsAllocateDcfmRecord
                0x0000000000083bfa                zps_u8CalcLinkCost
                0x0000000000083c36                ZPS_u8NwkNibNtDiscMatch
                0x0000000000083d1a                zps_u64NwkLibFromPayload
                0x0000000000083eb7                eSmeAcScBeaconInd.137628
                0x0000000000083fbf                eSmeUDNTBeaconInd.137604
                0x0000000000083fe2                zps_vNwkLibU64ToPayload
                0x000000000008400f                zps_vInitBeaconPayload
                0x000000000008408b                zps_eNwkDcfmIndPost
                0x00000000000840ae                zps_psNwkDcfmIndGetBuf
                0x00000000000840d0                zps_eNwkHandleSmePollDcfm
                0x00000000000840fa                eLeaveDataDcfmRemoteLeave.142367
                0x0000000000084143                zps_vSendJoinInd
                0x00000000000841b3                vSendDcfm.138306
                0x00000000000841d7                eSmeEdScScanDcfm.137608
                0x0000000000084220                eSmeGenlScanDcfm.137612
                0x000000000008427e                eRouteRequestDataDcfm.133793
                0x00000000000842d2                eNldeDataDcfm.131628
                0x0000000000084302                zps_vSendNwkStatusInd
                0x0000000000084333                DBG_vInit
                0x0000000000084375                vPDM_ReadBitmapHeader.123205
                0x0000000000084394                psSLISTsearch
                0x00000000000843d4                psSLISTremove
 .text          0x0000000000084452     0x1221 C:\Users\brend\AppData\Local\Temp\cckGb0Ti.ltrans2.ltrans.o
                0x0000000000084452                zps_bAplZdoMatchDescServer
                0x0000000000084466                AESSW_vMMOBlockUpdate
                0x00000000000844b6                AESSW_vMMOFinalUpdate
                0x0000000000084578                u8PDM_CalculateFileSystemCapacity
                0x0000000000084596                zps_vSendJoinDcfm
                0x00000000000845dc                vGiveUp.140932
                0x0000000000084614                PDUM_eNPduAllocate
                0x0000000000084683                zps_u8AplApsConstructAndPostLoopBackDataInd.66649
                0x00000000000847bc                u8PostUnicastMsgToNHLE.66657
                0x00000000000847f5                PDUM_eNPduClone
                0x0000000000084841                PDUM_eNPduFree
                0x00000000000848ae                vPostVsMcpsDcfmInd.79949
                0x0000000000084998                ZPS_vInterceptMcpsDataCallback
                0x00000000000849fa                zps_vNwkMcpsMgrFreeReqDescr
                0x0000000000084a2c                vFreePendingReqDescr
                0x0000000000084a96                vHandleRouteDiscoveryExpiry.133353
                0x0000000000084af4                zps_psAllocateAndFormatMacHdr
                0x0000000000084ddd                zps_psNwkInitCmdFrame
                0x0000000000084e5c                eSendLinkStatusDataDcfm.part.1.127499
                0x0000000000084f8e                zps_vNwkRemoveConflictedBroadcast
                0x0000000000084fe0                zps_vNwkMcpsMgrTidyBtrReqDescr
                0x0000000000085024                vNwkBttTimerExpiry.135870
                0x0000000000085141                MAC_vHandleMcpsVsReqRsp
                0x0000000000085464                hZCL_AllocateAPduInstance
                0x00000000000854a0                eZCL_TransmitInterPanRequest.constprop.32
                0x000000000008550b                eCLD_ZllCommissionCommandNetworkJoinRouterRspCommandSend.constprop.27
                0x0000000000085535                eSendScanResponse.6945.constprop.30
 .text          0x0000000000085673     0x1448 C:\Users\brend\AppData\Local\Temp\cckGb0Ti.ltrans3.ltrans.o
                0x000000000008575f                vIncrementFrameCounterInPdm.isra.0.130840
                0x000000000008593e                vProcessListsForSubmission.129550
                0x0000000000085bf8                zps_vNwkMcpsMgrPost
                0x0000000000085d2e                zps_eNwkHandleSceRouteRequest
                0x000000000008615d                zps_eNwkHandleSceRouteReply
                0x00000000000864c4                zps_vNwkHandleCmeLeaveReq
                0x0000000000086592                zps_eNwkHandleSceLeave
                0x0000000000086754                zps_eNwkHandleSdeActvDcfmData
                0x00000000000868de                vMcpsMgrTimeoutExpiry
                0x000000000008694d                iPDM_VerifyDataSequenceWithBufferId
                0x00000000000869ef                eCLD_GroupsRemoveAllGroups
                0x0000000000086aa9                vRemoveAllGroupsAndScenes
 .text          0x0000000000086abb      0xf50 C:\Users\brend\AppData\Local\Temp\cckGb0Ti.ltrans4.ltrans.o
                0x0000000000086abb                eBeaconReqSent.146677
                0x0000000000086ae2                zps_bAplZdoNwkAddrServer
                0x0000000000086c63                zps_bAplZdoIeeeAddrServer
                0x0000000000086f02                vPDM_AddFileSystemElementToListInAscendingWearCountOrder
                0x0000000000087010                vPDM_MoveAllDataFromListToList
                0x000000000008704e                vPDM_MoveAllDataWithBufferIdFromListToList
                0x00000000000870d3                vPDM_DeleteAllSegmentsWithIdFromFileSystemList
                0x000000000008710f                vPDM_MoveFileRecordFromListToList
                0x0000000000087132                vPDM_MoveRecordToDeAllocList
                0x0000000000087152                iPDM_WriteSegmentHeaderAndData
                0x000000000008734e                iPDM_SegmentCopyAndAppendData.constprop.148
                0x00000000000873ab                vRGBLight_SetLevels
                0x00000000000873e2                APP_vHandleIdentify
                0x000000000008745a                APP_ZCL_cbEndpointCallback.5999
                0x0000000000087644                vMiniMac_McpsCallback
                0x0000000000087870                eMcpsTxCompleteHandler.145530
                0x000000000008789e                PWRM_vManagePower
                0x00000000000879db                vTransformKey.isra.0.69590
 .text.unlikely
                0x0000000000087a0b       0xaa C:\Users\brend\AppData\Local\Temp\cckGb0Ti.ltrans4.ltrans.o
                0x0000000000087a0b                eMakeEntryInBindingTable.68085
 *fill*         0x0000000000087ab5        0x3 00
 .text          0x0000000000087ab8     0x13b0 C:\Users\brend\AppData\Local\Temp\cckGb0Ti.ltrans5.ltrans.o
                0x0000000000087c29                vHandleZllDeviceJoin
                0x0000000000087f55                vPostNldeDcfmInd.64062
                0x0000000000088a73                eUnfragmentedUnicastTransmission.66632
                0x0000000000088d22                zps_eAplApsmeUpdateDeviceReqRsp.part.4.68196
 .text          0x0000000000088e68     0x1350 C:\Users\brend\AppData\Local\Temp\cckGb0Ti.ltrans6.ltrans.o
                0x0000000000088e68                vMcpsMgrExpiry.129434
                0x0000000000088ec7                zps_vNwkHandleCmeRouteDiscoveryReq
                0x0000000000088f4d                vAckTimeOutHandler
                0x0000000000088ff8                vMiniMac_MlmeCallback
                0x00000000000892e3                vSendMlmeCommStatusFromTxFrame
                0x0000000000089339                MAC_vHandleMlmeVsReqRsp.constprop.101
                0x0000000000089b65                vScanBeaconReceived
                0x0000000000089ba4                vPostDcfm.146692
                0x0000000000089c0d                vScanNextChannel.146698
                0x0000000000089e17                vRunningRxCallback
                0x000000000008a170                ZPS_vNwkResetOutgoingFrameCounter
 .text          0x000000000008a1b8     0x1300 C:\Users\brend\AppData\Local\Temp\cckGb0Ti.ltrans7.ltrans.o
                0x000000000008a267                zps_eNwkHandleSmeOrphanInd
                0x000000000008a4f1                zps_eNwkHandleSceNwkStatus
                0x000000000008a854                zps_eNwkHandleSmeAssocInd
                0x000000000008a876                zps_eNwkHandleSceRejnRequest
                0x000000000008a8f6                vStartScanTimerExpiry.97966
                0x000000000008a932                zps_vAplApsPollTimer
                0x000000000008aafe                vPostNlmeDcfmInd.64041
                0x000000000008b212                zps_eProcessAddrConflict
                0x000000000008b3bf                vDiscoverNetworks.4574
                0x000000000008b42a                vTryNwkJoin.4578
 .text          0x000000000008b4b8     0x1700 C:\Users\brend\AppData\Local\Temp\cckGb0Ti.ltrans8.ltrans.o
                0x000000000008b4b8                OS_eExitCriticalSection
                0x000000000008b59d                PDUM_hAPduAllocateAPduInstance
                0x000000000008b611                zps_eAplZdoSendZdpResponse
                0x000000000008b65a                bSendResponse.96781
                0x000000000008b69d                PDUM_eAPduFreeAPduInstance
                0x000000000008b720                zps_bAplZdoMatchDescServer.part.0.84964
                0x000000000008b9dc                zps_bAplZdoNodeDescServer
                0x000000000008bb48                zps_bAplZdoSimpleDescServer
                0x000000000008bda9                zps_bAplZdoPowerDescServer
                0x000000000008bec6                zps_bAplZdoActiveEpServer
                0x000000000008bfaf                zps_bAplZdoSystemServerDiscoveryServer
                0x000000000008c038                zps_bAplZdoMgmtLqiServer
                0x000000000008c264                zps_bAplZdoMgmtRtgServer
                0x000000000008c3aa                PDM_eReadDataFromRecord
                0x000000000008c42c                vLoadAplRecord.73131
                0x000000000008c45a                vLoadNwkRecord.130406
                0x000000000008c492                ZPS_eTsvStart
                0x000000000008c4ed                zps_eAplZdoBdrmRequestSend
                0x000000000008c568                zps_eNwkHandleSceNwkUpdate
                0x000000000008c58c                vProcessTimedList.129462
                0x000000000008c5d2                zps_vNwkMcpsMgrPostTimed
                0x000000000008c5e5                vNwkMcpsSendTimedDfcm
                0x000000000008c629                zps_vAplAfPostTimerEvent
                0x000000000008c6a5                zps_vExpireOldRoutes
                0x000000000008c72e                zps_vNwkJoinStStartResponseTimer
                0x000000000008c768                ZPS_eTsvStop
                0x000000000008c7bc                zps_vNwkHandleCmePermitJoinReq
                0x000000000008c824                zps_eNwkBtrMatch
                0x000000000008c921                zps_vAplApsStopPollTimer.part.2.66538
                0x000000000008c9a8                ZPS_bSecEncrypt
                0x000000000008cb5e                eHandleRemoveBroadcastEndpointsFromGroup.68058
 .text          0x000000000008cbb8     0x119f C:\Users\brend\AppData\Local\Temp\cckGb0Ti.ltrans9.ltrans.o
                0x000000000008cbb8                os_vAPP_cbDisableTickTimer
                0x000000000008cbfc                os_vAPP_cbEnableTickTimer
                0x000000000008cc7c                vRetryCcaFailure
                0x000000000008ccd1                eOrphanNotificationSent.146673
                0x000000000008cd1a                eCLD_BasicCommandHandler
                0x000000000008cd46                DBG_vUartInitHardware
                0x000000000008ce83                eZCL_SearchForClusterEntry
                0x000000000008cf21                eZCL_FindCluster.constprop.141
                0x000000000008cf6e                eCLD_ColourControl_GetRGB.constprop.57
                0x000000000008d163                eZCL_CustomCommandReceiveScenes.isra.0.part.1.23063.constprop.18
                0x000000000008d257                vCLD_ScenesUpdateSceneValid
                0x000000000008d2d3                eCLD_OnOffSceneEventHandler.19205
                0x000000000008d30a                eZCL_BuildTransmitAddressStructure
                0x000000000008d377                eCLD_ScenesCountScenes
                0x000000000008d391                ZPS_bSecDecrypt
                0x000000000008d4a3                boPDM_IsBitmapSaturated.123240
                0x000000000008d4ec                vLI_UpdateDriver
                0x000000000008d567                vLI_Start.constprop.59
                0x000000000008d5bf                eCLD_ScenesStoreScene
                0x000000000008d697                MAC_u64GetExtAddr
                0x000000000008d6b2                ZPS_u64NwkNibFindExtAddr
                0x000000000008d75d                eCLD_ScenesSetLastConfiguredBy.isra.2.23079
                0x000000000008d794                ZPS_u16NwkNibFindNwkAddr
                0x000000000008d83a                iPDM_SearchForBufferIdInList
                0x000000000008d86f                iPDM_SearchForBufferIdInFileSystem
                0x000000000008d882                iPDM_ReadUserDataFromSegmentWithId
                0x000000000008d8b7                iPDM_SearchForSpecificSegmentInList
                0x000000000008d8e9                psGetTxFrameBuffer
                0x000000000008d928                psGetAndBuildCoordRealignment
                0x000000000008d980                eBuildAndSend.146681
                0x000000000008d9f5                MAC_vPibSetRxOnWhenIdle.constprop.100
                0x000000000008d9fe                vMiniMac_Init
 .text          0x000000000008dd57     0x133c C:\Users\brend\AppData\Local\Temp\cckGb0Ti.ltrans10.ltrans.o
                0x000000000008dda0                vSaveScenesNVM
                0x000000000008de43                vManagePowerOnCountInit
                0x000000000008de8c                os_vAPP_vManagePowerOnCount
                0x000000000008dee4                zps_vAplSaveRecord
                0x000000000008df8c                vPickChannel.4571
                0x000000000008dfe9                zps_eAplZdoGroupEndpointRemove
                0x000000000008e109                zps_bNwkFindAddIeeeAddr
                0x000000000008e287                zps_psFindKeyDescr
                0x000000000008e3bb                zps_eAplSecEncryptPacket
                0x000000000008e4aa                zps_eNwkHandleSceLinkStatus
                0x000000000008e5de                ZPS_bNwkNibAddrMapAddEntry
                0x000000000008e7a5                zps_vAgeRouter
                0x000000000008e7e3                zps_vLinkStatusHandleExpiry
                0x000000000008e885                zps_sNwkNibNtCheckJoin
                0x000000000008eb2e                zps_vNwkHandleCmeDirectJoinReq
                0x000000000008ebad                zps_vJoinInitNtParent
                0x000000000008ed03                zps_vCheckActvNtForDuplicate
                0x000000000008eda0                eCheckAddrConflict.isra.4.128771
                0x000000000008ee36                vAplSecRemoveLinkKey.73197
                0x000000000008eeb3                ZPS_vNwkSaveAllRecords
                0x000000000008eeca                zps_vSaveAllZpsRecords
                0x000000000008eee9                ZPS_vNwkNibSetNwkAddr
                0x000000000008ef07                zps_eNwkHandleSceRejnResponse
                0x000000000008ef64                ZPS_vNwkNibSetExtPanId
                0x000000000008ef89                vFinish.141369
                0x000000000008efde                eSmeOrphScanDcfm.141379
                0x000000000008f056                ZPS_vNwkNibSetKeySeqNum
                0x000000000008f06a                ZPS_vNwkNibSetDepth
 .text.unlikely
                0x000000000008f093       0x5f C:\Users\brend\AppData\Local\Temp\cckGb0Ti.ltrans10.ltrans.o
                0x000000000008f093                vInitUnknownNeighbor.129446
 *fill*         0x000000000008f0f2        0x2 00
 .text          0x000000000008f0f4     0x11d0 C:\Users\brend\AppData\Local\Temp\cckGb0Ti.ltrans11.ltrans.o
                0x000000000008f19b                eZCL_SetReceiveEventAddressStructure
                0x000000000008f21a                dbg_vPrintfImplNoneVerbose
                0x000000000008f6a1                vfExtendedStatusCallBack
                0x000000000008f6ac                vUnclaimedInterrupt.3308
                0x000000000008f6bf                vOSError.3310
                0x000000000008f707                DBG_vDumpStack
                0x000000000008f749                eCLD_ColourControlHandleColourModeChange
                0x000000000008f7ac                eCLD_ColourControlUpdate
                0x000000000008f9d1                eCLD_ColourControlSceneEventHandler.38140
                0x000000000008fa02                eCLD_ScenesRemoveAllScenes
                0x000000000008fab3                eCLD_ScenesUpdate
                0x000000000008fd7a                eCLD_OnOffGetState
                0x000000000008fda9                eCLD_LevelControlUpdate
                0x0000000000090052                eCLD_LevelControlStopTransition
                0x000000000009008f                eCLD_LevelControlSetOnOffState
                0x00000000000901cc                eCLD_LevelControlClusterIsPresent
                0x00000000000901e3                eCLD_GroupsSetIdentifying
                0x0000000000090206                vCLD_IdentifyTimerClickCallback.16141
                0x000000000009028d                eCLD_OnOffSetGlobalSceneControl.constprop.22
 .text          0x00000000000902c4      0xed4 C:\Users\brend\AppData\Local\Temp\cckGb0Ti.ltrans12.ltrans.o
                0x00000000000902c4                vBbcIntHandler.145328
                0x000000000009057c                os_vzps_isrMAC
                0x00000000000905bb                eAssocRespSent.146238
                0x00000000000905da                zps_vNwkHandleCmeSyncReq
                0x000000000009065c                zps_vNwkHandleCmeIdleNwkFormReq
                0x0000000000090704                zps_vNwkHandleCmeNwkDiscReq
                0x000000000009077e                zps_vNwkHandleCmeEdScanReq
                0x0000000000090991                zps_vNwkHandleCmeNwkJoinReq
                0x0000000000090c4d                zps_vNwkHandleCmeNwkActvJoinReq
                0x0000000000090e25                vHandleRejoinExpiry.140928
                0x0000000000090e83                zps_eRejoinDataDcfm
                0x000000000009104d                vSetKeys
                0x00000000000910d2                vResetDataStructures
 .text          0x0000000000091198     0x1291 C:\Users\brend\AppData\Local\Temp\cckGb0Ti.ltrans13.ltrans.o
                0x0000000000091198                DBG_vUartFlush
                0x00000000000911c5                DBG_vUartPutch
                0x000000000009120b                boIdValueSearchMatch.122348
                0x0000000000091265                vRadioToOff
                0x0000000000091282                vStartReceive
                0x000000000009129e                vMiniMac_NextTransaction
                0x0000000000091308                eTransmit
                0x0000000000091422                vMiniMac_TxComplete
                0x000000000009165b                vTimerFired
                0x0000000000091713                eCLD_ScenesSaveClusters.constprop.36
                0x00000000000919a2                vDispatch.60807
                0x0000000000091a74                OS_eStartSWTimer.constprop.149
                0x0000000000091b93                os_vAPP_RadioRecal
                0x0000000000091c20                OS_eStopSWTimer
                0x0000000000091d43                OS_ePostMessage
                0x0000000000091ea9                os_vAPP_DiscoveryTimerTask
                0x0000000000091ef0                os_vAPP_CommissionTimerTask
                0x0000000000091f06                OS_eActivateTask
                0x0000000000091fa1                vPostMlmeDcfmInd.79942
                0x0000000000092044                u16ZCL_ReadTypeNBO
                0x00000000000920f9                u16ZCL_APduInstanceReadNBO
                0x000000000009214a                u16ZCL_ReadCommandHeader.part.0.45076
                0x00000000000921c1                u16ZCL_APduInstanceWriteNBO
                0x0000000000092215                u16ZCL_WriteCommandHeader
                0x000000000009228d                u16ZCL_APduInstanceWriteStringNBO
                0x0000000000092354                u16ZCL_APduInstanceReadStringNBO
 .text          0x0000000000092429      0xf9b C:\Users\brend\AppData\Local\Temp\cckGb0Ti.ltrans14.ltrans.o
                0x0000000000092429                vPDM_MoveAllDataWithBufferIdAndStateFromListToList
                0x00000000000924b4                vPDM_MoveAllDataToDeAllocList
                0x00000000000924dc                iPDM_ReconstructReplacedDataTable
                0x000000000009275b                vPDM_ImageBitmapRepair.122263
                0x00000000000927bc                vPDM_DeleteAppendedSequence
                0x0000000000092861                PDM_eSaveRecordData
                0x0000000000092c96                ZPS_vNwkSaveRecord
                0x0000000000092cc2                ZPS_vNwkNibSetUpdateId
                0x0000000000092cd0                vSendNetworkUpdate.128538
                0x0000000000092e00                ZPS_vNwkNibSetPanId
                0x0000000000092e1d                ZPS_vNwkNibSetCapabilityInfo
                0x0000000000092e49                ZPS_vNwkNibSetChannel
                0x0000000000092e60                ZPS_vNwkSaveNt
                0x0000000000092e73                ZPS_vNwkPurgeMacAddressAndRelatedEntries
                0x0000000000092f79                ZPS_vNtSetUsedStatus
                0x0000000000093020                zps_vBuildSortedActvNTList
                0x00000000000930de                zps_vCleanUnAuthenHandleExpiry
                0x00000000000931df                eUnsolicitedRejoinRspDataDcfm.128546
                0x000000000009320a                eRejoinRspDataDcfm.140166
                0x00000000000932d9                zps_eNwkHandleSmeCommStatusInd
                0x000000000009338d                ZPS_vNwkSaveSecMat
                0x00000000000933a1                vPDM_DeleteSegmentsWithIdFromFileSystem
 .text          0x00000000000933c4     0x110c C:\Users\brend\AppData\Local\Temp\cckGb0Ti.ltrans15.ltrans.o
                0x000000000009342c                zps_vNwkHandleCmeActvStartRouterReq
                0x0000000000093567                vHandleNwkLocalUpdateAfterBcast.128551
                0x00000000000935bb                vHandleNwkRemoteUpdateAfterBcast.128542
                0x000000000009360f                eSmeAcScScanDcfm.138310
                0x00000000000938dd                ZPS_pvNwkCtor.constprop.98
                0x0000000000093e60                ZPS_vNwkHandleNlmeReqRsp
                0x0000000000093edd                zps_vAplAfPostEvent
                0x00000000000940ca                zps_eAplZdoLeaveNetwork.constprop.60
                0x00000000000940f5                zps_bAplZdoMgmtLeaveServer
                0x0000000000094275                zps_eAplZdoNlmePermitJoiningWrapper
                0x000000000009429d                zps_bAplZdoPermitJoiningServer
                0x0000000000094337                vChangeChannelTimerExpiry.97962
                0x000000000009439a                eLeaveReset.142362
                0x0000000000094405                eLeaveDataDcfmLocalLeave.142372
                0x000000000009447f                zps_eAplZdoZllStartRouter
 .text          0x00000000000944d0     0x12f2 C:\Users\brend\AppData\Local\Temp\cckGb0Ti.ltrans16.ltrans.o
                0x00000000000944d0                zps_bAplZdoBindRequestServer
                0x000000000009460b                psGetVsMcpsBuf.79946
                0x0000000000094614                psGetMlmeBuf.79939
                0x000000000009465b                psGetNlmeBuf.64038
                0x0000000000094665                psGetNldeBuf.64059
                0x000000000009466f                psGetApsmeBuf.64045
                0x0000000000094678                psGetApsdeBuf.64052
                0x0000000000094791                os_bDummyMemberCheck.60817
                0x0000000000094796                os_vDefaultErrorHook.60813
                0x0000000000094799                vLoopbackTimerCallback
                0x00000000000947c8                vSLISTaddToTail
                0x00000000000947e7                psSLISTgetNext
                0x000000000009480b                u8PDM_CalculateLargestDataRecordStored
                0x000000000009483c                bPDM_ImageBitmapRepairCheck
                0x0000000000094864                u8PDM_ReadSequenceNumber
                0x0000000000094887                boSegmentNumberDeleteSearchMatch.122775
                0x00000000000948a2                u8PDM_ReadSegmentDataSize
                0x00000000000948b6                u32PDM_ReadFileSystemHeaderWearCount
                0x00000000000948cc                boSearchForWearCountInsertPoint.122344
                0x00000000000948ea                vPDM_WriteFileSystemHeaderWearCount
                0x00000000000948fc                RND_u32GetRand256
                0x0000000000094919                RND_u32GetRand
                0x0000000000094940                u16CalculateFailedTxCount.97970
                0x000000000009496a                vZdoIeeeAddrServerSendExtendResponse.part.0.83767
                0x00000000000949cb                vZdoNwkAddrServerSendExtendResponse.part.0.82587
                0x0000000000094a2c                zps_bAplZdoServerHandleConfirmAcks
                0x0000000000094a76                zps_bPerformLeaveActionDecider
                0x0000000000094a7b                vHandleUpdateDeviceIndication.73104
                0x0000000000094aa5                bDuplicateCheck.69471
                0x0000000000094bb2                eHandleRemoveNonBroadcastEndpointsFromGroup.68099
                0x0000000000094c2a                eHandleAddEntryToGroupTable.68062
                0x0000000000094c86                zps_vAplApsFillAndPostApsAck
                0x0000000000094cf0                zps_u8AplApsFreeMsgHandle
                0x0000000000094d5a                vFillDataIndStruct.63905
                0x0000000000094db8                vFillApduErrorEvent.63898
                0x0000000000094dfb                bCheckProfile.63893
                0x0000000000094e42                ZPS_bIsGroupPresent
                0x0000000000094e7a                pdum_u16ReadNBO
                0x0000000000094fdb                PDUM_u16SizeNBO
                0x0000000000095039                PDUM_u16APduInstanceWriteStrNBO
                0x00000000000951b8                PDUM_u16APduInstanceReadNBO
                0x0000000000095203                PDUM_u16APduInstanceWriteNBO
                0x000000000009526d                PDUM_thAPduInstanceGetApdu
                0x0000000000095288                PDUM_eAPduInstanceSetPayloadSize
                0x00000000000952b0                PDUM_eNPduWriteDataFromBuffer
                0x000000000009530a                PDUM_eNPduWriteDataToBuffer
                0x0000000000095368                PDUM_eNPduWriteFromBuffer
                0x0000000000095391                PDUM_eNPduDescend
                0x00000000000953b7                PDUM_eNPduAscend
                0x00000000000953dd                PDUM_eNPduClaimData
                0x000000000009544a                PDUM_eNPduAppendDataNBO
                0x00000000000954a7                PDUM_eNPduClaimHeader
                0x00000000000954ca                PDUM_eNPduReadHeaderNBO
                0x000000000009551d                PDUM_eNPduPrependHeaderNBO
                0x0000000000095578                PDUM_eNPduInitDescending
                0x0000000000095593                zps_vInitAPSMECmdHdr
                0x00000000000955ca                OS_eCollectMessage
                0x000000000009568f                OS_eEnterCriticalSection
                0x0000000000095757                eExpireSWTimer.60826
 .text.unlikely
                0x00000000000957c2       0xd0 C:\Users\brend\AppData\Local\Temp\cckGb0Ti.ltrans16.ltrans.o
                0x00000000000957c2                bIsBindTableMatch.68039
                0x0000000000095813                eRemoveEntryInBindingTable.68067
 .text          0x0000000000095892     0x1239 C:\Users\brend\AppData\Local\Temp\cckGb0Ti.ltrans17.ltrans.o
                0x0000000000096515                os_vzps_taskZPS
                0x000000000009673e                vCheckSleepingSendPoll.part.1.141481
                0x00000000000967a8                ZPS_vNwkNibCheckAndUpdateAddresses
                0x000000000009683f                zps_bAplZdoDeviceAnnceServer
 .text          0x0000000000096acb     0x1029 C:\Users\brend\AppData\Local\Temp\cckGb0Ti.ltrans18.ltrans.o
                0x0000000000096acb                eCLD_ScenesCommandHandler
 .text          0x0000000000097af4      0xf88 C:\Users\brend\AppData\Local\Temp\cckGb0Ti.ltrans19.ltrans.o
                0x0000000000097af4                os_u32APP_cbGetTickTimer
                0x0000000000097afd                os_bAPP_cbSetTickTimerCompare
                0x0000000000097b59                vZdoServersInit.3037
                0x0000000000097c98                eZCL_GetAttributeTypeSizeFromBuffer
                0x0000000000097d0f                iPDM_ReadUserDataFromEEPROMsegment
                0x0000000000097d89                iPDM_ReCalculateWearCountAndChecksumAndWriteFileSystemHeader
                0x0000000000097dd3                vPDM_SetEEPROMandFileSystemValidState
                0x0000000000097dfa                iPDM_ReadUserDataFromFileSystemRecord
                0x0000000000097e1a                vPDM_WriteFileSystemRecordAndSegmentDataIntoEEPROMsegment
                0x0000000000097e56                PWRM_vWakeInterruptCallback
                0x0000000000097edd                iPDM_ReadSegmentHeaderDataFromEEPROMsegment
                0x0000000000097f36                iPDM_FilterDuplicateAppendedSegmentsOnList.123520
                0x0000000000097f7a                eCLD_ScenesFindActiveScene
                0x0000000000097faf                eCLD_GroupsCheckGroupExists
                0x000000000009801c                ZPS_bIsMacAddressUsedInApsTable
                0x00000000000980d2                ZPS_eTsvOpen
                0x00000000000980ec                zps_vNwkBttMgrInit
                0x000000000009811a                ZPS_vNwkNibClearTables
                0x000000000009823b                vAHI_ApConfigure.part.0.148112.constprop.147
                0x0000000000098271                vMiniMac_MLME_SetReq_PanId
                0x00000000000982ae                vMiniMac_MLME_SetReq_ShortAddr
                0x00000000000982bc                psDLISTsearchFromHead
                0x00000000000982e5                eCLD_ScenesAddScene
                0x00000000000983c5                eCLD_ScenesFindScene
                0x0000000000098421                iAHI_WriteDataIntoEEPROMsegment.constprop.139
                0x000000000009846f                vZCL_InitializeClusterInstance.constprop.132
                0x0000000000098480                pvZCL_HeapAlloc.part.0.52437.constprop.116
                0x00000000000984b9                vMicroIntEnableOnly.constprop.107
                0x00000000000984e5                vSetChannelAndPower
                0x0000000000098583                vMiniMac_PLME_SetReq_Power
                0x0000000000098597                vMiniMac_PLME_SetReq_Channel
                0x000000000009859f                TSV_eStart
                0x00000000000985ef                bAHI_SetClockRate.part.0.148378.constprop.82
                0x000000000009866a                vAHI_TimerEnable.part.1.148487.constprop.72
                0x00000000000986d5                vAHI_TimerClockSelect.part.3.148498.constprop.70
                0x00000000000986f0                vACI_OptimisedCcmStar.constprop.54
                0x00000000000988db                zps_eNwkRtDiscMatch.constprop.51
                0x000000000009892e                bACI_ECBencodeBuffer.part.0.148002.constprop.49
                0x000000000009898e                vCLD_ColourControl_xyY2CCT.constprop.35
                0x0000000000098a30                vMiniMac_ReturnTxBufferCallback
                0x0000000000098a42                vEnableReceive.145905
 .text.unlikely
                0x0000000000098a7c       0x43 C:\Users\brend\AppData\Local\Temp\cckGb0Ti.ltrans19.ltrans.o
                0x0000000000098a7c                vAHI_MemoryHold.148386
 *fill*         0x0000000000098abf        0x1 00
 .text          0x0000000000098ac0      0xfb0 C:\Users\brend\AppData\Local\Temp\cckGb0Ti.ltrans20.ltrans.o
                0x0000000000098ac0                vAplSecAuthPollTimerExpiry.73081
                0x0000000000098b18                vAplSecAuthTimerExpiry.73085
                0x0000000000098be8                vHandleApsInterPanDcfmData
                0x0000000000099016                vPostApsdeDcfmInd.64055
                0x000000000009921f                zps_vHandleApsdeDataFragIndNotSupported
                0x0000000000099288                vApsInterPanMcpsDataInd
                0x000000000009942f                eDiscoverNetworks.73151
                0x000000000009948b                zps_eAplZdoDiscoverNetworks
                0x00000000000994b4                eStartNetworkDiscovery.73158
                0x0000000000099541                eStartRouter.73168
                0x0000000000099610                vPostApsmeDcfmInd.64048
 .text          0x0000000000099a70     0x104c C:\Users\brend\AppData\Local\Temp\cckGb0Ti.ltrans21.ltrans.o
                0x0000000000099a70                vSendNetworkReport.128534
                0x0000000000099b4a                zps_psNwkInitiateRouteDiscovery
                0x0000000000099e82                zps_psSendFrm
                0x000000000009a19e                zps_psSendBroadcastFrm
                0x000000000009a234                ZPS_vNwkHandleNldeReqRsp
                0x000000000009a414                zps_eAplApsmeCmdMgrSendCommand
                0x000000000009a4f1                zps_vAplApsmeCmdMgrRetryTimeout.68031
                0x000000000009a51b                zps_eNwkHandleSceRouteRecord
                0x000000000009a5ef                zps_psNwkSendRejoinReqCmd.constprop.8
                0x000000000009a65f                zps_u8NwkHandleRejoinReq
                0x000000000009a728                vContinueRejoin.140162
                0x000000000009a7cf                zps_psSendNetworkStatusCmd
                0x000000000009a83c                zps_vProcessLocalAddrConflict
                0x000000000009a8e7                zps_eDefaultDataDcfm
 .text          0x000000000009aabc      0xdfc C:\Users\brend\AppData\Local\Temp\cckGb0Ti.ltrans22.ltrans.o
                0x000000000009af4f                vZCL_EventHandler
 .text          0x000000000009b8b8      0xddc C:\Users\brend\AppData\Local\Temp\cckGb0Ti.ltrans23.ltrans.o
                0x000000000009badf                zps_eZdpSimpleDescResponse
                0x000000000009bbec                zps_eZdpNodeDescResponse
                0x000000000009bc94                zps_eZdpPowerDescResponse
                0x000000000009bd31                eZCL_TransmitDataRequest
                0x000000000009c099                eZCL_SendDefaultResponse
                0x000000000009c198                eZCL_CustomCommandReceive
                0x000000000009c306                eCLD_ColourControlCommandHandler
                0x000000000009c689                eCLD_OnOffCommandReceive
 .text          0x000000000009c694      0xe14 C:\Users\brend\AppData\Local\Temp\cckGb0Ti.ltrans24.ltrans.o
                0x000000000009cb0a                eCLD_ZllCommissionCommandHandler
                0x000000000009cd41                eCLD_LevelControlCommandHandler
                0x000000000009d0d8                eCLD_OnOffCommandHandler
 .text          0x000000000009d4a8      0xd47 C:\Users\brend\AppData\Local\Temp\cckGb0Ti.ltrans25.ltrans.o
                0x000000000009d4a8                ZPS_vAplHandleApsdeReqRsp
                0x000000000009d8c8                zps_eAplZdpApsdeReqInternal
                0x000000000009da3f                zps_bAplZdoZdoClient
                0x000000000009deaf                zps_bAplZdoDefaultServer
                0x000000000009e16b                zps_eZdpMgmtLeaveResponse
                0x000000000009e18c                zps_eZdpMgmtPermitJoiningResponse
 *fill*         0x000000000009e1ef        0x1 00
 .text          0x000000000009e1f0      0xf08 C:\Users\brend\AppData\Local\Temp\cckGb0Ti.ltrans26.ltrans.o
                0x000000000009e269                zps_eAplZdpDeviceAnnceRequest.part.0.101802
                0x000000000009e2b0                os_vAPP_Commission_Task
 .text          0x000000000009f0f8     0x1112 C:\Users\brend\AppData\Local\Temp\cckGb0Ti.ltrans27.ltrans.o
                0x000000000009f0f8                bCLD_ScenesSearchForScene.23689
                0x000000000009f12b                eCLD_LevelControlSceneEventHandler.17760
                0x000000000009f174                vOverideProfileId.8570
                0x000000000009f1ae                APP_ZCL_cbGeneralCallback.6002
                0x000000000009f1b1                os_bStrictCheck.1358
                0x000000000009f4f6                bCLD_GroupsSearchForGroup.15076
                0x000000000009f51b                vEnterErrorHook.60809
                0x000000000009f542                eZCL_BuildClientTransmitAddressStructure
                0x000000000009f573                eZCL_GetAttributeTypeSize
                0x000000000009f592                vZCL_MarkAttributeInvalid
                0x000000000009f661                eZCL_CheckEPstructureIntegrity.40829
                0x000000000009f849                u8ZCL_GetAttributeAllignToFourBytesBoundary
                0x000000000009f85e                pvZCL_GetAttributePointer
                0x000000000009f8d4                u16ZCL_WriteTypeNBO.part.0.42183
                0x000000000009f949                u16ZCL_GetStringStructureSize
                0x000000000009f986                u16ZCL_GetStringAttributeTypeSizeFromBuffer
                0x000000000009f9f7                u16ZCL_GetStringSizeAndBufferFromStructure
                0x000000000009fa86                bZCL_SendCommandResponse
                0x000000000009faa2                vZCL_GetInternalMutex
                0x000000000009facb                eZCL_GetMutex
                0x000000000009fb03                u8ZCL_GetEPIdFromIndex
                0x000000000009fb25                vZCL_ReleaseInternalMutex
                0x000000000009fb3f                eZCL_SearchForAttributeEntry
                0x000000000009fbff                vCLD_ScenesGenerateIndividualAttributeCallback
                0x000000000009fc59                eZCL_SearchForEPentry
                0x000000000009fcb4                eZCL_SearchForEPentryAndCheckManufacturerId
                0x000000000009fcf2                vZCL_PassEventToUser
                0x000000000009fd1f                eZCL_ReleaseMutex
                0x000000000009fd4e                eZCL_Register.part.1.40838
                0x000000000009fd7c                boDLISTisEmpty
                0x000000000009fd94                vDLISTaddToTail
                0x000000000009fdc2                psDLISTremoveFromHead
                0x000000000009fdeb                psDLISTremove
                0x000000000009fe43                vCLD_ColourControl_CCT2xyY
                0x000000000009ff29                vWriteU64ToPayLoad.26022
                0x000000000009ff56                vWriteU32ToPayLoad.26018
                0x000000000009ff6e                vAdjustBalance.8834
                0x000000000009ffaf                i32CalculateCCTPulseWidth.8826
                0x000000000009fff6                vSetDualPwm.8821
                0x00000000000a0066                vForceTimerUpdateIfNeeded.8832
                0x00000000000a0077                DriverBulb_vSetTunableWhiteColourTemperature
                0x00000000000a009d                vLI_InitVar.7413
                0x00000000000a00ce                InvShiftRows
                0x00000000000a0161                InvSubBytes
                0x00000000000a01a7                AddRoundKey
                0x00000000000a01e8                getSBoxValue.5352
 *fill*         0x00000000000a020a        0x2 00
 .text          0x00000000000a020c      0xb88 C:\Users\brend\AppData\Local\Temp\cckGb0Ti.ltrans28.ltrans.o
                0x00000000000a020c                eZCL_CustomCommandSend.constprop.23
                0x00000000000a046e                eCLD_IdentifyCommandHandler
                0x00000000000a08c2                eCLD_GroupsCommandHandler
 .text          0x00000000000a0d94      0xc78 C:\Users\brend\AppData\Local\Temp\cckGb0Ti.ltrans29.ltrans.o
                0x00000000000a0d94                zps_eAplZdpMgmtRtgResponse
                0x00000000000a0e5b                zps_bAplZdoMgmtNWKUpdateServer
                0x00000000000a11cb                zps_eZdpNwkAddrResponse
                0x00000000000a12ae                zps_eZdpIeeeAddrResponse
                0x00000000000a1391                zps_eZdpActiveEpResponse
                0x00000000000a1427                zps_eZdpMatchDescResponse
                0x00000000000a14bd                zps_eZdpSystemServerDiscoveryResponse
                0x00000000000a152c                zps_eAplZdpMgmtLqiResponse
                0x00000000000a16c6                os_vAPP_ZPR_Light_Task
 .text          0x00000000000a1a0c      0x7c2 C:\Users\brend\AppData\Local\Temp\cckGb0Ti.ltrans30.ltrans.o
                0x00000000000a1a0c                AppWarmStart
                0x00000000000a1a26                AppColdStart
                0x00000000000a1e3a                os_vUnclaimedInterrupt
                0x00000000000a1e4c                os_vControlledIntCheck
                0x00000000000a1e91                os_vControlledInterrupt
                0x00000000000a1eca                os_vvISR_SystemController
                0x00000000000a2058                os_vvISR_Timer4
                0x00000000000a2067                os_vvISR_Timer3
                0x00000000000a2076                os_vAPP_isrIllegalInstruction
                0x00000000000a208c                os_vAPP_isrAlignmentException
                0x00000000000a20a2                os_vAPP_isrBusErrorException
                0x00000000000a20b8                os_vAPP_isrUnimplementedModuleException
                0x00000000000a20cb                os_vAPP_isrStackOverflowException
                0x00000000000a20de                os_vAPP_isrTickTimer
 .text          0x00000000000a21ce      0x66d C:\Users\brend\AppData\Local\Temp\cckGb0Ti.ltrans31.ltrans.o
                0x00000000000a21ce                os_vTick_Task
                0x00000000000a27b9                os_vZCL_Task
 .text          0x00000000000a283b       0x25 c:/nxp/bstudio_nxp/sdk/tools/ba-elf-ba2-r36379/bin/../lib/gcc/ba-elf/4.7.4/../../../../ba-elf/lib/mcpu_jn51xx_sizeopt\libc.a(lib_a-memcmp.o)
                0x00000000000a283b                memcmp
 .text          0x00000000000a2860       0x19 c:/nxp/bstudio_nxp/sdk/tools/ba-elf-ba2-r36379/bin/../lib/gcc/ba-elf/4.7.4/../../../../ba-elf/lib/mcpu_jn51xx_sizeopt\libc.a(lib_a-memcpy.o)
 .text          0x00000000000a2879       0x12 c:/nxp/bstudio_nxp/sdk/tools/ba-elf-ba2-r36379/bin/../lib/gcc/ba-elf/4.7.4/../../../../ba-elf/lib/mcpu_jn51xx_sizeopt\libc.a(lib_a-memset.o)
                0x00000000000a2879                memset
 .text          0x00000000000a288b       0x12 c:/nxp/bstudio_nxp/sdk/tools/ba-elf-ba2-r36379/bin/../lib/gcc/ba-elf/4.7.4/../../../../ba-elf/lib/mcpu_jn51xx_sizeopt\libc.a(lib_a-strlen.o)
                0x00000000000a288b                strlen
 .text          0x00000000000a289d       0x2b c:/nxp/bstudio_nxp/sdk/tools/ba-elf-ba2-r36379/bin/../lib/gcc/ba-elf/4.7.4/../../../../ba-elf/lib/mcpu_jn51xx_sizeopt\libc.a(lib_a-strncpy.o)
                0x00000000000a289d                strncpy
 *fill*         0x00000000000a28c8        0x0 00
 .text          0x00000000000a28c8      0x204 c:/nxp/bstudio_nxp/sdk/tools/ba-elf-ba2-r36379/bin/../lib/gcc/ba-elf/4.7.4/mcpu_jn51xx_sizeopt\libgcc.a(__udivsi3.o)
                0x00000000000a28c8                __udivsi3
 .text          0x00000000000a2acc       0x30 c:/nxp/bstudio_nxp/sdk/tools/ba-elf-ba2-r36379/bin/../lib/gcc/ba-elf/4.7.4/mcpu_jn51xx_sizeopt\libgcc.a(__divsi3.o)
                0x00000000000a2acc                __divsi3
 .text          0x00000000000a2afc      0x1b0 c:/nxp/bstudio_nxp/sdk/tools/ba-elf-ba2-r36379/bin/../lib/gcc/ba-elf/4.7.4/mcpu_jn51xx_sizeopt\libgcc.a(__umodsi3.o)
                0x00000000000a2afc                __umodsi3
 .text          0x00000000000a2cac       0x24 c:/nxp/bstudio_nxp/sdk/tools/ba-elf-ba2-r36379/bin/../lib/gcc/ba-elf/4.7.4/mcpu_jn51xx_sizeopt\libgcc.a(__modsi3.o)
                0x00000000000a2cac                __modsi3
 .text          0x00000000000a2cd0       0x39 c:/nxp/bstudio_nxp/sdk/tools/ba-elf-ba2-r36379/bin/../lib/gcc/ba-elf/4.7.4/mcpu_jn51xx_sizeopt\libgcc.a(_fixunsdfsi.o)
                0x00000000000a2cd0                __fixunsdfsi
 .text          0x00000000000a2d09      0x3bd c:/nxp/bstudio_nxp/sdk/tools/ba-elf-ba2-r36379/bin/../lib/gcc/ba-elf/4.7.4/mcpu_jn51xx_sizeopt\libgcc.a(_divdi3.o)
                0x00000000000a2d09                __divdi3
 .text          0x00000000000a30c6      0x350 c:/nxp/bstudio_nxp/sdk/tools/ba-elf-ba2-r36379/bin/../lib/gcc/ba-elf/4.7.4/mcpu_jn51xx_sizeopt\libgcc.a(_udivdi3.o)
                0x00000000000a30c6                __udivdi3
 .text          0x00000000000a3416      0x384 c:/nxp/bstudio_nxp/sdk/tools/ba-elf-ba2-r36379/bin/../lib/gcc/ba-elf/4.7.4/mcpu_jn51xx_sizeopt\libgcc.a(addsf3.o)
                0x00000000000a3416                __addsf3
 *fill*         0x00000000000a379a        0x2 00
 .text          0x00000000000a379c      0x218 c:/nxp/bstudio_nxp/sdk/tools/ba-elf-ba2-r36379/bin/../lib/gcc/ba-elf/4.7.4/mcpu_jn51xx_sizeopt\libgcc.a(divsf3.o)
                0x00000000000a379c                __divsf3
 .text          0x00000000000a39b4       0xac c:/nxp/bstudio_nxp/sdk/tools/ba-elf-ba2-r36379/bin/../lib/gcc/ba-elf/4.7.4/mcpu_jn51xx_sizeopt\libgcc.a(gesf2.o)
                0x00000000000a39b4                __gesf2
                0x00000000000a39b4                __gtsf2
 .text          0x00000000000a3a60       0xac c:/nxp/bstudio_nxp/sdk/tools/ba-elf-ba2-r36379/bin/../lib/gcc/ba-elf/4.7.4/mcpu_jn51xx_sizeopt\libgcc.a(lesf2.o)
                0x00000000000a3a60                __ltsf2
                0x00000000000a3a60                __lesf2
 .text          0x00000000000a3b0c      0x24c c:/nxp/bstudio_nxp/sdk/tools/ba-elf-ba2-r36379/bin/../lib/gcc/ba-elf/4.7.4/mcpu_jn51xx_sizeopt\libgcc.a(mulsf3.o)
                0x00000000000a3b0c                __mulsf3
 .text          0x00000000000a3d58      0x3a2 c:/nxp/bstudio_nxp/sdk/tools/ba-elf-ba2-r36379/bin/../lib/gcc/ba-elf/4.7.4/mcpu_jn51xx_sizeopt\libgcc.a(subsf3.o)
                0x00000000000a3d58                __subsf3
 .text          0x00000000000a40fa       0xad c:/nxp/bstudio_nxp/sdk/tools/ba-elf-ba2-r36379/bin/../lib/gcc/ba-elf/4.7.4/mcpu_jn51xx_sizeopt\libgcc.a(floatunsisf.o)
                0x00000000000a40fa                __floatunsisf
 *fill*         0x00000000000a41a7        0x1 00
 .text          0x00000000000a41a8      0x5c8 c:/nxp/bstudio_nxp/sdk/tools/ba-elf-ba2-r36379/bin/../lib/gcc/ba-elf/4.7.4/mcpu_jn51xx_sizeopt\libgcc.a(divdf3.o)
                0x00000000000a41a8                __divdf3
 .text          0x00000000000a4770       0xca c:/nxp/bstudio_nxp/sdk/tools/ba-elf-ba2-r36379/bin/../lib/gcc/ba-elf/4.7.4/mcpu_jn51xx_sizeopt\libgcc.a(gedf2.o)
                0x00000000000a4770                __gedf2
                0x00000000000a4770                __gtdf2
 *fill*         0x00000000000a483a        0x2 00
 .text          0x00000000000a483c      0x488 c:/nxp/bstudio_nxp/sdk/tools/ba-elf-ba2-r36379/bin/../lib/gcc/ba-elf/4.7.4/mcpu_jn51xx_sizeopt\libgcc.a(muldf3.o)
                0x00000000000a483c                __muldf3
 .text          0x00000000000a4cc4      0x693 c:/nxp/bstudio_nxp/sdk/tools/ba-elf-ba2-r36379/bin/../lib/gcc/ba-elf/4.7.4/mcpu_jn51xx_sizeopt\libgcc.a(subdf3.o)
                0x00000000000a4cc4                __subdf3
 .text          0x00000000000a5357       0x64 c:/nxp/bstudio_nxp/sdk/tools/ba-elf-ba2-r36379/bin/../lib/gcc/ba-elf/4.7.4/mcpu_jn51xx_sizeopt\libgcc.a(fixdfsi.o)
                0x00000000000a5357                __fixdfsi
 .text          0x00000000000a53bb       0x4f c:/nxp/bstudio_nxp/sdk/tools/ba-elf-ba2-r36379/bin/../lib/gcc/ba-elf/4.7.4/mcpu_jn51xx_sizeopt\libgcc.a(floatunsidf.o)
                0x00000000000a53bb                __floatunsidf
 .text          0x00000000000a540a       0x8f c:/nxp/bstudio_nxp/sdk/tools/ba-elf-ba2-r36379/bin/../lib/gcc/ba-elf/4.7.4/mcpu_jn51xx_sizeopt\libgcc.a(extendsfdf2.o)
                0x00000000000a540a                __extendsfdf2
 .text          0x00000000000a5499      0x13e c:/nxp/bstudio_nxp/sdk/tools/ba-elf-ba2-r36379/bin/../lib/gcc/ba-elf/4.7.4/mcpu_jn51xx_sizeopt\libgcc.a(truncdfsf2.o)
                0x00000000000a5499                __truncdfsf2
 *fill*         0x00000000000a55d7        0x1 00
 .text          0x00000000000a55d8      0x1d0 c:/NXP/bstudio_nxp/workspace/ZigBee-LightLink-Test-1/Light_ColorTemperatureLight/Build/os_irq.o
                0x00000000000a55d8                os_ExternalException_W
                0x00000000000a561c                os_PIC_ChannelPriorities
                0x00000000000a562c                os_OSMIUM_HwVectTable
                0x00000000000a5668                os_PIC_SwVectTable
 .text          0x00000000000a57a8       0x29 c:/NXP/bstudio_nxp/workspace/ZigBee-LightLink-Test-1/Light_ColorTemperatureLight/Build/os_irq_alignment.o
                0x00000000000a57a8                IRQ_Alignment
 .text          0x00000000000a57d1       0x29 c:/NXP/bstudio_nxp/workspace/ZigBee-LightLink-Test-1/Light_ColorTemperatureLight/Build/os_irq_buserror.o
                0x00000000000a57d1                IRQ_BusError
 .text          0x00000000000a57fa       0x29 c:/NXP/bstudio_nxp/workspace/ZigBee-LightLink-Test-1/Light_ColorTemperatureLight/Build/os_irq_illegalinstruction.o
                0x00000000000a57fa                IRQ_IllegalInstruction
 .text          0x00000000000a5823       0x29 c:/NXP/bstudio_nxp/workspace/ZigBee-LightLink-Test-1/Light_ColorTemperatureLight/Build/os_irq_stackoverflowexception.o
                0x00000000000a5823                IRQ_StackOverflowException
 .text          0x00000000000a584c       0x29 c:/NXP/bstudio_nxp/workspace/ZigBee-LightLink-Test-1/Light_ColorTemperatureLight/Build/os_irq_unimplementedmodule.o
                0x00000000000a584c                IRQ_UnimplementedModule
 *fill*         0x00000000000a5875        0x3 00
 .text          0x00000000000a5878       0xc0 c:/NXP/bstudio_nxp/sdk/JN-SW-4168/Components/Library\libOS_JN516x.a(os_contirq_JN516x.o)
                0x00000000000a5878                os_ExternalException_R
                0x00000000000a58a8                os_CFunc_W
                0x00000000000a58f8                os_UnclaimedException_W
                0x00000000000a5918                os_UnclaimedInterrupt_W
 .text          0x00000000000a5938       0x48 c:/NXP/bstudio_nxp/sdk/JN-SW-4168/Components/Library\libPWRM_JN516x.a(pwrm_setjmp_JN516x.o)
                0x00000000000a5938                setjmp
                0x00000000000a595c                PWRM_longjmp
 .text          0x00000000000a5980       0x27 c:/NXP/bstudio_nxp/sdk/JN-SW-4168/Components/Library\libHardwareApi_JN516x.a(AHI_Interrupt.o)
                0x00000000000a5980                vAHI_InterruptSetPriority
                0x00000000000a599e                vAHI_InterruptSetActivePriorityLevel
 .text.vMicroSyscall
                0x00000000000a59a7       0x17 c:/NXP/bstudio_nxp/sdk/JN-SW-4168/Components/Library\libMicroSpecific_JN516x.a(MicroSyscall_ba.o)
                0x00000000000a59a7                vMicroSyscall
 .text          0x00000000000a59be        0x0 c:/NXP/bstudio_nxp/sdk/JN-SW-4168/Components/Library\libOS_JN516x.a(os_version_lc.o)
                0x00000000000a59be                OS_Version_1v2
 .text          0x00000000000a59be        0x0 c:/NXP/bstudio_nxp/sdk/JN-SW-4168/Components/Library\libZPSAPL_JN516x.a(zps_apl_version_lc.o)
                0x00000000000a59be                ZPS_APL_Version_2v0
 .text          0x00000000000a59be        0x0 c:/NXP/bstudio_nxp/sdk/JN-SW-4168/Components/Library\libZPSNWK_JN516x.a(zps_nwk_version_lc.o)
                0x00000000000a59be                ZPS_NWK_Version_2v0
                0x00000000000a59be                _flash_end = ABSOLUTE (.)

.rela.dyn       0x00000000000a59c0        0x0
 .rela.text     0x0000000000000000        0x0 c:/NXP/bstudio_nxp/workspace/ZigBee-LightLink-Test-1/Light_ColorTemperatureLight/Build/os_irq.o
 .rela.data     0x0000000000000000        0x0 c:/NXP/bstudio_nxp/workspace/ZigBee-LightLink-Test-1/Light_ColorTemperatureLight/Build/os_irq.o
 .rela.rodata   0x0000000000000000        0x0 c:/NXP/bstudio_nxp/workspace/ZigBee-LightLink-Test-1/Light_ColorTemperatureLight/Build/os_irq.o
                0x000000000400004c                . = ORIGIN (ram)

.data           0x000000000400004c      0x9a8 load address 0x00000000000a59c0
                0x000000000400004c                _ram_data_start = ABSOLUTE (.)
 *(.data*)
 .data          0x000000000400004c       0xe8 C:\Users\brend\AppData\Local\Temp\cckGb0Ti.ltrans0.ltrans.o
                0x000000000400004c                u8MiniMacConfig_MaxConcurrentAssocResponses
                0x0000000004000050                psShadowRxBuffer
 .data          0x0000000004000134        0x4 C:\Users\brend\AppData\Local\Temp\cckGb0Ti.ltrans1.ltrans.o
                0x0000000004000134                u32HeapStart
 .data          0x0000000004000138        0x4 C:\Users\brend\AppData\Local\Temp\cckGb0Ti.ltrans2.ltrans.o
                0x0000000004000138                bCanLoopback.66878
 .data          0x000000000400013c        0x6 C:\Users\brend\AppData\Local\Temp\cckGb0Ti.ltrans4.ltrans.o
 .data          0x0000000004000142        0x1 C:\Users\brend\AppData\Local\Temp\cckGb0Ti.ltrans11.ltrans.o
 .data          0x0000000004000143        0x1 C:\Users\brend\AppData\Local\Temp\cckGb0Ti.ltrans17.ltrans.o
 .data          0x0000000004000144      0x144 C:\Users\brend\AppData\Local\Temp\cckGb0Ti.ltrans19.ltrans.o
                0x0000000004000144                asCLD_ColourControlCCTlist
 .data          0x0000000004000288       0x38 C:\Users\brend\AppData\Local\Temp\cckGb0Ti.ltrans26.ltrans.o
                0x0000000004000288                sDeviceTable
 .data          0x00000000040002c0       0xa4 C:\Users\brend\AppData\Local\Temp\cckGb0Ti.ltrans27.ltrans.o
                0x00000000040002c0                s_asapduZCLInstances
                0x0000000004000338                s_asapduZDPInstances
 .data          0x0000000004000364        0x4 C:\Users\brend\AppData\Local\Temp\cckGb0Ti.ltrans29.ltrans.o
                0x0000000004000364                sZllState
 .data          0x0000000004000368      0x668 C:\Users\brend\AppData\Local\Temp\cckGb0Ti.ltrans30.ltrans.o
                0x0000000004000368                s_keyPairTableStorage.3129
                0x00000000040003c8                os_Mutex_mutexMAC
                0x00000000040003d0                os_Mutex_mutexZPS
                0x00000000040003d8                s_sApl.3084
                0x0000000004000528                os_Message_APP_msgZpsEvents_ZCL
                0x000000000400054c                os_SWTimer_APP_cntrTickTimer_APP_DiscoveryTimer
                0x0000000004000568                os_SWTimer_APP_cntrTickTimer_APP_CommissionTimer
                0x0000000004000584                os_SWTimer_APP_cntrTickTimer_APP_TickTimer
                0x00000000040005a0                os_Message_APP_msgZpsEvents
                0x00000000040005c4                os_Message_APP_msgEvents
                0x00000000040005e8                os_Message_APP_msgPOREvents