Archive member included because of file (symbol)

c:/NXP/bstudio_nxp/sdk/JN-SW-4168/Components/Library\libOS_JN516x.a(os.o)
                              c:/NXP/bstudio_nxp/workspace/ZigBee-LightLink-Test-1/Light_ColorTemperatureLight/Build/os_gen.o (symbol from plugin) (os_vStart)
c:/NXP/bstudio_nxp/sdk/JN-SW-4168/Components/Library\libOS_JN516x.a(os_contirq_JN516x.o)
                              c:/NXP/bstudio_nxp/workspace/ZigBee-LightLink-Test-1/Light_ColorTemperatureLight/Build/os_irq.o (os_UnclaimedException_W)
c:/NXP/bstudio_nxp/sdk/JN-SW-4168/Components/Library\libPWRM_JN516x.a(pwrm.o)
                              c:/NXP/bstudio_nxp/workspace/ZigBee-LightLink-Test-1/Light_ColorTemperatureLight/Build/app_start_light.o (symbol from plugin) (PWRM_vInit)
c:/NXP/bstudio_nxp/sdk/JN-SW-4168/Components/Library\libPWRM_JN516x.a(pwrm_setjmp_JN516x.o)
                              pwrm.o (symbol from plugin) (setjmp)
c:/NXP/bstudio_nxp/sdk/JN-SW-4168/Components/Library\libPWRM_JN516x.a(pwrm_cold_start.o)
                              (AppColdStart)
c:/NXP/bstudio_nxp/sdk/JN-SW-4168/Components/Library\libPWRM_JN516x.a(pwrm_warm_start.o)
                              (AppWarmStart)
c:/NXP/bstudio_nxp/sdk/JN-SW-4168/Components/Library\libPDUM_JN516x.a(pdum_nwk.o)
                              c:/NXP/bstudio_nxp/workspace/ZigBee-LightLink-Test-1/Light_ColorTemperatureLight/Build/pdum_gen.o (symbol from plugin) (pdum_vNPduInit)
c:/NXP/bstudio_nxp/sdk/JN-SW-4168/Components/Library\libPDUM_JN516x.a(pdum_apl.o)
                              c:/NXP/bstudio_nxp/workspace/ZigBee-LightLink-Test-1/Light_ColorTemperatureLight/Build/zll_CommissionCmdHandler.o (symbol from plugin) (PDUM_u16APduInstanceReadNBO)
c:/NXP/bstudio_nxp/sdk/JN-SW-4168/Components/Library\libPDUM_JN516x.a(pdum.o)
                              pdum_nwk.o (symbol from plugin) (PDUM_u16SizeNBO)
c:/NXP/bstudio_nxp/sdk/JN-SW-4168/Components/Library\libZPSAPL_JN516x.a(zps_apl_af.o)
                              c:/NXP/bstudio_nxp/workspace/ZigBee-LightLink-Test-1/Light_ColorTemperatureLight/Build/zpr_light_node.o (symbol from plugin) (ZPS_eAplAfInit)
c:/NXP/bstudio_nxp/sdk/JN-SW-4168/Components/Library\libZPSAPL_JN516x.a(zps_apl_af_apsde.o)
                              c:/NXP/bstudio_nxp/workspace/ZigBee-LightLink-Test-1/Light_ColorTemperatureLight/Build/zps_gen.o (symbol from plugin) (zps_vHandleApsdeDataFragIndNotSupported)
c:/NXP/bstudio_nxp/sdk/JN-SW-4168/Components/Library\libZPSAPL_JN516x.a(zps_apl_task.o)
                              zps_apl_af_apsde.o (symbol from plugin) (zps_vAplAfPostEvent)
c:/NXP/bstudio_nxp/sdk/JN-SW-4168/Components/Library\libZPSAPL_JN516x.a(zps_apl_apsde.o)
                              zps_apl_task.o (symbol from plugin) (ZPS_vAplRegisterApsdeDcfmIndCallbacks)
c:/NXP/bstudio_nxp/sdk/JN-SW-4168/Components/Library\libZPSAPL_JN516x.a(zps_apl_apsme.o)
                              zps_apl_task.o (symbol from plugin) (ZPS_vAplRegisterApsmeDcfmIndCallbacks)
c:/NXP/bstudio_nxp/sdk/JN-SW-4168/Components/Library\libZPSAPL_JN516x.a(zps_apl_aps_nlde.o)
                              zps_apl_task.o (symbol from plugin) (zps_vAplApsHandleNldeDcfmInd)
c:/NXP/bstudio_nxp/sdk/JN-SW-4168/Components/Library\libZPSAPL_JN516x.a(zps_apl_sec.o)
                              zps_apl_task.o (symbol from plugin) (zps_psFindKeyDescr)
c:/NXP/bstudio_nxp/sdk/JN-SW-4168/Components/Library\libZPSAPL_JN516x.a(zps_apl_aib.o)
                              c:/NXP/bstudio_nxp/workspace/ZigBee-LightLink-Test-1/Light_ColorTemperatureLight/Build/app_light_commission_task.o (symbol from plugin) (zps_psAplAibGetAib)
c:/NXP/bstudio_nxp/sdk/JN-SW-4168/Components/Library\libZPSAPL_JN516x.a(zps_apl_zdo_nwkmanager.o)
                              zps_apl_apsme.o (symbol from plugin) (zps_vAplSaveRecord)
c:/NXP/bstudio_nxp/sdk/JN-SW-4168/Components/Library\libZPSAPL_JN516x.a(zps_apl_zdo_handle_zdp_event.o)
                              zps_apl_task.o (symbol from plugin) (zps_bAplZdoHandleZdpEvent)
c:/NXP/bstudio_nxp/sdk/JN-SW-4168/Components/Library\libZPSAPL_JN516x.a(zps_apl_zdo_trust_center.o)
                              zps_apl_sec.o (symbol from plugin) (zps_eAplTrustCenterFindDevice)
c:/NXP/bstudio_nxp/sdk/JN-SW-4168/Components/Library\libZPSAPL_JN516x.a(zps_apl_zdo_common.o)
                              zps_apl_zdo_nwkmanager.o (symbol from plugin) (zps_eAplZdoNlmeleaveWrapper)
c:/NXP/bstudio_nxp/sdk/JN-SW-4168/Components/Library\libZPSAPL_JN516x.a(zps_apl_zdo_group.o)
                              c:/NXP/bstudio_nxp/workspace/ZigBee-LightLink-Test-1/Light_ColorTemperatureLight/Build/GroupsTableManager.o (symbol from plugin) (zps_eAplZdoGroupEndpointAdd)
c:/NXP/bstudio_nxp/sdk/JN-SW-4168/Components/Library\libZPSAPL_JN516x.a(zps_apl_zdo_default_server.o)
                              c:/NXP/bstudio_nxp/workspace/ZigBee-LightLink-Test-1/Light_ColorTemperatureLight/Build/zps_gen.o (symbol from plugin) (zps_vAplZdoDefaultServerInit)
[...]
Memory Configuration

Name             Origin             Length             Attributes
flash            0x0000000000080000 0x0000000000080000
ram              0x000000000400004c 0x0000000000007fb4
*default*        0x0000000000000000 0xffffffffffffffff

Linker script and memory map

                0x0000000000001388                __stack_size = 0x1388
                0x00000000000007d0                __minimum_heap_size = 0x7d0
START GROUP
LOAD c:/NXP/bstudio_nxp/workspace/ZigBee-LightLink-Test-1/Light_ColorTemperatureLight/Build/os_gen.o
LOAD C:\Users\brend\AppData\Local\Temp\ccWyRWEG.ltrans0.ltrans.o
LOAD C:\Users\brend\AppData\Local\Temp\ccWyRWEG.ltrans1.ltrans.o
LOAD C:\Users\brend\AppData\Local\Temp\ccWyRWEG.ltrans2.ltrans.o
LOAD C:\Users\brend\AppData\Local\Temp\ccWyRWEG.ltrans3.ltrans.o
LOAD C:\Users\brend\AppData\Local\Temp\ccWyRWEG.ltrans4.ltrans.o
LOAD C:\Users\brend\AppData\Local\Temp\ccWyRWEG.ltrans5.ltrans.o
LOAD C:\Users\brend\AppData\Local\Temp\ccWyRWEG.ltrans6.ltrans.o
LOAD C:\Users\brend\AppData\Local\Temp\ccWyRWEG.ltrans7.ltrans.o
LOAD C:\Users\brend\AppData\Local\Temp\ccWyRWEG.ltrans8.ltrans.o
LOAD C:\Users\brend\AppData\Local\Temp\ccWyRWEG.ltrans9.ltrans.o
LOAD C:\Users\brend\AppData\Local\Temp\ccWyRWEG.ltrans10.ltrans.o
LOAD C:\Users\brend\AppData\Local\Temp\ccWyRWEG.ltrans11.ltrans.o
LOAD C:\Users\brend\AppData\Local\Temp\ccWyRWEG.ltrans12.ltrans.o
LOAD C:\Users\brend\AppData\Local\Temp\ccWyRWEG.ltrans13.ltrans.o
LOAD C:\Users\brend\AppData\Local\Temp\ccWyRWEG.ltrans14.ltrans.o
LOAD C:\Users\brend\AppData\Local\Temp\ccWyRWEG.ltrans15.ltrans.o
LOAD C:\Users\brend\AppData\Local\Temp\ccWyRWEG.ltrans16.ltrans.o
LOAD C:\Users\brend\AppData\Local\Temp\ccWyRWEG.ltrans17.ltrans.o
LOAD C:\Users\brend\AppData\Local\Temp\ccWyRWEG.ltrans18.ltrans.o
LOAD C:\Users\brend\AppData\Local\Temp\ccWyRWEG.ltrans19.ltrans.o
LOAD C:\Users\brend\AppData\Local\Temp\ccWyRWEG.ltrans20.ltrans.o
LOAD C:\Users\brend\AppData\Local\Temp\ccWyRWEG.ltrans21.ltrans.o
LOAD C:\Users\brend\AppData\Local\Temp\ccWyRWEG.ltrans22.ltrans.o
LOAD C:\Users\brend\AppData\Local\Temp\ccWyRWEG.ltrans23.ltrans.o
LOAD C:\Users\brend\AppData\Local\Temp\ccWyRWEG.ltrans24.ltrans.o
LOAD C:\Users\brend\AppData\Local\Temp\ccWyRWEG.ltrans25.ltrans.o
LOAD C:\Users\brend\AppData\Local\Temp\ccWyRWEG.ltrans26.ltrans.o
LOAD C:\Users\brend\AppData\Local\Temp\ccWyRWEG.ltrans27.ltrans.o
LOAD C:\Users\brend\AppData\Local\Temp\ccWyRWEG.ltrans28.ltrans.o
LOAD C:\Users\brend\AppData\Local\Temp\ccWyRWEG.ltrans29.ltrans.o
LOAD C:\Users\brend\AppData\Local\Temp\ccWyRWEG.ltrans30.ltrans.o
LOAD C:\Users\brend\AppData\Local\Temp\ccWyRWEG.ltrans31.ltrans.o
LOAD c:/nxp/bstudio_nxp/sdk/tools/ba-elf-ba2-r36379/bin/../lib/gcc/ba-elf/4.7.4/../../../../ba-elf/lib/mcpu_jn51xx_sizeopt\libc.a
LOAD c:/nxp/bstudio_nxp/sdk/tools/ba-elf-ba2-r36379/bin/../lib/gcc/ba-elf/4.7.4/mcpu_jn51xx_sizeopt\libgcc.a
LOAD c:/nxp/bstudio_nxp/sdk/tools/ba-elf-ba2-r36379/bin/../lib/gcc/ba-elf/4.7.4/../../../../ba-elf/lib/mcpu_jn51xx_sizeopt\libc.a
LOAD c:/NXP/bstudio_nxp/workspace/ZigBee-LightLink-Test-1/Light_ColorTemperatureLight/Build/os_irq.o
LOAD c:/NXP/bstudio_nxp/workspace/ZigBee-LightLink-Test-1/Light_ColorTemperatureLight/Build/os_irq_alignment.o
LOAD c:/NXP/bstudio_nxp/workspace/ZigBee-LightLink-Test-1/Light_ColorTemperatureLight/Build/os_irq_buserror.o
LOAD c:/NXP/bstudio_nxp/workspace/ZigBee-LightLink-Test-1/Light_ColorTemperatureLight/Build/os_irq_illegalinstruction.o
LOAD c:/NXP/bstudio_nxp/workspace/ZigBee-LightLink-Test-1/Light_ColorTemperatureLight/Build/os_irq_stackoverflowexception.o
LOAD c:/NXP/bstudio_nxp/workspace/ZigBee-LightLink-Test-1/Light_ColorTemperatureLight/Build/os_irq_unimplementedmodule.o
LOAD c:/NXP/bstudio_nxp/workspace/ZigBee-LightLink-Test-1/Light_ColorTemperatureLight/Build/pdum_gen.o
LOAD c:/NXP/bstudio_nxp/workspace/ZigBee-LightLink-Test-1/Light_ColorTemperatureLight/Build/pdum_apdu.o
LOAD c:/NXP/bstudio_nxp/workspace/ZigBee-LightLink-Test-1/Light_ColorTemperatureLight/Build/zps_gen.o
LOAD c:/NXP/bstudio_nxp/workspace/ZigBee-LightLink-Test-1/Light_ColorTemperatureLight/Build/app_timer_driver.o
LOAD c:/NXP/bstudio_nxp/workspace/ZigBee-LightLink-Test-1/Light_ColorTemperatureLight/Build/app_start_light.o
LOAD c:/NXP/bstudio_nxp/workspace/ZigBee-LightLink-Test-1/Light_ColorTemperatureLight/Build/app_scenes.o
LOAD c:/NXP/bstudio_nxp/workspace/ZigBee-LightLink-Test-1/Light_ColorTemperatureLight/Build/app_power_on_counter.o
LOAD c:/NXP/bstudio_nxp/workspace/ZigBee-LightLink-Test-1/Light_ColorTemperatureLight/Build/zpr_light_node.o
LOAD c:/NXP/bstudio_nxp/workspace/ZigBee-LightLink-Test-1/Light_ColorTemperatureLight/Build/ecb_decrypt.o
LOAD c:/NXP/bstudio_nxp/workspace/ZigBee-LightLink-Test-1/Light_ColorTemperatureLight/Build/app_zcl_light_task.o
LOAD c:/NXP/bstudio_nxp/workspace/ZigBee-LightLink-Test-1/Light_ColorTemperatureLight/Build/app_light_commission_task.o
LOAD c:/NXP/bstudio_nxp/workspace/ZigBee-LightLink-Test-1/Light_ColorTemperatureLight/Build/app_manage_temperature.o
LOAD c:/NXP/bstudio_nxp/workspace/ZigBee-LightLink-Test-1/Light_ColorTemperatureLight/Build/app_light_interpolation.o
LOAD c:/NXP/bstudio_nxp/workspace/ZigBee-LightLink-Test-1/Light_ColorTemperatureLight/Build/appZpsBeaconHandler.o
LOAD c:/NXP/bstudio_nxp/workspace/ZigBee-LightLink-Test-1/Light_ColorTemperatureLight/Build/App_Light_ColorTemperatureLight.o
LOAD c:/NXP/bstudio_nxp/workspace/ZigBee-LightLink-Test-1/Light_ColorTemperatureLight/Build/DriverBulb_DR1175.o
LOAD c:/NXP/bstudio_nxp/workspace/ZigBee-LightLink-Test-1/Light_ColorTemperatureLight/Build/DriverBulb_Shim.o
LOAD c:/NXP/bstudio_nxp/workspace/ZigBee-LightLink-Test-1/Light_ColorTemperatureLight/Build/app_buttons.o
LOAD c:/NXP/bstudio_nxp/workspace/ZigBee-LightLink-Test-1/Light_ColorTemperatureLight/Build/Alarms.o
LOAD c:/NXP/bstudio_nxp/workspace/ZigBee-LightLink-Test-1/Light_ColorTemperatureLight/Build/AlarmsClientCommands.o
LOAD c:/NXP/bstudio_nxp/workspace/ZigBee-LightLink-Test-1/Light_ColorTemperatureLight/Build/AlarmsCommandHandler.o
LOAD c:/NXP/bstudio_nxp/workspace/ZigBee-LightLink-Test-1/Light_ColorTemperatureLight/Build/AlarmsServerCommands.o
LOAD c:/NXP/bstudio_nxp/workspace/ZigBee-LightLink-Test-1/Light_ColorTemperatureLight/Build/AlarmsTableManager.o
LOAD c:/NXP/bstudio_nxp/workspace/ZigBee-LightLink-Test-1/Light_ColorTemperatureLight/Build/AnalogInputBasic.o
LOAD c:/NXP/bstudio_nxp/workspace/ZigBee-LightLink-Test-1/Light_ColorTemperatureLight/Build/AnalogOutputBasic.o
LOAD c:/NXP/bstudio_nxp/workspace/ZigBee-LightLink-Test-1/Light_ColorTemperatureLight/Build/Basic.o
LOAD c:/NXP/bstudio_nxp/workspace/ZigBee-LightLink-Test-1/Light_ColorTemperatureLight/Build/BasicClientCommands.o
LOAD c:/NXP/bstudio_nxp/workspace/ZigBee-LightLink-Test-1/Light_ColorTemperatureLight/Build/BasicCommandHandler.o
LOAD c:/NXP/bstudio_nxp/workspace/ZigBee-LightLink-Test-1/Light_ColorTemperatureLight/Build/BinaryInputBasic.o
LOAD c:/NXP/bstudio_nxp/workspace/ZigBee-LightLink-Test-1/Light_ColorTemperatureLight/Build/BinaryOutputBasic.o
LOAD c:/NXP/bstudio_nxp/workspace/ZigBee-LightLink-Test-1/Light_ColorTemperatureLight/Build/Commissioning.o
LOAD c:/NXP/bstudio_nxp/workspace/ZigBee-LightLink-Test-1/Light_ColorTemperatureLight/Build/DeviceTemperatureConfiguration.o
LOAD c:/NXP/bstudio_nxp/workspace/ZigBee-LightLink-Test-1/Light_ColorTemperatureLight/Build/Diagnostics.o
LOAD c:/NXP/bstudio_nxp/workspace/ZigBee-LightLink-Test-1/Light_ColorTemperatureLight/Build/DoorLock.o
LOAD c:/NXP/bstudio_nxp/workspace/ZigBee-LightLink-Test-1/Light_ColorTemperatureLight/Build/DoorLockCommandHandler.o
LOAD c:/NXP/bstudio_nxp/workspace/ZigBee-LightLink-Test-1/Light_ColorTemperatureLight/Build/DoorLockCommands.o
LOAD c:/NXP/bstudio_nxp/workspace/ZigBee-LightLink-Test-1/Light_ColorTemperatureLight/Build/ElectricalMeasurement.o
LOAD c:/NXP/bstudio_nxp/workspace/ZigBee-LightLink-Test-1/Light_ColorTemperatureLight/Build/Groups.o
LOAD c:/NXP/bstudio_nxp/workspace/ZigBee-LightLink-Test-1/Light_ColorTemperatureLight/Build/GroupsClientCommands.o
LOAD c:/NXP/bstudio_nxp/workspace/ZigBee-LightLink-Test-1/Light_ColorTemperatureLight/Build/GroupsCommandHandler.o
LOAD c:/NXP/bstudio_nxp/workspace/ZigBee-LightLink-Test-1/Light_ColorTemperatureLight/Build/GroupsServerCommands.o
LOAD c:/NXP/bstudio_nxp/workspace/ZigBee-LightLink-Test-1/Light_ColorTemperatureLight/Build/GroupsTableManager.o
LOAD c:/NXP/bstudio_nxp/workspace/ZigBee-LightLink-Test-1/Light_ColorTemperatureLight/Build/Identify.o
LOAD c:/NXP/bstudio_nxp/workspace/ZigBee-LightLink-Test-1/Light_ColorTemperatureLight/Build/IdentifyClientCommands.o
LOAD c:/NXP/bstudio_nxp/workspace/ZigBee-LightLink-Test-1/Light_ColorTemperatureLight/Build/IdentifyCommandHandler.o
LOAD c:/NXP/bstudio_nxp/workspace/ZigBee-LightLink-Test-1/Light_ColorTemperatureLight/Build/IdentifyServerCommands.o
LOAD c:/NXP/bstudio_nxp/workspace/ZigBee-LightLink-Test-1/Light_ColorTemperatureLight/Build/LevelControl.o
LOAD c:/NXP/bstudio_nxp/workspace/ZigBee-LightLink-Test-1/Light_ColorTemperatureLight/Build/LevelControlClientCommands.o
LOAD c:/NXP/bstudio_nxp/workspace/ZigBee-LightLink-Test-1/Light_ColorTemperatureLight/Build/LevelControlCommandHandler.o
LOAD c:/NXP/bstudio_nxp/workspace/ZigBee-LightLink-Test-1/Light_ColorTemperatureLight/Build/MultistateInputBasic.o
LOAD c:/NXP/bstudio_nxp/workspace/ZigBee-LightLink-Test-1/Light_ColorTemperatureLight/Build/MultistateOutputBasic.o
LOAD c:/NXP/bstudio_nxp/workspace/ZigBee-LightLink-Test-1/Light_ColorTemperatureLight/Build/OOSC.o
LOAD c:/NXP/bstudio_nxp/workspace/ZigBee-LightLink-Test-1/Light_ColorTemperatureLight/Build/OnOff.o
LOAD c:/NXP/bstudio_nxp/workspace/ZigBee-LightLink-Test-1/Light_ColorTemperatureLight/Build/OnOffCommandHandler.o
LOAD c:/NXP/bstudio_nxp/workspace/ZigBee-LightLink-Test-1/Light_ColorTemperatureLight/Build/OnOffCommands.o
LOAD c:/NXP/bstudio_nxp/workspace/ZigBee-LightLink-Test-1/Light_ColorTemperatureLight/Build/PollControl.o
LOAD c:/NXP/bstudio_nxp/workspace/ZigBee-LightLink-Test-1/Light_ColorTemperatureLight/Build/PollControlClientCommands.o
LOAD c:/NXP/bstudio_nxp/workspace/ZigBee-LightLink-Test-1/Light_ColorTemperatureLight/Build/PollControlCommandHandler.o
LOAD c:/NXP/bstudio_nxp/workspace/ZigBee-LightLink-Test-1/Light_ColorTemperatureLight/Build/PollControlServerCommands.o
LOAD c:/NXP/bstudio_nxp/workspace/ZigBee-LightLink-Test-1/Light_ColorTemperatureLight/Build/PowerConfiguration.o
LOAD c:/NXP/bstudio_nxp/workspace/ZigBee-LightLink-Test-1/Light_ColorTemperatureLight/Build/Scenes.o
LOAD c:/NXP/bstudio_nxp/workspace/ZigBee-LightLink-Test-1/Light_ColorTemperatureLight/Build/ScenesClientCommands.o
LOAD c:/NXP/bstudio_nxp/workspace/ZigBee-LightLink-Test-1/Light_ColorTemperatureLight/Build/ScenesClusterManagement.o
LOAD c:/NXP/bstudio_nxp/workspace/ZigBee-LightLink-Test-1/Light_ColorTemperatureLight/Build/ScenesCommandHandler.o
LOAD c:/NXP/bstudio_nxp/workspace/ZigBee-LightLink-Test-1/Light_ColorTemperatureLight/Build/ScenesServerCommands.o
LOAD c:/NXP/bstudio_nxp/workspace/ZigBee-LightLink-Test-1/Light_ColorTemperatureLight/Build/ScenesTableManager.o
LOAD c:/NXP/bstudio_nxp/workspace/ZigBee-LightLink-Test-1/Light_ColorTemperatureLight/Build/TC.o
LOAD c:/NXP/bstudio_nxp/workspace/ZigBee-LightLink-Test-1/Light_ColorTemperatureLight/Build/Time.o
LOAD c:/NXP/bstudio_nxp/workspace/ZigBee-LightLink-Test-1/Light_ColorTemperatureLight/Build/zll_CommissionCmdHandler.o
LOAD c:/NXP/bstudio_nxp/workspace/ZigBee-LightLink-Test-1/Light_ColorTemperatureLight/Build/zll_UtilityCmdHandler.o
LOAD c:/NXP/bstudio_nxp/workspace/ZigBee-LightLink-Test-1/Light_ColorTemperatureLight/Build/zll_commission.o
LOAD c:/NXP/bstudio_nxp/workspace/ZigBee-LightLink-Test-1/Light_ColorTemperatureLight/Build/zll_utility.o
LOAD c:/NXP/bstudio_nxp/workspace/ZigBee-LightLink-Test-1/Light_ColorTemperatureLight/Build/colour_light.o
LOAD c:/NXP/bstudio_nxp/workspace/ZigBee-LightLink-Test-1/Light_ColorTemperatureLight/Build/colour_remote.o
LOAD c:/NXP/bstudio_nxp/workspace/ZigBee-LightLink-Test-1/Light_ColorTemperatureLight/Build/colour_scene_remote.o
LOAD c:/NXP/bstudio_nxp/workspace/ZigBee-LightLink-Test-1/Light_ColorTemperatureLight/Build/colour_temperature_light.o
LOAD c:/NXP/bstudio_nxp/workspace/ZigBee-LightLink-Test-1/Light_ColorTemperatureLight/Build/commission_endpoint.o
LOAD c:/NXP/bstudio_nxp/workspace/ZigBee-LightLink-Test-1/Light_ColorTemperatureLight/Build/control_bridge.o
LOAD c:/NXP/bstudio_nxp/workspace/ZigBee-LightLink-Test-1/Light_ColorTemperatureLight/Build/dimmable_light.o
LOAD c:/NXP/bstudio_nxp/workspace/ZigBee-LightLink-Test-1/Light_ColorTemperatureLight/Build/dimmable_plug.o
LOAD c:/NXP/bstudio_nxp/workspace/ZigBee-LightLink-Test-1/Light_ColorTemperatureLight/Build/extended_colour_light.o
LOAD c:/NXP/bstudio_nxp/workspace/ZigBee-LightLink-Test-1/Light_ColorTemperatureLight/Build/non_colour_remote.o
LOAD c:/NXP/bstudio_nxp/workspace/ZigBee-LightLink-Test-1/Light_ColorTemperatureLight/Build/non_colour_scene_remote.o
LOAD c:/NXP/bstudio_nxp/workspace/ZigBee-LightLink-Test-1/Light_ColorTemperatureLight/Build/on_off_light.o
LOAD c:/NXP/bstudio_nxp/workspace/ZigBee-LightLink-Test-1/Light_ColorTemperatureLight/Build/on_off_plug.o
LOAD c:/NXP/bstudio_nxp/workspace/ZigBee-LightLink-Test-1/Light_ColorTemperatureLight/Build/on_off_sensor.o
LOAD c:/NXP/bstudio_nxp/workspace/ZigBee-LightLink-Test-1/Light_ColorTemperatureLight/Build/zll.o
LOAD c:/NXP/bstudio_nxp/workspace/ZigBee-LightLink-Test-1/Light_ColorTemperatureLight/Build/BallastConfiguration.o
LOAD c:/NXP/bstudio_nxp/workspace/ZigBee-LightLink-Test-1/Light_ColorTemperatureLight/Build/ColourControl.o
LOAD c:/NXP/bstudio_nxp/workspace/ZigBee-LightLink-Test-1/Light_ColorTemperatureLight/Build/ColourControlClientCommands.o
LOAD c:/NXP/bstudio_nxp/workspace/ZigBee-LightLink-Test-1/Light_ColorTemperatureLight/Build/ColourControlCommandHandler.o
LOAD c:/NXP/bstudio_nxp/workspace/ZigBee-LightLink-Test-1/Light_ColorTemperatureLight/Build/ColourControlConversions.o
LOAD c:/NXP/bstudio_nxp/workspace/ZigBee-LightLink-Test-1/Light_ColorTemperatureLight/Build/dlist.o
LOAD c:/NXP/bstudio_nxp/workspace/ZigBee-LightLink-Test-1/Light_ColorTemperatureLight/Build/zcl.o
LOAD c:/NXP/bstudio_nxp/workspace/ZigBee-LightLink-Test-1/Light_ColorTemperatureLight/Build/zcl_CustomCommandReceive.o
LOAD c:/NXP/bstudio_nxp/workspace/ZigBee-LightLink-Test-1/Light_ColorTemperatureLight/Build/zcl_CustomCommandSend.o
LOAD c:/NXP/bstudio_nxp/workspace/ZigBee-LightLink-Test-1/Light_ColorTemperatureLight/Build/zcl_PDUbufferReadWrite.o
LOAD c:/NXP/bstudio_nxp/workspace/ZigBee-LightLink-Test-1/Light_ColorTemperatureLight/Build/zcl_PDUbufferReadWriteString.o
LOAD c:/NXP/bstudio_nxp/workspace/ZigBee-LightLink-Test-1/Light_ColorTemperatureLight/Build/zcl_WriteAttributesRequestHandle.o
LOAD c:/NXP/bstudio_nxp/workspace/ZigBee-LightLink-Test-1/Light_ColorTemperatureLight/Build/zcl_WriteAttributesRequestSend.o
LOAD c:/NXP/bstudio_nxp/workspace/ZigBee-LightLink-Test-1/Light_ColorTemperatureLight/Build/zcl_WriteAttributesResponseHandle.o
LOAD c:/NXP/bstudio_nxp/workspace/ZigBee-LightLink-Test-1/Light_ColorTemperatureLight/Build/zcl_attribute.o
LOAD c:/NXP/bstudio_nxp/workspace/ZigBee-LightLink-Test-1/Light_ColorTemperatureLight/Build/zcl_buffer.o
LOAD c:/NXP/bstudio_nxp/workspace/ZigBee-LightLink-Test-1/Light_ColorTemperatureLight/Build/zcl_clusterCommand.o
LOAD c:/NXP/bstudio_nxp/workspace/ZigBee-LightLink-Test-1/Light_ColorTemperatureLight/Build/zcl_command.o
LOAD c:/NXP/bstudio_nxp/workspace/ZigBee-LightLink-Test-1/Light_ColorTemperatureLight/Build/zcl_configureReportingCommandHandle.o
LOAD c:/NXP/bstudio_nxp/workspace/ZigBee-LightLink-Test-1/Light_ColorTemperatureLight/Build/zcl_configureReportingCommandSend.o
LOAD c:/NXP/bstudio_nxp/workspace/ZigBee-LightLink-Test-1/Light_ColorTemperatureLight/Build/zcl_configureReportingResponseHandle.o
LOAD c:/NXP/bstudio_nxp/workspace/ZigBee-LightLink-Test-1/Light_ColorTemperatureLight/Build/zcl_defaultResponse.o
LOAD c:/NXP/bstudio_nxp/workspace/ZigBee-LightLink-Test-1/Light_ColorTemperatureLight/Build/zcl_discoverAttributesExtendedRequestHandle.o
LOAD c:/NXP/bstudio_nxp/workspace/ZigBee-LightLink-Test-1/Light_ColorTemperatureLight/Build/zcl_discoverAttributesExtendedRequestSend.o
LOAD c:/NXP/bstudio_nxp/workspace/ZigBee-LightLink-Test-1/Light_ColorTemperatureLight/Build/zcl_discoverAttributesExtendedResponseHandle.o
LOAD c:/NXP/bstudio_nxp/workspace/ZigBee-LightLink-Test-1/Light_ColorTemperatureLight/Build/zcl_discoverAttributesRequestHandle.o
LOAD c:/NXP/bstudio_nxp/workspace/ZigBee-LightLink-Test-1/Light_ColorTemperatureLight/Build/zcl_discoverAttributesRequestSend.o
LOAD c:/NXP/bstudio_nxp/workspace/ZigBee-LightLink-Test-1/Light_ColorTemperatureLight/Build/zcl_discoverAttributesResponseHandle.o
LOAD c:/NXP/bstudio_nxp/workspace/ZigBee-LightLink-Test-1/Light_ColorTemperatureLight/Build/zcl_discoverCommandsRequestHandle.o
LOAD c:/NXP/bstudio_nxp/workspace/ZigBee-LightLink-Test-1/Light_ColorTemperatureLight/Build/zcl_discoverCommandsRequestSend.o
LOAD c:/NXP/bstudio_nxp/workspace/ZigBee-LightLink-Test-1/Light_ColorTemperatureLight/Build/zcl_discoverCommandsResponseHandle.o
LOAD c:/NXP/bstudio_nxp/workspace/ZigBee-LightLink-Test-1/Light_ColorTemperatureLight/Build/zcl_event.o
LOAD c:/NXP/bstudio_nxp/workspace/ZigBee-LightLink-Test-1/Light_ColorTemperatureLight/Build/zcl_heap.o
LOAD c:/NXP/bstudio_nxp/workspace/ZigBee-LightLink-Test-1/Light_ColorTemperatureLight/Build/zcl_library_options.o
LOAD c:/NXP/bstudio_nxp/workspace/ZigBee-LightLink-Test-1/Light_ColorTemperatureLight/Build/zcl_readAttributesRequestHandle.o
LOAD c:/NXP/bstudio_nxp/workspace/ZigBee-LightLink-Test-1/Light_ColorTemperatureLight/Build/zcl_readAttributesRequestSend.o
LOAD c:/NXP/bstudio_nxp/workspace/ZigBee-LightLink-Test-1/Light_ColorTemperatureLight/Build/zcl_readAttributesResponseHandle.o
LOAD c:/NXP/bstudio_nxp/workspace/ZigBee-LightLink-Test-1/Light_ColorTemperatureLight/Build/zcl_readReportingConfigurationCommandHandle.o
LOAD c:/NXP/bstudio_nxp/workspace/ZigBee-LightLink-Test-1/Light_ColorTemperatureLight/Build/zcl_readReportingConfigurationCommandSend.o
LOAD c:/NXP/bstudio_nxp/workspace/ZigBee-LightLink-Test-1/Light_ColorTemperatureLight/Build/zcl_readReportingConfigurationResponseHandle.o
LOAD c:/NXP/bstudio_nxp/workspace/ZigBee-LightLink-Test-1/Light_ColorTemperatureLight/Build/zcl_reportManager.o
LOAD c:/NXP/bstudio_nxp/workspace/ZigBee-LightLink-Test-1/Light_ColorTemperatureLight/Build/zcl_reportMaths.o
LOAD c:/NXP/bstudio_nxp/workspace/ZigBee-LightLink-Test-1/Light_ColorTemperatureLight/Build/zcl_reportScheduler.o
LOAD c:/NXP/bstudio_nxp/workspace/ZigBee-LightLink-Test-1/Light_ColorTemperatureLight/Build/zcl_reportStringHandling.o
LOAD c:/NXP/bstudio_nxp/workspace/ZigBee-LightLink-Test-1/Light_ColorTemperatureLight/Build/zcl_reportStructure.o
LOAD c:/NXP/bstudio_nxp/workspace/ZigBee-LightLink-Test-1/Light_ColorTemperatureLight/Build/zcl_search.o
LOAD c:/NXP/bstudio_nxp/workspace/ZigBee-LightLink-Test-1/Light_ColorTemperatureLight/Build/zcl_timer.o
LOAD c:/NXP/bstudio_nxp/workspace/ZigBee-LightLink-Test-1/Light_ColorTemperatureLight/Build/zcl_transmit.o
LOAD c:/NXP/bstudio_nxp/sdk/JN-SW-4168/Components/Library\libZPSMAC_Mini_JN516x.a
LOAD c:/NXP/bstudio_nxp/sdk/JN-SW-4168/Components/Library\libOS_JN516x.a
LOAD c:/NXP/bstudio_nxp/sdk/JN-SW-4168/Components/Library\libPWRM_JN516x.a
LOAD c:/NXP/bstudio_nxp/sdk/JN-SW-4168/Components/Library\libZPSTSV_JN516x.a
LOAD c:/NXP/bstudio_nxp/sdk/JN-SW-4168/Components/Library\libAES_SW_JN516x.a
LOAD c:/NXP/bstudio_nxp/sdk/JN-SW-4168/Components/Library\libPDUM_JN516x.a
LOAD c:/NXP/bstudio_nxp/sdk/JN-SW-4168/Components/Library\libZPSAPL_JN516x.a
LOAD c:/NXP/bstudio_nxp/sdk/JN-SW-4168/Components/Library\libRandom_JN516x.a
LOAD c:/NXP/bstudio_nxp/sdk/JN-SW-4168/Components/Library\libPDM_EEPROM_JN516x.a
LOAD c:/NXP/bstudio_nxp/sdk/JN-SW-4168/Components/Library\libDBG_JN516x.a
LOAD c:/NXP/bstudio_nxp/sdk/JN-SW-4168/Components/Library\libZPSZLL_JN516x.a
LOAD c:/NXP/bstudio_nxp/sdk/JN-SW-4168/Components/Library\libZPSNWK_JN516x.a
LOAD c:/NXP/bstudio_nxp/sdk/JN-SW-4168/Components/Library\libRecal_JN516x.a
LOAD c:/NXP/bstudio_nxp/sdk/JN-SW-4168/Components/Library\libMiniMac_JN5169.a
LOAD c:/NXP/bstudio_nxp/sdk/JN-SW-4168/Components/Library\libMiniMacShim_JN516x.a
LOAD c:/NXP/bstudio_nxp/sdk/JN-SW-4168/Components/Library\libMMAC_JN5169.a
LOAD c:/NXP/bstudio_nxp/sdk/JN-SW-4168/Components/Library\libJPT_JN5169.a
LOAD c:/NXP/bstudio_nxp/sdk/JN-SW-4168/Components/Library\libAes_JN516x.a
LOAD c:/NXP/bstudio_nxp/sdk/JN-SW-4168/Components/Library\libHardwareApi_JN5169.a
LOAD c:/NXP/bstudio_nxp/sdk/JN-SW-4168/Components/Library\libMicroSpecific_JN516x.a
LOAD c:/NXP/bstudio_nxp/sdk/JN-SW-4168/Components/Library\libBoot_JN516x.a
LOAD c:/NXP/bstudio_nxp/sdk/JN-SW-4168/Platform/DK4/Library\libBoardLib_JN516x.a
LOAD c:/nxp/bstudio_nxp/sdk/tools/ba-elf-ba2-r36379/bin/../lib/gcc/ba-elf/4.7.4/../../../../ba-elf/lib/mcpu_jn51xx_sizeopt\libm.a
END GROUP
LOAD c:/nxp/bstudio_nxp/sdk/tools/ba-elf-ba2-r36379/bin/../lib/gcc/ba-elf/4.7.4/../../../../ba-elf/lib/mcpu_jn51xx_sizeopt\libc.a
LOAD c:/nxp/bstudio_nxp/sdk/tools/ba-elf-ba2-r36379/bin/../lib/gcc/ba-elf/4.7.4/mcpu_jn51xx_sizeopt\libgcc.a
LOAD c:/nxp/bstudio_nxp/sdk/tools/ba-elf-ba2-r36379/bin/../lib/gcc/ba-elf/4.7.4/../../../../ba-elf/lib/mcpu_jn51xx_sizeopt\libc.a
                0x0000000000080038                exception_vsr_table = 0x80038
                0x0000000004000000                pSPIflashFncTable = 0x4000000
                0x0000000000000044                restore_state = 0x44
                0x000000000000004a                bZSPIWaitWIPClear = 0x4a
                0x0000000000000050                u16ZSPIflashRDID = 0x50
                0x0000000000000056                u8SelectFlashChipType = 0x56
                0x000000000000005c                memcpy = 0x5c
                0x0000000000000066                vBootFlashProg = 0x66
                [0x00000000000007d0]                __minimum_heap_size = DEFINED (__minimum_heap_size)?__minimum_heap_size:0xd16
                [0x0000000000001388]                __stack_size = DEFINED (__stack_size)?__stack_size:0x800
                0x0000000000000000                _SwConfig = (DEFINED (g_bSWConf_Debug) | (DEFINED (g_bSWConf_AltDebugPort) << 0x1))

.version        0x000000000007fffc        0x4
                0x000000000007fffc        0x4 LONG 0xf03000b

.bir            0x0000000000080000       0x10
                0x0000000000080000                _flash_start = ABSOLUTE (.)
                0x0000000000080000                _flash_beg = ABSOLUTE (.)
                0x0000000000080000        0x4 LONG 0x12345678
                0x0000000000080004        0x4 LONG 0x11223344
                0x0000000000080008        0x4 LONG 0x55667788
                0x000000000008000c        0x1 BYTE 0x8
                0x000000000008000d        0x1 BYTE 0x1
                0x000000000008000e        0x2 SHORT 0x0

.flashheader    0x0000000000080010       0x28
                0x0000000000080010        0x4 LONG 0x0
                0x0000000000080014        0x4 LONG 0x0
                0x0000000000080018        0x4 LONG 0x0
                0x000000000008001c        0x2 SHORT 0x0
                0x000000000008001e        0x2 SHORT 0x0 ABSOLUTE (_SwConfig)
                0x0000000000080020                _enc_start = ABSOLUTE (.)
                0x0000000000080020        0x4 LONG 0x26294 ABSOLUTE (_image_len)
                0x0000000000080024        0x4 LONG 0xa58d8 ABSOLUTE (_flash_data_start)
                0x0000000000080028        0x2 SHORT 0x13 ((ABSOLUTE (_ram_data_start) / 0x4) & 0xffff)
                0x000000000008002a        0x2 SHORT 0x26f ((ABSOLUTE (_ram_data_len) / 0x4) & 0xffff)
                0x000000000008002c        0x2 SHORT 0x282 ((ABSOLUTE (_bss_start) / 0x4) & 0xffff)
                0x000000000008002e        0x2 SHORT 0xf6a ((ABSOLUTE (_bss_len) / 0x4) & 0xffff)
                0x0000000000080030        0x4 LONG 0xa21cc ABSOLUTE (AppWarmStart)
                0x0000000000080034        0x4 LONG 0xa21e6 ABSOLUTE (AppColdStart)
                0x0000000000000000                _enc_offset = (_enc_start & 0xf)

.ro_mac_address
                0x0000000000080040        0x0
                0x0000000000080040                _FlsMACAddress = ABSOLUTE (.)
 *(.ro_mac_address)
                0x0000000000080040                . = ALIGN (0x10)

.ro_ota_header  0x0000000000080040        0x0
                0x0000000000080040                _FlsOtaHeader = ABSOLUTE (.)
 *(.ro_ota_header)
                0x0000000000080040                . = ALIGN (0x10)

.ro_se_lnkKey   0x0000000000080040        0x0
                0x0000000000080040                _FlsLinkKey = ABSOLUTE (.)
 *(.ro_se_lnkKey)
                0x0000000000080040                . = ALIGN (0x10)

.rodata         0x0000000000080038      0xe88
 *(.rodata*)
 .rodata.str1.1
                0x0000000000080038       0x1f C:\Users\brend\AppData\Local\Temp\ccWyRWEG.ltrans0.ltrans.o
 *fill*         0x0000000000080057        0x1 00
 .rodata        0x0000000000080058      0x13c C:\Users\brend\AppData\Local\Temp\ccWyRWEG.ltrans0.ltrans.o
                0x0000000000080058                gMAC_u8MaxBuffers
                0x000000000008005c                g_u32ApsFcSaveCountBitShift
                0x0000000000080060                u8MaxZpsConfigEp
                0x0000000000080061                au8EpMapPresent
                0x0000000000080064                s_groupPdmTable
 .rodata        0x0000000000080194       0x30 C:\Users\brend\AppData\Local\Temp\ccWyRWEG.ltrans1.ltrans.o
 .rodata.str1.1
                0x0000000000000000       0x1f C:\Users\brend\AppData\Local\Temp\ccWyRWEG.ltrans1.ltrans.o
                                          0x8 (size before relaxing)
 .rodata        0x00000000000801c4       0x10 C:\Users\brend\AppData\Local\Temp\ccWyRWEG.ltrans2.ltrans.o
 .rodata        0x00000000000801d4       0x7b C:\Users\brend\AppData\Local\Temp\ccWyRWEG.ltrans3.ltrans.o
                0x00000000000801d4                au8FlashWaitStatesHSRCO.148504
                0x00000000000801dc                au8FlashWaitStates32MXO.148503
 *fill*         0x000000000008024f        0x1 00
 .rodata        0x0000000000080250       0x18 C:\Users\brend\AppData\Local\Temp\ccWyRWEG.ltrans4.ltrans.o
                0x0000000000080250                au32NwkPdmRecordOffsets
 .rodata        0x0000000000080268        0x8 C:\Users\brend\AppData\Local\Temp\ccWyRWEG.ltrans5.ltrans.o
 .rodata.str1.1
                0x0000000000080270       0x1c C:\Users\brend\AppData\Local\Temp\ccWyRWEG.ltrans7.ltrans.o
                                         0x34 (size before relaxing)
 .rodata        0x000000000008028c       0x10 C:\Users\brend\AppData\Local\Temp\ccWyRWEG.ltrans8.ltrans.o
                0x0000000000080294                au32UartAddrOffset
 .rodata.str1.1
                0x000000000008029c        0x3 C:\Users\brend\AppData\Local\Temp\ccWyRWEG.ltrans8.ltrans.o
 .rodata.str1.1
                0x0000000000000000        0x3 C:\Users\brend\AppData\Local\Temp\ccWyRWEG.ltrans9.ltrans.o
                                          0xf (size before relaxing)
 .rodata        0x000000000008029f        0x6 C:\Users\brend\AppData\Local\Temp\ccWyRWEG.ltrans9.ltrans.o
 .rodata.str1.1
                0x00000000000802a5        0x6 C:\Users\brend\AppData\Local\Temp\ccWyRWEG.ltrans10.ltrans.o
 .rodata.str1.1
                0x00000000000802ab        0x4 C:\Users\brend\AppData\Local\Temp\ccWyRWEG.ltrans11.ltrans.o
                                          0x8 (size before relaxing)
 .rodata.str1.1
                0x0000000000000000        0x3 C:\Users\brend\AppData\Local\Temp\ccWyRWEG.ltrans12.ltrans.o
 .rodata.str1.1
                0x00000000000802af       0x11 C:\Users\brend\AppData\Local\Temp\ccWyRWEG.ltrans13.ltrans.o
                                         0x20 (size before relaxing)
 .rodata.str1.1
                0x00000000000802c0       0xb7 C:\Users\brend\AppData\Local\Temp\ccWyRWEG.ltrans14.ltrans.o
                                         0xba (size before relaxing)
 .rodata.str1.1
                0x0000000000080377        0x5 C:\Users\brend\AppData\Local\Temp\ccWyRWEG.ltrans15.ltrans.o
 .rodata        0x000000000008037c      0x107 C:\Users\brend\AppData\Local\Temp\ccWyRWEG.ltrans15.ltrans.o
                0x000000000008037c                au8ZLLChannelSet
 .rodata.str1.1
                0x0000000000000000        0x5 C:\Users\brend\AppData\Local\Temp\ccWyRWEG.ltrans16.ltrans.o
                                          0x6 (size before relaxing)
 *fill*         0x0000000000080483        0x1 00
 .rodata        0x0000000000080484       0x4c C:\Users\brend\AppData\Local\Temp\ccWyRWEG.ltrans16.ltrans.o
                0x0000000000080484                g_u32NwkFcSaveCountBitShift
 .rodata        0x00000000000804d0      0x1fc C:\Users\brend\AppData\Local\Temp\ccWyRWEG.ltrans18.ltrans.o
                0x00000000000804d0                s_apsStSceTbl.129703
                0x00000000000804e4                s_apsStSmeTbl.129766
                0x00000000000804f8                s_aprIdleStHandleCme.139684
                0x000000000008050c                s_aprActvStHandleCme.135816
                0x0000000000080550                zps_sJoinSceTbl
                0x000000000008055c                zps_sActvSceTbl
                0x0000000000080568                zps_sDiscSmeTbl
                0x0000000000080574                zps_sFormSmeTbl
                0x0000000000080580                zps_sJoinSmeTbl
                0x000000000008058c                zps_sActvSmeTbl
 .rodata.str1.1
                0x00000000000806cc        0x5 C:\Users\brend\AppData\Local\Temp\ccWyRWEG.ltrans19.ltrans.o
                                          0xc (size before relaxing)
 .rodata.str1.1
                0x0000000000000000        0x4 C:\Users\brend\AppData\Local\Temp\ccWyRWEG.ltrans20.ltrans.o
 .rodata.str1.1
                0x00000000000806d1        0x5 C:\Users\brend\AppData\Local\Temp\ccWyRWEG.ltrans23.ltrans.o
                                         0x13 (size before relaxing)
 .rodata.str1.1
                0x0000000000000000        0x5 C:\Users\brend\AppData\Local\Temp\ccWyRWEG.ltrans24.ltrans.o
                                          0x6 (size before relaxing)
 .rodata.str1.1
                0x00000000000806d6       0x27 C:\Users\brend\AppData\Local\Temp\ccWyRWEG.ltrans25.ltrans.o
                                         0x4a (size before relaxing)
 *fill*         0x00000000000806fd        0x3 00
 .rodata        0x0000000000080700      0x318 C:\Users\brend\AppData\Local\Temp\ccWyRWEG.ltrans26.ltrans.o
                0x0000000000080900                gu32ZCLVersion
                0x0000000000080904                OS_g_u32Version
                0x0000000000080908                PDUM_g_u32Version
                0x000000000008090c                ZPS_g_u32MacVersion
                0x0000000000080910                ZPS_g_u32TsvVersion
 .rodata.str1.1
                0x0000000000080a18       0x2a C:\Users\brend\AppData\Local\Temp\ccWyRWEG.ltrans28.ltrans.o
                                         0x4f (size before relaxing)
 .rodata.str1.1
                0x0000000000000000       0x2a C:\Users\brend\AppData\Local\Temp\ccWyRWEG.ltrans29.ltrans.o
                                          0x8 (size before relaxing)
 .rodata        0x0000000000080a42       0x10 C:\Users\brend\AppData\Local\Temp\ccWyRWEG.ltrans30.ltrans.o
 .rodata.str1.1
                0x0000000000080a52       0x8e C:\Users\brend\AppData\Local\Temp\ccWyRWEG.ltrans31.ltrans.o
 .rodata        0x0000000000080ae0      0x3e0 C:\Users\brend\AppData\Local\Temp\ccWyRWEG.ltrans31.ltrans.o
                0x0000000000080ae0                zps_g_pvApl
                0x0000000000080ae4                pwrm_psWakeupCallbacks

.text           0x0000000000080ec0    0x24a16
 *(.text*)
 .text          0x0000000000080ec0     0x1e40 C:\Users\brend\AppData\Local\Temp\ccWyRWEG.ltrans0.ltrans.o
                0x0000000000080ec0                vInitialiseApp.3306
                0x0000000000080ec0                APP_TIMER_Version_1v0
 .text          0x0000000000082d00     0x186f C:\Users\brend\AppData\Local\Temp\ccWyRWEG.ltrans1.ltrans.o
                0x0000000000082d00                DBG_iUartGetChar
                0x0000000000082d50                vMMAC_IntHandlerBbc
                0x0000000000082d6a                eBasicTxCompleteHandler
                0x0000000000082d6f                vTxRxTimeout.145894
                0x0000000000082dcc                eSmeAcScBeaconInd.137779
                0x0000000000082e28                eSmeASFlBeaconInd.137614
                0x0000000000082e4a                eSmeUDNTScanDcfm.137064
                0x0000000000082e66                vPermitJoinHandleExpiry.132615
                0x0000000000082e6f                vNwkMcpsTimerCallback
                0x0000000000082ef4                zps_eNwkHandleSmePollDcfm
                0x0000000000082f1e                eSmeGenlScanDcfm.137606
                0x0000000000082f7c                eRouteRequestDataDcfm.133787
                0x0000000000082fd0                eNldeDataDcfm.131622
                0x0000000000083000                eSmeEdScScanDcfm.137602
                0x00000000000831a7                eSmeAcScBeaconInd.137622
                0x00000000000832af                eSmeUDNTBeaconInd.137598
                0x00000000000832d2                vPollClkSource.148321.constprop.85
                0x00000000000832e7                zps_eNwkRtDiscMatch.constprop.51
                0x000000000008333a                vCLD_ColourControl_xyY2CCT.constprop.35
                0x00000000000833ea                vMiniMac_ReturnTxBufferCallback
                0x00000000000833fc                vEnableReceive.145898
                0x0000000000083436                pvHeap_Alloc
                0x0000000000083439                vMicroIntRestoreState
                0x0000000000083445                bAHI_WriteEEPROMfixSegmentData
                0x00000000000834a3                bAHI_InitialiseEEPROM
                0x00000000000834eb                vAHI_ReadDataFromEEPROMregister
                0x0000000000083518                vAHI_WriteDataIntoEEPROMregister
                0x0000000000083548                iPDM_WriteSegmentHeaderDataIntoEEPROMsegment
                0x0000000000083577                u8AHI_WakeTimerFiredStatus
                0x000000000008358b                vAHI_WakeTimerStop.part.3.148998
                0x00000000000835ab                vAHI_UartReset.part.4.148752
                0x00000000000835e3                vAHI_ClockXtalPull
                0x0000000000083600                vAHI_OptimiseWaitStates
                0x000000000008364c                bAHI_GetClkSource
                0x0000000000083659                vAHI_SwReset
                0x000000000008368a                vAHI_DioSetDirection
                0x000000000008369e                bAHI_APRegulatorEnabled
                0x00000000000836ab                bIssueACIcommand
                0x0000000000083741                vACI_CmdWaitBusy
                0x000000000008374e                bACI_ECBencodeBuffer.part.0.148083.constprop.49
                0x0000000000083805                vACI_OptimisedCcmStar.constprop.54
                0x00000000000839f0                psSearchForFrameToSend
                0x0000000000083a47                eMiniMac_FrameInProgress
                0x0000000000083a72                vRemoveFromTxQueue
                0x0000000000083aae                vAddToTxQueue
                0x0000000000083ae4                u8GetHeaderSize
                0x0000000000083b0c                vMiniMac_PLME_SetReq_CcaMode
                0x0000000000083b20                vMiniMac_MLME_SetReq_MaxCsmaBackoffs
                0x0000000000083b40                vMiniMac_MLME_SetReq_MaxBe
                0x0000000000083b63                vMiniMac_MLME_SetReq_MinBe
                0x0000000000083b86                zps_vSendJoinInd
                0x0000000000083bf8                zps_psFormatCmdFrameGeneral
                0x0000000000083c85                zps_eNwkFormStInit
                0x0000000000083c9a                vSendDcfm.138300
                0x0000000000083cc0                bCheckMatchingEntry.137774
                0x0000000000083ce6                zps_psNwkSlistRemoveFromHead
                0x0000000000083cfd                zps_psNwkSlistRemove
                0x0000000000083d35                zps_bNwkMcpsMgrRemoveDescrFromLists
                0x0000000000083d73                zps_vNwkSlistAddToTail
                0x0000000000083d8d                zps_vNwkSecClearMatSet
                0x0000000000083db7                ZPS_bNwkSecHaveNetworkKey
                0x0000000000083deb                ZPS_bNwkSecFindMatSet
                0x0000000000083e27                zps_eNwkRctMatchNwkAddr
                0x0000000000083e91                ZPS_u8NwkCalcNldeReqOverhead
                0x0000000000083ecc                zps_vRemoveNextHop
                0x0000000000083f81                zps_vRemoveRoute
                0x0000000000084018                zps_psNwkRtMatchNwkAddr
                0x000000000008408e                zps_vNwkFreeMcpsHandle
                0x00000000000840b8                zps_psNwkMcpsMgrFindPendingByNwkDstAddr
                0x00000000000840ce                ZPS_u64NwkNibGetMappedIeeeAddr
                0x00000000000840f0                eLeaveDataDcfmRemoteLeave.142361
                0x0000000000084139                ZPS_vNwkSecResetDevice
                0x000000000008417e                ZPS_bNwkNibNtActvMatch
                0x0000000000084236                bCheckNwkAddr
                0x0000000000084284                zps_vSendNwkStatusInd
                0x00000000000842b6                ZPS_vSetExtendedStatus
                0x00000000000842c8                zps_eNwkRtMatch
                0x00000000000843e1                zps_psApsApsAllocateDcfmRecord
                0x000000000008444f                zps_u8CalcLinkCost
                0x000000000008448b                ZPS_u8NwkNibNtDiscMatch
 .text          0x000000000008456f     0x158b C:\Users\brend\AppData\Local\Temp\ccWyRWEG.ltrans2.ltrans.o
                0x000000000008456f                DBG_vUartFlush
                0x000000000008459c                DBG_vUartPutch
                0x00000000000845e2                vRadioToOff
                0x00000000000845ff                vStartReceive
                0x000000000008461b                vMiniMac_NextTransaction
                0x0000000000084685                eTransmit
                0x000000000008479f                vMiniMac_TxComplete
                0x00000000000849d8                vTimerFired
                0x0000000000084a90                vMiniMac_Init
                0x0000000000084e43                eCLD_ScenesSaveClusters.constprop.36
                0x00000000000850d2                vDispatch.60801
                0x00000000000851a4                OS_eStartSWTimer.constprop.153
                0x00000000000852c3                os_vAPP_RadioRecal
                0x0000000000085350                OS_eContinueSWTimer.constprop.34
                0x0000000000085431                OS_eStopSWTimer
                0x0000000000085554                OS_ePostMessage
                0x00000000000856ba                os_vAPP_DiscoveryTimerTask
                0x0000000000085701                os_vAPP_CommissionTimerTask
                0x0000000000085717                OS_eExitCriticalSection
                0x00000000000857fc                OS_eActivateTask
                0x0000000000085897                vPostMlmeDcfmInd.79936
                0x000000000008593a                u16ZCL_APduInstanceWriteNBO
                0x000000000008598e                u16ZCL_WriteCommandHeader
                0x0000000000085a06                u16ZCL_APduInstanceReadNBO
                0x0000000000085a57                u16ZCL_ReadCommandHeader.part.0.45070
                0x0000000000085ace                eCLD_BasicCommandHandler
 .text          0x0000000000085afa      0xfc6 C:\Users\brend\AppData\Local\Temp\ccWyRWEG.ltrans3.ltrans.o
                0x0000000000085afa                os_u32APP_cbGetTickTimer
                0x0000000000085b03                os_bAPP_cbSetTickTimerCompare
                0x0000000000085b5f                vZdoServersInit.3037
                0x0000000000085c89                boIdValueSearchMatch.122342
                0x0000000000085ce3                u16ZCL_APduInstanceWriteStringNBO
                0x0000000000085daa                u16ZCL_APduInstanceReadStringNBO
                0x0000000000085e7f                eZCL_GetAttributeTypeSizeFromBuffer
                0x0000000000085ef6                iPDM_ReadSegmentHeaderDataFromEEPROMsegment
                0x0000000000085f4f                iPDM_ReadUserDataFromEEPROMsegment
                0x0000000000085fc9                iPDM_ReCalculateWearCountAndChecksumAndWriteFileSystemHeader
                0x0000000000086013                vPDM_SetEEPROMandFileSystemValidState
                0x000000000008603a                iPDM_ReadUserDataFromFileSystemRecord
                0x000000000008605a                PWRM_vWakeInterruptCallback
                0x00000000000860e1                vPDM_WriteFileSystemRecordAndSegmentDataIntoEEPROMsegment
                0x000000000008611c                bSMBusWait.149615
                0x0000000000086156                u16ZCL_ReadTypeNBO
                0x000000000008620b                zps_vSendJoinDcfm
                0x0000000000086252                vGiveUp.140926
                0x000000000008628a                iPDM_FilterDuplicateAppendedSegmentsOnList.123514
                0x00000000000862ce                eCLD_ScenesFindActiveScene
                0x0000000000086303                ZPS_bIsMacAddressUsedInApsTable
                0x00000000000863b9                eCLD_GroupsCheckGroupExists
                0x0000000000086426                ZPS_eTsvOpen
                0x0000000000086440                zps_vNwkBttMgrInit
                0x000000000008646e                ZPS_vNwkNibClearTables
                0x000000000008658f                vAHI_ApConfigure.part.0.148193.constprop.151
                0x00000000000865c5                vMiniMac_MLME_SetReq_PanId
                0x0000000000086602                vMiniMac_MLME_SetReq_ShortAddr
                0x0000000000086610                psDLISTsearchFromHead
                0x0000000000086639                eCLD_ScenesAddScene
                0x0000000000086719                eCLD_ScenesFindScene
                0x0000000000086775                iAHI_WriteDataIntoEEPROMsegment.constprop.142
                0x00000000000867c3                vZCL_InitializeClusterInstance.constprop.135
                0x00000000000867d4                pvZCL_HeapAlloc.part.0.52431.constprop.119
                0x000000000008680d                vMicroIntEnableOnly.constprop.110
                0x0000000000086839                vSetChannelAndPower
                0x00000000000869d9                vMiniMac_PLME_SetReq_Power
                0x00000000000869ed                vMiniMac_PLME_SetReq_Channel
                0x00000000000869f5                TSV_eStart
                0x0000000000086a45                bAHI_SetClockRate.part.0.148422.constprop.83
 .text.unlikely
                0x0000000000086ac0       0x43 C:\Users\brend\AppData\Local\Temp\ccWyRWEG.ltrans3.ltrans.o
                0x0000000000086ac0                vAHI_MemoryHold.148430
 .text          0x0000000000086b03     0x1088 C:\Users\brend\AppData\Local\Temp\ccWyRWEG.ltrans4.ltrans.o
                0x0000000000086b03                zps_vNwkHandleCmeRouteDiscoveryReq
                0x0000000000086b89                vPDM_MoveAllDataFromListToList
                0x0000000000086bc7                vPDM_MoveAllDataWithBufferIdAndStateFromListToList
                0x0000000000086c52                vPDM_MoveAllDataToDeAllocList
                0x0000000000086c7a                iPDM_ReconstructReplacedDataTable
                0x0000000000086ef9                vPDM_ImageBitmapRepair.122257
                0x0000000000086f5a                vPDM_MoveAllDataWithBufferIdFromListToList
                0x0000000000086fdf                vPDM_DeleteAppendedSequence
                0x0000000000087084                PDM_eSaveRecordData
                0x00000000000874b9                ZPS_vNwkSaveRecord
                0x00000000000874e5                ZPS_vNwkSaveNt
                0x00000000000874f8                ZPS_vNwkPurgeMacAddressAndRelatedEntries
                0x00000000000875fe                ZPS_vNtSetUsedStatus
                0x00000000000876a5                zps_eNwkHandleSmeCommStatusInd
                0x0000000000087759                ZPS_vNwkSaveSecMat
                0x00000000000877a9                vPDM_DeleteSegmentsWithIdFromFileSystem
                0x00000000000877ca                ZPS_vNwkResetOutgoingFrameCounter
                0x000000000008780f                zps_psSendBroadcastFrm
                0x00000000000878a5                ZPS_vNwkHandleNldeReqRsp
                0x0000000000087a85                zps_eAplApsmeCmdMgrSendCommand
                0x0000000000087b62                zps_vAplApsmeCmdMgrRetryTimeout.68025
 *fill*         0x0000000000087b8b        0x1 00
 .text          0x0000000000087b8c     0x1314 C:\Users\brend\AppData\Local\Temp\ccWyRWEG.ltrans5.ltrans.o
                0x0000000000087c33                dbg_vPrintfImplNoneVerbose
                0x00000000000880ba                eCLD_ColourControlHandleColourModeChange
                0x000000000008811d                eCLD_ColourControlUpdate
                0x0000000000088342                eCLD_ColourControlSceneEventHandler.38134
                0x0000000000088373                eCLD_ScenesRemoveAllScenes
                0x0000000000088424                eCLD_ScenesUpdate
                0x00000000000886eb                eCLD_OnOffGetState
                0x000000000008871a                eCLD_LevelControlUpdate
                0x00000000000889c2                eCLD_LevelControlStopTransition
                0x00000000000889ff                eCLD_LevelControlSetOnOffState
                0x0000000000088b3c                eCLD_LevelControlClusterIsPresent
                0x0000000000088b53                eCLD_GroupsSetIdentifying
                0x0000000000088b76                vCLD_IdentifyTimerClickCallback.16135
                0x0000000000088bfd                eCLD_OnOffSetGlobalSceneControl.constprop.22
                0x0000000000088c31                eCLD_ColourControl_GetRGB.constprop.57
                0x0000000000088e26                APP_vHandleIdentify
 .text          0x0000000000088ea0     0x1328 C:\Users\brend\AppData\Local\Temp\ccWyRWEG.ltrans6.ltrans.o
                0x0000000000088f8c                vMiniMac_MlmeCallback
                0x0000000000089277                vSendMlmeCommStatusFromTxFrame
                0x00000000000892cd                MAC_vHandleMlmeVsReqRsp.constprop.102
                0x0000000000089af9                vScanBeaconReceived
                0x0000000000089b38                vPostDcfm.146685
                0x0000000000089ba1                vScanNextChannel.146691
                0x0000000000089db7                vRunningRxCallback
                0x000000000008a110                iPDM_VerifyDataSequenceWithBufferId
                0x000000000008a1b2                vRemoveAllGroupsAndScenes
 .text          0x000000000008a1c8     0x1254 C:\Users\brend\AppData\Local\Temp\ccWyRWEG.ltrans7.ltrans.o
                0x000000000008a1c8                vHandleZllDeviceJoin
                0x000000000008a4f4                vPostNldeDcfmInd.64056
                0x000000000008afe4                vSaveScenesNVM
                0x000000000008b087                eCLD_GroupsRemoveAllGroups
                0x000000000008b141                vManagePowerOnCountInit
                0x000000000008b18a                os_vAPP_vManagePowerOnCount
                0x000000000008b1e2                vPickChannel.4571
                0x000000000008b23f                zps_eAplZdoGroupEndpointRemove
                0x000000000008b2d7                zps_eAplApsmeUpdateDeviceReqRsp.part.4.68190
 .text          0x000000000008b41c      0xe2d C:\Users\brend\AppData\Local\Temp\ccWyRWEG.ltrans8.ltrans.o
                0x000000000008b41c                os_vAPP_cbDisableTickTimer
                0x000000000008b460                os_vAPP_cbEnableTickTimer
                0x000000000008b4e0                vRetryCcaFailure
                0x000000000008b535                os_vAPP_ButtonsScanTask
                0x000000000008b5db                eOrphanNotificationSent.146666
                0x000000000008b624                DBG_vUartInitHardware
                0x000000000008b761                eZCL_SearchForClusterEntry
                0x000000000008b7ff                eZCL_FindCluster.constprop.144
                0x000000000008b84c                eZCL_CustomCommandReceiveScenes.isra.0.part.1.23057.constprop.18
                0x000000000008b940                vCLD_ScenesUpdateSceneValid
                0x000000000008b9bc                eCLD_OnOffSceneEventHandler.19199
                0x000000000008b9f3                eZCL_BuildTransmitAddressStructure
                0x000000000008ba60                eCLD_ScenesCountScenes
                0x000000000008ba7a                ZPS_bSecDecrypt
                0x000000000008bb8c                boPDM_IsBitmapSaturated.123234
                0x000000000008bbd5                APP_bButtonInitialise
                0x000000000008bc1b                eCLD_ScenesStoreScene
                0x000000000008bcf3                MAC_u64GetExtAddr
                0x000000000008bd0e                ZPS_u64NwkNibFindExtAddr
                0x000000000008bdb9                eCLD_ScenesSetLastConfiguredBy.isra.2.23073
                0x000000000008bdf0                ZPS_u16NwkNibFindNwkAddr
                0x000000000008be96                iPDM_SearchForBufferIdInList
                0x000000000008becb                iPDM_SearchForBufferIdInFileSystem
                0x000000000008bede                iPDM_ReadUserDataFromSegmentWithId
                0x000000000008bf13                iPDM_SearchForSpecificSegmentInList
                0x000000000008bf45                bPCA9634_WriteRegister
                0x000000000008bfc3                bRGB_LED_Off
                0x000000000008bff8                bRGB_LED_SetLevel
                0x000000000008c045                vLI_UpdateDriver
                0x000000000008c08b                vLI_Start.constprop.59
                0x000000000008c0ee                bRGB_LED_On
                0x000000000008c102                vRGBLight_SetLevels
                0x000000000008c134                psGetTxFrameBuffer
                0x000000000008c173                psGetAndBuildCoordRealignment
                0x000000000008c1cb                eBuildAndSend.146674
                0x000000000008c240                MAC_vPibSetRxOnWhenIdle.constprop.101
 .text          0x000000000008c249     0x123c C:\Users\brend\AppData\Local\Temp\ccWyRWEG.ltrans9.ltrans.o
                0x000000000008c505                zps_bAplZdoMatchDescServer
                0x000000000008c519                PDUM_eNPduAllocate
                0x000000000008c588                zps_u8AplApsConstructAndPostLoopBackDataInd.66643
                0x000000000008c6c1                u8PostUnicastMsgToNHLE.66651
                0x000000000008c6fa                PDUM_eNPduClone
                0x000000000008c746                PDUM_eNPduFree
                0x000000000008c7b3                vPostVsMcpsDcfmInd.79943
                0x000000000008c89c                ZPS_vInterceptMcpsDataCallback
                0x000000000008c8fe                zps_vNwkMcpsMgrFreeReqDescr
                0x000000000008c930                zps_psAllocateAndFormatMacHdr
                0x000000000008cc19                zps_psNwkInitCmdFrame
                0x000000000008cc98                eSendLinkStatusDataDcfm.part.1.127493
                0x000000000008cdca                zps_vNwkRemoveConflictedBroadcast
                0x000000000008ce1c                zps_vNwkMcpsMgrTidyBtrReqDescr
                0x000000000008ce60                vNwkBttTimerExpiry.135864
                0x000000000008cf7d                MAC_vHandleMcpsVsReqRsp
                0x000000000008d2a0                hZCL_AllocateAPduInstance
                0x000000000008d2dc                eZCL_TransmitInterPanRequest.constprop.32
                0x000000000008d347                eSendScanResponse.6945.constprop.30
 .text          0x000000000008d485     0x12be C:\Users\brend\AppData\Local\Temp\ccWyRWEG.ltrans10.ltrans.o
                0x000000000008d4ce                zps_vAplSaveRecord
                0x000000000008d5fe                zps_bNwkFindAddIeeeAddr
                0x000000000008d77c                zps_vJoinInitNtParent
                0x000000000008d8d2                eCheckAddrConflict.isra.4.128765
                0x000000000008d968                vAplSecRemoveLinkKey.73191
                0x000000000008d9e5                ZPS_vNwkSaveAllRecords
                0x000000000008d9fc                zps_vSaveAllZpsRecords
                0x000000000008da1b                ZPS_vNwkNibSetNwkAddr
                0x000000000008da39                zps_eNwkHandleSceRejnResponse
                0x000000000008da96                ZPS_vNwkNibSetExtPanId
                0x000000000008daba                ZPS_vNwkNibSetKeySeqNum
                0x000000000008dace                ZPS_vNwkNibSetDepth
                0x000000000008daf7                ZPS_vNwkNibSetUpdateId
                0x000000000008db06                vSendNetworkUpdate.128532
                0x000000000008dc35                ZPS_vNwkNibSetPanId
                0x000000000008dc53                ZPS_vNwkNibSetCapabilityInfo
                0x000000000008dc80                ZPS_vNwkNibSetChannel
                0x000000000008dc98                zps_u8NwkHandleRejoinReq
                0x000000000008dd61                vContinueRejoin.140156
                0x000000000008de08                zps_vProcessLocalAddrConflict
                0x000000000008deb3                zps_vBuildSortedActvNTList
                0x000000000008df71                zps_sNwkNibNtCheckJoin
                0x000000000008e21a                zps_vCheckActvNtForDuplicate
                0x000000000008e2b7                vFinish.141363
                0x000000000008e30d                eSmeOrphScanDcfm.141373
                0x000000000008e385                zps_eNwkHandleSceLeave
                0x000000000008e547                zps_vCleanUnAuthenHandleExpiry
                0x000000000008e649                eUnsolicitedRejoinRspDataDcfm.128540
                0x000000000008e674                eRejoinRspDataDcfm.140160
 .text          0x000000000008e743      0xeec C:\Users\brend\AppData\Local\Temp\ccWyRWEG.ltrans11.ltrans.o
                0x000000000008e9ab                eBeaconReqSent.146670
                0x000000000008e9d2                zps_bAplZdoIeeeAddrServer
                0x000000000008eb28                zps_bAplZdoNwkAddrServer
                0x000000000008eca9                vPDM_AddFileSystemElementToListInAscendingWearCountOrder
                0x000000000008edb7                iPDM_WriteSegmentHeaderAndData
                0x000000000008efb3                vTransformKey.isra.0.69584
                0x000000000008efe3                PWRM_vManagePower
                0x000000000008f12d                vMiniMac_McpsCallback
                0x000000000008f359                eMcpsTxCompleteHandler.145523
                0x000000000008f387                vFreePendingReqDescr
                0x000000000008f3f1                vHandleRouteDiscoveryExpiry.133347
                0x000000000008f44f                ZPS_bSecEncrypt
                0x000000000008f605                eCLD_ZllCommissionCommandNetworkJoinRouterRspCommandSend.constprop.27
 .text.unlikely
                0x000000000008f62f       0xaa C:\Users\brend\AppData\Local\Temp\ccWyRWEG.ltrans11.ltrans.o
                0x000000000008f62f                eMakeEntryInBindingTable.68079
 .text          0x000000000008f6d9     0x1379 C:\Users\brend\AppData\Local\Temp\ccWyRWEG.ltrans12.ltrans.o
                0x000000000008f6d9                zps_eSceGenlIllegal
                0x000000000008f6e0                zps_eSmeGenlIllegal
                0x000000000008f6e7                DBG_vUartFailedAssert
                0x000000000008f6eb                zps_bAplZdoBindRequestServer
                0x000000000008f826                psGetVsMcpsBuf.79940
                0x000000000008f82f                psGetMlmeBuf.79933
                0x000000000008f876                psGetNlmeBuf.64032
                0x000000000008f880                psGetNldeBuf.64053
                0x000000000008f88a                psGetApsmeBuf.64039
                0x000000000008f893                psGetApsdeBuf.64046
                0x000000000008f9ac                vLoopbackTimerCallback
                0x000000000008f9db                zps_u64NwkLibFromPayload
                0x000000000008fa1a                zps_vNwkLibU64ToPayload
                0x000000000008fa47                zps_vInitBeaconPayload
                0x000000000008fac3                zps_eNwkDcfmIndPost
                0x000000000008fae6                zps_psNwkDcfmIndGetBuf
                0x000000000008fb08                DBG_vInit
                0x000000000008fb4a                vPDM_ReadBitmapHeader.123199
                0x000000000008fb69                psSLISTsearch
                0x000000000008fba9                psSLISTremove
                0x000000000008fc27                vSLISTaddToTail
                0x000000000008fc46                psSLISTgetNext
                0x000000000008fc6a                u8PDM_CalculateFileSystemCapacity
                0x000000000008fc88                u8PDM_CalculateLargestDataRecordStored
                0x000000000008fcb9                bPDM_ImageBitmapRepairCheck
                0x000000000008fce1                u8PDM_ReadSequenceNumber
                0x000000000008fd04                boSegmentNumberDeleteSearchMatch.122769
                0x000000000008fd1f                u8PDM_ReadSegmentDataSize
                0x000000000008fd33                u32PDM_ReadFileSystemHeaderWearCount
                0x000000000008fd49                boSearchForWearCountSubstitute.123085
                0x000000000008fd6f                boSearchForWearCountInsertPoint.122338
                0x000000000008fd8d                vPDM_WriteFileSystemHeaderWearCount
                0x000000000008fd9f                RND_u32GetRand256
                0x000000000008fdbc                RND_u32GetRand
                0x000000000008fde3                u16CalculateFailedTxCount.97964
                0x000000000008fe0d                vZdoIeeeAddrServerSendExtendResponse.part.0.83761
                0x000000000008fe6e                vZdoNwkAddrServerSendExtendResponse.part.0.82581
                0x000000000008fecf                zps_bAplZdoServerHandleConfirmAcks
                0x000000000008ff19                zps_bPerformLeaveActionDecider
                0x000000000008ff1e                vHandleUpdateDeviceIndication.73098
                0x000000000008ff48                bDuplicateCheck.69465
                0x0000000000090055                eHandleRemoveNonBroadcastEndpointsFromGroup.68093
                0x00000000000900cd                eHandleAddEntryToGroupTable.68056
                0x0000000000090129                zps_vAplApsFillAndPostApsAck
                0x0000000000090193                zps_u8AplApsFreeMsgHandle
                0x00000000000901fd                vFillDataIndStruct.63899
                0x000000000009025b                vFillApduErrorEvent.63892
                0x000000000009029e                bCheckProfile.63887
                0x00000000000902e5                ZPS_bIsGroupPresent
                0x000000000009031d                pdum_u16ReadNBO
                0x000000000009047e                PDUM_u16SizeNBO
                0x00000000000904dc                PDUM_u16APduInstanceWriteStrNBO
                0x000000000009065b                PDUM_u16APduInstanceReadNBO
                0x00000000000906a6                PDUM_u16APduInstanceWriteNBO
                0x0000000000090710                PDUM_thAPduInstanceGetApdu
                0x000000000009072b                PDUM_eAPduInstanceSetPayloadSize
                0x0000000000090753                PDUM_eNPduWriteDataFromBuffer
                0x00000000000907ad                PDUM_eNPduWriteDataToBuffer
                0x000000000009080b                PDUM_eNPduWriteFromBuffer
                0x0000000000090834                PDUM_eNPduDescend
                0x000000000009085a                PDUM_eNPduAscend
                0x0000000000090880                PDUM_eNPduClaimData
                0x00000000000908ed                PDUM_eNPduAppendDataNBO
                0x000000000009094a                PDUM_eNPduClaimHeader
                0x000000000009096d                PDUM_eNPduReadHeaderNBO
                0x00000000000909c0                PDUM_eNPduPrependHeaderNBO
                0x0000000000090a1b                zps_vInitAPSMECmdHdr
 .text.unlikely
                0x0000000000090a52       0xd0 C:\Users\brend\AppData\Local\Temp\ccWyRWEG.ltrans12.ltrans.o
                0x0000000000090a52                bIsBindTableMatch.68033
                0x0000000000090aa3                eRemoveEntryInBindingTable.68061
 .text          0x0000000000090b22     0x1383 C:\Users\brend\AppData\Local\Temp\ccWyRWEG.ltrans13.ltrans.o
                0x0000000000090b22                vPDM_MoveFileRecordFromListToList
                0x0000000000090b45                vPDM_MoveRecordToDeAllocList
                0x0000000000090b65                vIncrementFrameCounterInPdm.isra.0.130834
                0x0000000000090d44                vProcessListsForSubmission.129544
                0x0000000000090ffe                zps_vNwkMcpsMgrPost
                0x0000000000091022                zps_psNwkInitiateRouteDiscovery
                0x000000000009135a                zps_psSendFrm
                0x0000000000091676                zps_eNwkHandleSceRouteRecord
                0x000000000009174a                zps_psNwkSendRejoinReqCmd.constprop.8
                0x00000000000917ba                zps_psSendNetworkStatusCmd
                0x0000000000091827                vSendNetworkReport.128528
                0x0000000000091901                psSendRouteReplyCmd.133769
                0x0000000000091a13                zps_eNwkHandleSceRouteReply
                0x0000000000091d52                zps_psNwkPropagateLocalLeave
                0x0000000000091d7a                zps_vNwkHandleCmeLeaveReq
                0x0000000000091e48                iPDM_SegmentCopyAndAppendData.constprop.152
 .text          0x0000000000091ea5     0x1585 C:\Users\brend\AppData\Local\Temp\ccWyRWEG.ltrans14.ltrans.o
                0x0000000000091ea5                APP_ZCL_cbEndpointCallback.5999
                0x000000000009208f                vfExtendedStatusCallBack
                0x000000000009209b                vUnclaimedInterrupt.3308
                0x00000000000920ae                vOSError.3310
                0x00000000000920f7                OS_eEnterCriticalSection
                0x00000000000921bf                PDUM_hAPduAllocateAPduInstance
                0x0000000000092233                zps_eAplZdoSendZdpResponse
                0x000000000009227c                bSendResponse.96775
                0x00000000000922bf                PDUM_eAPduFreeAPduInstance
                0x0000000000092342                zps_bAplZdoNodeDescServer
                0x00000000000924ae                zps_bAplZdoSimpleDescServer
                0x000000000009270f                zps_bAplZdoPowerDescServer
                0x000000000009282c                zps_bAplZdoActiveEpServer
                0x0000000000092915                zps_bAplZdoSystemServerDiscoveryServer
                0x000000000009299e                zps_bAplZdoMgmtLqiServer
                0x0000000000092bca                zps_bAplZdoMgmtRtgServer
                0x0000000000092d10                PDM_eReadDataFromRecord
                0x0000000000092d92                vLoadAplRecord.73125
                0x0000000000092dc0                vLoadNwkRecord.130400
                0x0000000000092df8                ZPS_eTsvStart
                0x0000000000092e53                zps_eAplZdoBdrmRequestSend
                0x0000000000092ece                zps_eNwkHandleSceNwkUpdate
                0x0000000000092ef2                vProcessTimedList.129456
                0x0000000000092f38                zps_vNwkMcpsMgrPostTimed
                0x0000000000092f4b                vNwkMcpsSendTimedDfcm
                0x0000000000092f8f                zps_vAplAfPostTimerEvent
                0x000000000009300c                zps_vExpireOldRoutes
                0x0000000000093095                zps_vNwkJoinStStartResponseTimer
                0x00000000000930cf                ZPS_eTsvStop
                0x0000000000093123                zps_vNwkHandleCmePermitJoinReq
                0x000000000009318b                zps_eNwkBtrMatch
                0x0000000000093288                zps_vAplApsStopPollTimer.part.2.66532
                0x000000000009330f                eHandleRemoveBroadcastEndpointsFromGroup.68052
                0x0000000000093369                eZCL_SetReceiveEventAddressStructure
                0x00000000000933e8                DBG_vDumpStack
 *fill*         0x000000000009342a        0x2 00
 .text          0x000000000009342c     0x1250 C:\Users\brend\AppData\Local\Temp\ccWyRWEG.ltrans15.ltrans.o
                0x00000000000934ec                os_vAPP_Commission_Task
                0x0000000000094334                os_vAPP_ZPR_Light_Task
 .text          0x000000000009467c     0x110c C:\Users\brend\AppData\Local\Temp\ccWyRWEG.ltrans16.ltrans.o
                0x00000000000946e4                zps_vNwkHandleCmeActvStartRouterReq
                0x000000000009481f                vHandleNwkLocalUpdateAfterBcast.128545
                0x0000000000094873                vHandleNwkRemoteUpdateAfterBcast.128536
                0x00000000000948c7                eSmeAcScScanDcfm.138304
                0x0000000000094b95                ZPS_pvNwkCtor.constprop.99
                0x0000000000095118                ZPS_vNwkHandleNlmeReqRsp
                0x0000000000095195                zps_vAplAfPostEvent
                0x0000000000095382                zps_eAplZdoLeaveNetwork.constprop.60
                0x00000000000953ad                zps_bAplZdoMgmtLeaveServer
                0x000000000009552d                zps_eAplZdoNlmePermitJoiningWrapper
                0x0000000000095555                zps_bAplZdoPermitJoiningServer
                0x00000000000955ef                vChangeChannelTimerExpiry.97956
                0x0000000000095652                eLeaveReset.142356
                0x00000000000956bd                eLeaveDataDcfmLocalLeave.142366
                0x0000000000095737                zps_eAplZdoZllStartRouter
 .text          0x0000000000095788     0x1029 C:\Users\brend\AppData\Local\Temp\ccWyRWEG.ltrans17.ltrans.o
                0x0000000000095788                eCLD_ScenesCommandHandler
 *fill*         0x00000000000967b1        0x3 00
 .text          0x00000000000967b4      0xe08 C:\Users\brend\AppData\Local\Temp\ccWyRWEG.ltrans18.ltrans.o
                0x00000000000967b4                vMcpsMgrExpiry.129428
                0x0000000000096813                vBbcIntHandler.145322
                0x0000000000096adc                os_vzps_isrMAC
                0x0000000000096b1b                eAssocRespSent.146231
                0x0000000000096b3a                zps_vNwkHandleCmeSyncReq
                0x0000000000096bbc                zps_vNwkHandleCmeIdleNwkFormReq
                0x0000000000096c64                zps_vNwkHandleCmeNwkDiscReq
                0x0000000000096cde                zps_vNwkHandleCmeEdScanReq
                0x0000000000096ef1                zps_vNwkHandleCmeNwkJoinReq
                0x00000000000971ad                zps_vNwkHandleCmeNwkActvJoinReq
                0x0000000000097249                vHandleRejoinExpiry.140922
                0x00000000000972a7                zps_eRejoinDataDcfm
                0x0000000000097471                vSetKeys
                0x00000000000974f6                vResetDataStructures
 .text          0x00000000000975bc     0x1375 C:\Users\brend\AppData\Local\Temp\ccWyRWEG.ltrans19.ltrans.o
                0x00000000000975bc                zps_eNwkHandleSceLinkStatus
                0x00000000000976f0                zps_vNwkHandleCmeDirectJoinReq
                0x000000000009776f                zps_psFindKeyDescr
                0x00000000000978a3                zps_eAplSecEncryptPacket
                0x0000000000097992                eUnfragmentedUnicastTransmission.66626
                0x0000000000097cec                zps_eAplSendApsmeCmdFrame
                0x0000000000097e5d                vApsmeResendTimeOutHandler
                0x0000000000097e8c                ZPS_bNwkNibAddrMapAddEntry
                0x0000000000098053                zps_vAgeRouter
                0x0000000000098092                zps_eNwkHandleSdeActvDcfmData
                0x000000000009821c                vMcpsMgrTimeoutExpiry
                0x000000000009828b                zps_eDefaultDataDcfm
                0x0000000000098460                zps_vLinkStatusHandleExpiry
                0x0000000000098502                zps_eNwkHandleSceRouteRequest
 .text.unlikely
                0x0000000000098931       0x5f C:\Users\brend\AppData\Local\Temp\ccWyRWEG.ltrans19.ltrans.o
                0x0000000000098931                vInitUnknownNeighbor.129440
 *fill*         0x0000000000098990        0x0 00
 .text          0x0000000000098990      0xfb0 C:\Users\brend\AppData\Local\Temp\ccWyRWEG.ltrans20.ltrans.o
                0x0000000000098990                vAplSecAuthPollTimerExpiry.73075
                0x00000000000989e8                vAplSecAuthTimerExpiry.73079
                0x0000000000098ab8                vHandleApsInterPanDcfmData
                0x0000000000098ee6                vPostApsdeDcfmInd.64049
                0x00000000000990ef                zps_vHandleApsdeDataFragIndNotSupported
                0x0000000000099158                vApsInterPanMcpsDataInd
                0x00000000000992ff                eDiscoverNetworks.73145
                0x000000000009935b                zps_eAplZdoDiscoverNetworks
                0x0000000000099384                eStartNetworkDiscovery.73152
                0x0000000000099411                eStartRouter.73162
                0x00000000000994e0                vPostApsmeDcfmInd.64042
 .text          0x0000000000099940      0xe58 C:\Users\brend\AppData\Local\Temp\ccWyRWEG.ltrans21.ltrans.o
                0x000000000009a2a5                os_vTick_Task
                0x000000000009a716                os_vZCL_Task
 .text          0x000000000009a798      0xe10 C:\Users\brend\AppData\Local\Temp\ccWyRWEG.ltrans22.ltrans.o
                0x000000000009a879                eZCL_TransmitDataRequest
                0x000000000009abe1                eZCL_SendDefaultResponse
                0x000000000009ace0                eZCL_CustomCommandReceive
                0x000000000009ae4e                eCLD_ColourControlCommandHandler
                0x000000000009b1da                eCLD_OnOffCommandHandler
 .text          0x000000000009b5a8     0x1052 C:\Users\brend\AppData\Local\Temp\ccWyRWEG.ltrans23.ltrans.o
                0x000000000009c22b                os_vzps_taskZPS
                0x000000000009c454                eTryNextParent
                0x000000000009c590                vCheckSleepingSendPoll.part.1.141475
 *fill*         0x000000000009c5fa        0x2 00
 .text          0x000000000009c5fc      0xed8 C:\Users\brend\AppData\Local\Temp\ccWyRWEG.ltrans24.ltrans.o
                0x000000000009ca72                eCLD_ZllCommissionCommandHandler
                0x000000000009cca9                eCLD_LevelControlCommandHandler
                0x000000000009d040                vZCL_HandleAttributesWriteRequest
 .text          0x000000000009d4d4      0xd47 C:\Users\brend\AppData\Local\Temp\ccWyRWEG.ltrans25.ltrans.o
                0x000000000009d4d4                ZPS_vAplHandleApsdeReqRsp
                0x000000000009d8f4                zps_eAplZdpApsdeReqInternal
                0x000000000009da6b                zps_bAplZdoZdoClient
                0x000000000009dedb                zps_bAplZdoDefaultServer
                0x000000000009e197                zps_eZdpMgmtLeaveResponse
                0x000000000009e1b8                zps_eZdpMgmtPermitJoiningResponse
 .text          0x000000000009e21b     0x1139 C:\Users\brend\AppData\Local\Temp\ccWyRWEG.ltrans26.ltrans.o
                0x000000000009e21b                os_bDummyMemberCheck.60811
                0x000000000009e220                os_vDefaultErrorHook.60807
                0x000000000009e223                bCLD_ScenesSearchForScene.23683
                0x000000000009e256                eCLD_LevelControlSceneEventHandler.17754
                0x000000000009e29f                DriverBulb_vSetTunableWhiteColourTemperature
                0x000000000009e2a2                vOverideProfileId.8570
                0x000000000009e2dc                APP_ZCL_cbGeneralCallback.6002
                0x000000000009e2df                os_bStrictCheck.1358
                0x000000000009e624                bCLD_GroupsSearchForGroup.15070
                0x000000000009e649                PDUM_eNPduInitDescending
                0x000000000009e664                eExpireSWTimer.60820
                0x000000000009e6cf                vEnterErrorHook.60803
                0x000000000009e6f6                OS_eCollectMessage
                0x000000000009e7bb                eZCL_BuildClientTransmitAddressStructure
                0x000000000009e7ec                eZCL_GetAttributeTypeSize
                0x000000000009e80b                vZCL_MarkAttributeInvalid
                0x000000000009e8da                eZCL_CheckEPstructureIntegrity.40823
                0x000000000009eac2                u8ZCL_GetAttributeAllignToFourBytesBoundary
                0x000000000009ead7                pvZCL_GetAttributePointer
                0x000000000009eb4d                u16ZCL_WriteTypeNBO.part.0.42177
                0x000000000009ebc2                u16ZCL_GetStringStructureSize
                0x000000000009ebff                u16ZCL_GetStringAttributeTypeSizeFromBuffer
                0x000000000009ec70                u16ZCL_GetStringSizeAndBufferFromStructure
                0x000000000009ecff                bZCL_SendCommandResponse
                0x000000000009ed1b                vZCL_GetInternalMutex
                0x000000000009ed44                eZCL_GetMutex
                0x000000000009ed7c                u8ZCL_GetEPIdFromIndex
                0x000000000009ed9e                vZCL_ReleaseInternalMutex
                0x000000000009edb8                eZCL_SearchForAttributeEntry
                0x000000000009ee78                vCLD_ScenesGenerateIndividualAttributeCallback
                0x000000000009eed2                eZCL_SearchForEPentry
                0x000000000009ef2d                eZCL_SearchForEPentryAndCheckManufacturerId
                0x000000000009ef6b                vZCL_PassEventToUser
                0x000000000009ef98                eZCL_ReleaseMutex
                0x000000000009efc7                eZCL_Register.part.1.40832
                0x000000000009eff5                boDLISTisEmpty
                0x000000000009f00d                vDLISTaddToTail
                0x000000000009f03b                psDLISTremoveFromHead
                0x000000000009f064                psDLISTremove
                0x000000000009f0bc                vCLD_ColourControl_CCT2xyY
                0x000000000009f1a2                vWriteU64ToPayLoad.26016
                0x000000000009f1cf                vWriteU32ToPayLoad.26012
                0x000000000009f1e7                vLI_InitVar.7413
                0x000000000009f218                InvShiftRows
                0x000000000009f2ab                InvSubBytes
                0x000000000009f2f1                AddRoundKey
                0x000000000009f332                getSBoxValue.5352
 .text          0x000000000009f354      0xb88 C:\Users\brend\AppData\Local\Temp\ccWyRWEG.ltrans27.ltrans.o
                0x000000000009f354                eZCL_CustomCommandSend.constprop.23
                0x000000000009f5b6                eCLD_IdentifyCommandHandler
                0x000000000009fa0a                eCLD_GroupsCommandHandler
 .text          0x000000000009fedc      0xcca C:\Users\brend\AppData\Local\Temp\ccWyRWEG.ltrans28.ltrans.o
                0x000000000009fedc                zps_eZdpNodeDescResponse
                0x000000000009ff84                zps_eZdpSimpleDescResponse
                0x00000000000a0091                zps_eAplZdpMgmtRtgResponse
                0x00000000000a0158                zps_bAplZdoMgmtNWKUpdateServer
                0x00000000000a04c8                zps_eZdpIeeeAddrResponse
                0x00000000000a05ab                zps_eZdpPowerDescResponse
                0x00000000000a0648                zps_eZdpActiveEpResponse
                0x00000000000a06de                zps_eZdpMatchDescResponse
                0x00000000000a0774                zps_eZdpSystemServerDiscoveryResponse
                0x00000000000a07e3                zps_eAplZdpMgmtLqiResponse
                0x00000000000a097d                zps_eZdpNwkAddrResponse
                0x00000000000a0a60                zps_eAplAfBoundDataReqNonBlocking
 *fill*         0x00000000000a0ba6        0x2 00
 .text          0x00000000000a0ba8      0xc4c C:\Users\brend\AppData\Local\Temp\ccWyRWEG.ltrans29.ltrans.o
                0x00000000000a0ba8                vStartScanTimerExpiry.97960
                0x00000000000a0c93                zps_eNwkHandleSmeOrphanInd
                0x00000000000a0f1d                zps_eNwkHandleSceNwkStatus
                0x00000000000a1280                zps_eNwkHandleSmeAssocInd
                0x00000000000a12a2                zps_eNwkHandleSceRejnRequest
                0x00000000000a1322                zps_eProcessAddrConflict
                0x00000000000a14cf                ZPS_vNwkNibCheckAndUpdateAddresses
                0x00000000000a1566                zps_bAplZdoDeviceAnnceServer
 .text          0x00000000000a17f4      0x9d8 C:\Users\brend\AppData\Local\Temp\ccWyRWEG.ltrans30.ltrans.o
                0x00000000000a195e                zps_vAplApsPollTimer
                0x00000000000a19c0                vPostNlmeDcfmInd.64035
                0x00000000000a20d2                vDiscoverNetworks.4574
                0x00000000000a213e                vTryNwkJoin.4578
 .text          0x00000000000a21cc      0x5d3 C:\Users\brend\AppData\Local\Temp\ccWyRWEG.ltrans31.ltrans.o
                0x00000000000a21cc                AppWarmStart
                0x00000000000a21e6                AppColdStart
                0x00000000000a256d                os_vUnclaimedInterrupt
                0x00000000000a257f                os_vControlledIntCheck
                0x00000000000a25c4                os_vControlledInterrupt
                0x00000000000a25fd                os_vvISR_SystemController
                0x00000000000a2629                os_vvISR_Timer4
                0x00000000000a2638                os_vvISR_Timer3
                0x00000000000a2647                os_vAPP_isrIllegalInstruction
                0x00000000000a265d                os_vAPP_isrAlignmentException
                0x00000000000a2673                os_vAPP_isrBusErrorException
                0x00000000000a2689                os_vAPP_isrUnimplementedModuleException
                0x00000000000a269c                os_vAPP_isrStackOverflowException
                0x00000000000a26af                os_vAPP_isrTickTimer
 .text          0x00000000000a279f       0x25 c:/nxp/bstudio_nxp/sdk/tools/ba-elf-ba2-r36379/bin/../lib/gcc/ba-elf/4.7.4/../../../../ba-elf/lib/mcpu_jn51xx_sizeopt\libc.a(lib_a-memcmp.o)
                0x00000000000a279f                memcmp
 .text          0x00000000000a27c4       0x19 c:/nxp/bstudio_nxp/sdk/tools/ba-elf-ba2-r36379/bin/../lib/gcc/ba-elf/4.7.4/../../../../ba-elf/lib/mcpu_jn51xx_sizeopt\libc.a(lib_a-memcpy.o)
 .text          0x00000000000a27dd       0x12 c:/nxp/bstudio_nxp/sdk/tools/ba-elf-ba2-r36379/bin/../lib/gcc/ba-elf/4.7.4/../../../../ba-elf/lib/mcpu_jn51xx_sizeopt\libc.a(lib_a-memset.o)
                0x00000000000a27dd                memset
 .text          0x00000000000a27ef       0x12 c:/nxp/bstudio_nxp/sdk/tools/ba-elf-ba2-r36379/bin/../lib/gcc/ba-elf/4.7.4/../../../../ba-elf/lib/mcpu_jn51xx_sizeopt\libc.a(lib_a-strlen.o)
                0x00000000000a27ef                strlen
 .text          0x00000000000a2801       0x2b c:/nxp/bstudio_nxp/sdk/tools/ba-elf-ba2-r36379/bin/../lib/gcc/ba-elf/4.7.4/../../../../ba-elf/lib/mcpu_jn51xx_sizeopt\libc.a(lib_a-strncpy.o)
                0x00000000000a2801                strncpy
 *fill*         0x00000000000a282c        0x0 00
 .text          0x00000000000a282c      0x204 c:/nxp/bstudio_nxp/sdk/tools/ba-elf-ba2-r36379/bin/../lib/gcc/ba-elf/4.7.4/mcpu_jn51xx_sizeopt\libgcc.a(__udivsi3.o)
                0x00000000000a282c                __udivsi3
 .text          0x00000000000a2a30       0x30 c:/nxp/bstudio_nxp/sdk/tools/ba-elf-ba2-r36379/bin/../lib/gcc/ba-elf/4.7.4/mcpu_jn51xx_sizeopt\libgcc.a(__divsi3.o)
                0x00000000000a2a30                __divsi3
 .text          0x00000000000a2a60      0x1b0 c:/nxp/bstudio_nxp/sdk/tools/ba-elf-ba2-r36379/bin/../lib/gcc/ba-elf/4.7.4/mcpu_jn51xx_sizeopt\libgcc.a(__umodsi3.o)
                0x00000000000a2a60                __umodsi3
 .text          0x00000000000a2c10       0x24 c:/nxp/bstudio_nxp/sdk/tools/ba-elf-ba2-r36379/bin/../lib/gcc/ba-elf/4.7.4/mcpu_jn51xx_sizeopt\libgcc.a(__modsi3.o)
                0x00000000000a2c10                __modsi3
 .text          0x00000000000a2c34       0x39 c:/nxp/bstudio_nxp/sdk/tools/ba-elf-ba2-r36379/bin/../lib/gcc/ba-elf/4.7.4/mcpu_jn51xx_sizeopt\libgcc.a(_fixunsdfsi.o)
                0x00000000000a2c34                __fixunsdfsi
 .text          0x00000000000a2c6d      0x3bd c:/nxp/bstudio_nxp/sdk/tools/ba-elf-ba2-r36379/bin/../lib/gcc/ba-elf/4.7.4/mcpu_jn51xx_sizeopt\libgcc.a(_divdi3.o)
                0x00000000000a2c6d                __divdi3
 .text          0x00000000000a302a      0x350 c:/nxp/bstudio_nxp/sdk/tools/ba-elf-ba2-r36379/bin/../lib/gcc/ba-elf/4.7.4/mcpu_jn51xx_sizeopt\libgcc.a(_udivdi3.o)
                0x00000000000a302a                __udivdi3
 .text          0x00000000000a337a      0x384 c:/nxp/bstudio_nxp/sdk/tools/ba-elf-ba2-r36379/bin/../lib/gcc/ba-elf/4.7.4/mcpu_jn51xx_sizeopt\libgcc.a(addsf3.o)
                0x00000000000a337a                __addsf3
 *fill*         0x00000000000a36fe        0x2 00
 .text          0x00000000000a3700      0x218 c:/nxp/bstudio_nxp/sdk/tools/ba-elf-ba2-r36379/bin/../lib/gcc/ba-elf/4.7.4/mcpu_jn51xx_sizeopt\libgcc.a(divsf3.o)
                0x00000000000a3700                __divsf3
 .text          0x00000000000a3918       0xac c:/nxp/bstudio_nxp/sdk/tools/ba-elf-ba2-r36379/bin/../lib/gcc/ba-elf/4.7.4/mcpu_jn51xx_sizeopt\libgcc.a(gesf2.o)
                0x00000000000a3918                __gesf2
                0x00000000000a3918                __gtsf2
 .text          0x00000000000a39c4       0xac c:/nxp/bstudio_nxp/sdk/tools/ba-elf-ba2-r36379/bin/../lib/gcc/ba-elf/4.7.4/mcpu_jn51xx_sizeopt\libgcc.a(lesf2.o)
                0x00000000000a39c4                __ltsf2
                0x00000000000a39c4                __lesf2
 .text          0x00000000000a3a70      0x24c c:/nxp/bstudio_nxp/sdk/tools/ba-elf-ba2-r36379/bin/../lib/gcc/ba-elf/4.7.4/mcpu_jn51xx_sizeopt\libgcc.a(mulsf3.o)
                0x00000000000a3a70                __mulsf3
 .text          0x00000000000a3cbc      0x3a2 c:/nxp/bstudio_nxp/sdk/tools/ba-elf-ba2-r36379/bin/../lib/gcc/ba-elf/4.7.4/mcpu_jn51xx_sizeopt\libgcc.a(subsf3.o)
                0x00000000000a3cbc                __subsf3
 .text          0x00000000000a405e       0xad c:/nxp/bstudio_nxp/sdk/tools/ba-elf-ba2-r36379/bin/../lib/gcc/ba-elf/4.7.4/mcpu_jn51xx_sizeopt\libgcc.a(floatunsisf.o)
                0x00000000000a405e                __floatunsisf
 *fill*         0x00000000000a410b        0x1 00
 .text          0x00000000000a410c      0x5c8 c:/nxp/bstudio_nxp/sdk/tools/ba-elf-ba2-r36379/bin/../lib/gcc/ba-elf/4.7.4/mcpu_jn51xx_sizeopt\libgcc.a(divdf3.o)
                0x00000000000a410c                __divdf3
 .text          0x00000000000a46d4       0xca c:/nxp/bstudio_nxp/sdk/tools/ba-elf-ba2-r36379/bin/../lib/gcc/ba-elf/4.7.4/mcpu_jn51xx_sizeopt\libgcc.a(gedf2.o)
                0x00000000000a46d4                __gedf2
                0x00000000000a46d4                __gtdf2
 *fill*         0x00000000000a479e        0x2 00
 .text          0x00000000000a47a0      0x488 c:/nxp/bstudio_nxp/sdk/tools/ba-elf-ba2-r36379/bin/../lib/gcc/ba-elf/4.7.4/mcpu_jn51xx_sizeopt\libgcc.a(muldf3.o)
                0x00000000000a47a0                __muldf3
 .text          0x00000000000a4c28      0x693 c:/nxp/bstudio_nxp/sdk/tools/ba-elf-ba2-r36379/bin/../lib/gcc/ba-elf/4.7.4/mcpu_jn51xx_sizeopt\libgcc.a(subdf3.o)
                0x00000000000a4c28                __subdf3
 .text          0x00000000000a52bb       0x64 c:/nxp/bstudio_nxp/sdk/tools/ba-elf-ba2-r36379/bin/../lib/gcc/ba-elf/4.7.4/mcpu_jn51xx_sizeopt\libgcc.a(fixdfsi.o)
                0x00000000000a52bb                __fixdfsi
 .text          0x00000000000a531f       0x8f c:/nxp/bstudio_nxp/sdk/tools/ba-elf-ba2-r36379/bin/../lib/gcc/ba-elf/4.7.4/mcpu_jn51xx_sizeopt\libgcc.a(extendsfdf2.o)
                0x00000000000a531f                __extendsfdf2
 .text          0x00000000000a53ae      0x13e c:/nxp/bstudio_nxp/sdk/tools/ba-elf-ba2-r36379/bin/../lib/gcc/ba-elf/4.7.4/mcpu_jn51xx_sizeopt\libgcc.a(truncdfsf2.o)
                0x00000000000a53ae                __truncdfsf2
 *fill*         0x00000000000a54ec        0x4 00
 .text          0x00000000000a54f0      0x1d0 c:/NXP/bstudio_nxp/workspace/ZigBee-LightLink-Test-1/Light_ColorTemperatureLight/Build/os_irq.o
                0x00000000000a54f0                os_ExternalException_W
                0x00000000000a5534                os_PIC_ChannelPriorities
                0x00000000000a5544                os_OSMIUM_HwVectTable
                0x00000000000a5580                os_PIC_SwVectTable
 .text          0x00000000000a56c0       0x29 c:/NXP/bstudio_nxp/workspace/ZigBee-LightLink-Test-1/Light_ColorTemperatureLight/Build/os_irq_alignment.o
                0x00000000000a56c0                IRQ_Alignment
 .text          0x00000000000a56e9       0x29 c:/NXP/bstudio_nxp/workspace/ZigBee-LightLink-Test-1/Light_ColorTemperatureLight/Build/os_irq_buserror.o
                0x00000000000a56e9                IRQ_BusError
 .text          0x00000000000a5712       0x29 c:/NXP/bstudio_nxp/workspace/ZigBee-LightLink-Test-1/Light_ColorTemperatureLight/Build/os_irq_illegalinstruction.o
                0x00000000000a5712                IRQ_IllegalInstruction
 .text          0x00000000000a573b       0x29 c:/NXP/bstudio_nxp/workspace/ZigBee-LightLink-Test-1/Light_ColorTemperatureLight/Build/os_irq_stackoverflowexception.o
                0x00000000000a573b                IRQ_StackOverflowException
 .text          0x00000000000a5764       0x29 c:/NXP/bstudio_nxp/workspace/ZigBee-LightLink-Test-1/Light_ColorTemperatureLight/Build/os_irq_unimplementedmodule.o
                0x00000000000a5764                IRQ_UnimplementedModule
 *fill*         0x00000000000a578d        0x3 00
 .text          0x00000000000a5790       0xc0 c:/NXP/bstudio_nxp/sdk/JN-SW-4168/Components/Library\libOS_JN516x.a(os_contirq_JN516x.o)
                0x00000000000a5790                os_ExternalException_R
                0x00000000000a57c0                os_CFunc_W
                0x00000000000a5810                os_UnclaimedException_W
                0x00000000000a5830                os_UnclaimedInterrupt_W
 .text          0x00000000000a5850       0x48 c:/NXP/bstudio_nxp/sdk/JN-SW-4168/Components/Library\libPWRM_JN516x.a(pwrm_setjmp_JN516x.o)
                0x00000000000a5850                setjmp
                0x00000000000a5874                PWRM_longjmp
 .text          0x00000000000a5898       0x27 c:/NXP/bstudio_nxp/sdk/JN-SW-4168/Components/Library\libHardwareApi_JN5169.a(AHI_Interrupt.o)
                0x00000000000a5898                vAHI_InterruptSetPriority
                0x00000000000a58b6                vAHI_InterruptSetActivePriorityLevel
 .text.vMicroSyscall
                0x00000000000a58bf       0x17 c:/NXP/bstudio_nxp/sdk/JN-SW-4168/Components/Library\libMicroSpecific_JN516x.a(MicroSyscall_ba.o)
                0x00000000000a58bf                vMicroSyscall
 .text          0x00000000000a58d6        0x0 c:/NXP/bstudio_nxp/sdk/JN-SW-4168/Components/Library\libOS_JN516x.a(os_version_lc.o)
                0x00000000000a58d6                OS_Version_1v2
 .text          0x00000000000a58d6        0x0 c:/NXP/bstudio_nxp/sdk/JN-SW-4168/Components/Library\libZPSAPL_JN516x.a(zps_apl_version_lc.o)
                0x00000000000a58d6                ZPS_APL_Version_2v0
 .text          0x00000000000a58d6        0x0 c:/NXP/bstudio_nxp/sdk/JN-SW-4168/Components/Library\libZPSNWK_JN516x.a(zps_nwk_version_lc.o)
                0x00000000000a58d6                ZPS_NWK_Version_2v0
                0x00000000000a58d6                _flash_end = ABSOLUTE (.)

.rela.dyn       0x00000000000a58d8        0x0
 .rela.text     0x0000000000000000        0x0 c:/NXP/bstudio_nxp/workspace/ZigBee-LightLink-Test-1/Light_ColorTemperatureLight/Build/os_irq.o
 .rela.data     0x0000000000000000        0x0 c:/NXP/bstudio_nxp/workspace/ZigBee-LightLink-Test-1/Light_ColorTemperatureLight/Build/os_irq.o
 .rela.rodata   0x0000000000000000        0x0 c:/NXP/bstudio_nxp/workspace/ZigBee-LightLink-Test-1/Light_ColorTemperatureLight/Build/os_irq.o
                0x000000000400004c                . = ORIGIN (ram)

.data           0x000000000400004c      0x9bc load address 0x00000000000a58d8
                0x000000000400004c                _ram_data_start = ABSOLUTE (.)
 *(.data*)
 .data          0x000000000400004c       0xe8 C:\Users\brend\AppData\Local\Temp\ccWyRWEG.ltrans0.ltrans.o
                0x000000000400004c                u8MiniMacConfig_MaxConcurrentAssocResponses
                0x0000000004000050                psShadowRxBuffer
 .data          0x0000000004000134      0x148 C:\Users\brend\AppData\Local\Temp\ccWyRWEG.ltrans1.ltrans.o
                0x0000000004000134                u32HeapStart
                0x0000000004000138                asCLD_ColourControlCCTlist
 .data          0x000000000400027c        0x1 C:\Users\brend\AppData\Local\Temp\ccWyRWEG.ltrans2.ltrans.o
 .data          0x000000000400027d        0x1 C:\Users\brend\AppData\Local\Temp\ccWyRWEG.ltrans5.ltrans.o
 .data          0x000000000400027e        0x1 C:\Users\brend\AppData\Local\Temp\ccWyRWEG.ltrans8.ltrans.o
 *fill*         0x000000000400027f        0x1 00
 .data          0x0000000004000280        0x4 C:\Users\brend\AppData\Local\Temp\ccWyRWEG.ltrans9.ltrans.o
                0x0000000004000280                bCanLoopback.66872
 .data          0x0000000004000284        0x6 C:\Users\brend\AppData\Local\Temp\ccWyRWEG.ltrans11.ltrans.o
 *fill*         0x000000000400028a        0x6 00
 .data          0x0000000004000290       0x40 C:\Users\brend\AppData\Local\Temp\ccWyRWEG.ltrans15.ltrans.o
                0x0000000004000290                sDeviceTable
                0x00000000040002a8                sZllState
 .data          0x00000000040002d0        0xc C:\Users\brend\AppData\Local\Temp\ccWyRWEG.ltrans21.ltrans.o
 .data          0x00000000040002dc        0x1 C:\Users\brend\AppData\Local\Temp\ccWyRWEG.ltrans23.ltrans.o
 *fill*         0x00000000040002dd        0x3 00
 .data          0x00000000040002e0       0xa4 C:\Users\brend\AppData\Local\Temp\ccWyRWEG.ltrans26.ltrans.o
                0x00000000040002e0                s_asapduZCLInstances
                0x0000000004000358                s_asapduZDPInstances
 *fill*         0x0000000004000384        0x4 00
 .data          0x0000000004000388      0x668 C:\Users\brend\AppData\Local\Temp\ccWyRWEG.ltrans31.ltrans.o
                0x0000000004000388                s_keyPairTableStorage.3129
                0x00000000040003e8                os_Mutex_mutexMAC
                0x00000000040003f0                os_Mutex_mutexZPS
                0x00000000040003f8                s_sApl.3084
                0x0000000004000548                os_Message_APP_msgZpsEvents_ZCL
                0x000000000400056c                os_SWTimer_APP_cntrTickTimer_APP_DiscoveryTimer
                0x0000000004000588                os_SWTimer_APP_cntrTickTimer_APP_CommissionTimer
                0x00000000040005a4                os_SWTimer_APP_cntrTickTimer_APP_TickTimer
                0x00000000040005c0                os_Message_APP_msgZpsEvents
                0x00000000040005e4                os_Message_APP_msgEvents
                0x0000000004000608                os_Message_APP_msgPOREvents
                0x000000000400062c                os_Message_APP_DiscoveryEvents
                0x0000000004000650                os_Message_APP_CommissionEvents
                0x0000000004000674                os_SWTimer_APP_cntrTickTimer_APP_RadioRecalTimer