Archive member included because of file (symbol)

c:/NXP/bstudio_nxp/sdk/JN-SW-4168/Components/Library\libOS_JN516x.a(os.o)
                              c:/NXP/bstudio_nxp/workspace/ZigBee-LightLink-Test-1/Light_ColorTemperatureLight/Build/os_gen.o (symbol from plugin) (os_vStart)
c:/NXP/bstudio_nxp/sdk/JN-SW-4168/Components/Library\libOS_JN516x.a(os_contirq_JN516x.o)
                              c:/NXP/bstudio_nxp/workspace/ZigBee-LightLink-Test-1/Light_ColorTemperatureLight/Build/os_irq.o (os_UnclaimedException_W)
c:/NXP/bstudio_nxp/sdk/JN-SW-4168/Components/Library\libPWRM_JN516x.a(pwrm.o)
                              c:/NXP/bstudio_nxp/workspace/ZigBee-LightLink-Test-1/Light_ColorTemperatureLight/Build/app_start_light.o (symbol from plugin) (PWRM_vInit)
c:/NXP/bstudio_nxp/sdk/JN-SW-4168/Components/Library\libPWRM_JN516x.a(pwrm_setjmp_JN516x.o)
                              pwrm.o (symbol from plugin) (setjmp)
c:/NXP/bstudio_nxp/sdk/JN-SW-4168/Components/Library\libPWRM_JN516x.a(pwrm_cold_start.o)
                              (AppColdStart)
c:/NXP/bstudio_nxp/sdk/JN-SW-4168/Components/Library\libPWRM_JN516x.a(pwrm_warm_start.o)
                              (AppWarmStart)
c:/NXP/bstudio_nxp/sdk/JN-SW-4168/Components/Library\libPDUM_JN516x.a(pdum_nwk.o)
                              c:/NXP/bstudio_nxp/workspace/ZigBee-LightLink-Test-1/Light_ColorTemperatureLight/Build/pdum_gen.o (symbol from plugin) (pdum_vNPduInit)
c:/NXP/bstudio_nxp/sdk/JN-SW-4168/Components/Library\libPDUM_JN516x.a(pdum_apl.o)
                              c:/NXP/bstudio_nxp/workspace/ZigBee-LightLink-Test-1/Light_ColorTemperatureLight/Build/zll_CommissionCmdHandler.o (symbol from plugin) (PDUM_u16APduInstanceReadNBO)
c:/NXP/bstudio_nxp/sdk/JN-SW-4168/Components/Library\libPDUM_JN516x.a(pdum.o)
                              pdum_nwk.o (symbol from plugin) (PDUM_u16SizeNBO)
c:/NXP/bstudio_nxp/sdk/JN-SW-4168/Components/Library\libZPSAPL_JN516x.a(zps_apl_af.o)
                              c:/NXP/bstudio_nxp/workspace/ZigBee-LightLink-Test-1/Light_ColorTemperatureLight/Build/zpr_light_node.o (symbol from plugin) (ZPS_eAplAfInit)
c:/NXP/bstudio_nxp/sdk/JN-SW-4168/Components/Library\libZPSAPL_JN516x.a(zps_apl_af_apsde.o)
                              c:/NXP/bstudio_nxp/workspace/ZigBee-LightLink-Test-1/Light_ColorTemperatureLight/Build/zps_gen.o (symbol from plugin) (zps_vHandleApsdeDataFragIndNotSupported)
c:/NXP/bstudio_nxp/sdk/JN-SW-4168/Components/Library\libZPSAPL_JN516x.a(zps_apl_task.o)
                              zps_apl_af_apsde.o (symbol from plugin) (zps_vAplAfPostEvent)
c:/NXP/bstudio_nxp/sdk/JN-SW-4168/Components/Library\libZPSAPL_JN516x.a(zps_apl_apsde.o)
                              zps_apl_task.o (symbol from plugin) (ZPS_vAplRegisterApsdeDcfmIndCallbacks)
c:/NXP/bstudio_nxp/sdk/JN-SW-4168/Components/Library\libZPSAPL_JN516x.a(zps_apl_apsme.o)
                              zps_apl_task.o (symbol from plugin) (ZPS_vAplRegisterApsmeDcfmIndCallbacks)
c:/NXP/bstudio_nxp/sdk/JN-SW-4168/Components/Library\libZPSAPL_JN516x.a(zps_apl_aps_nlde.o)
                              zps_apl_task.o (symbol from plugin) (zps_vAplApsHandleNldeDcfmInd)
c:/NXP/bstudio_nxp/sdk/JN-SW-4168/Components/Library\libZPSAPL_JN516x.a(zps_apl_sec.o)
                              zps_apl_task.o (symbol from plugin) (zps_psFindKeyDescr)
c:/NXP/bstudio_nxp/sdk/JN-SW-4168/Components/Library\libZPSAPL_JN516x.a(zps_apl_aib.o)
                              c:/NXP/bstudio_nxp/workspace/ZigBee-LightLink-Test-1/Light_ColorTemperatureLight/Build/app_light_commission_task.o (symbol from plugin) (zps_psAplAibGetAib)
c:/NXP/bstudio_nxp/sdk/JN-SW-4168/Components/Library\libZPSAPL_JN516x.a(zps_apl_zdo_nwkmanager.o)
                              zps_apl_apsme.o (symbol from plugin) (zps_vAplSaveRecord)
c:/NXP/bstudio_nxp/sdk/JN-SW-4168/Components/Library\libZPSAPL_JN516x.a(zps_apl_zdo_handle_zdp_event.o)
                              zps_apl_task.o (symbol from plugin) (zps_bAplZdoHandleZdpEvent)
c:/NXP/bstudio_nxp/sdk/JN-SW-4168/Components/Library\libZPSAPL_JN516x.a(zps_apl_zdo_trust_center.o)
                              zps_apl_sec.o (symbol from plugin) (zps_eAplTrustCenterFindDevice)
c:/NXP/bstudio_nxp/sdk/JN-SW-4168/Components/Library\libZPSAPL_JN516x.a(zps_apl_zdo_common.o)
                              zps_apl_zdo_nwkmanager.o (symbol from plugin) (zps_eAplZdoNlmeleaveWrapper)
c:/NXP/bstudio_nxp/sdk/JN-SW-4168/Components/Library\libZPSAPL_JN516x.a(zps_apl_zdo_group.o)
                              c:/NXP/bstudio_nxp/workspace/ZigBee-LightLink-Test-1/Light_ColorTemperatureLight/Build/GroupsTableManager.o (symbol from plugin) (zps_eAplZdoGroupEndpointAdd)
c:/NXP/bstudio_nxp/sdk/JN-SW-4168/Components/Library\libZPSAPL_JN516x.a(zps_apl_zdo_default_server.o)
                              c:/NXP/bstudio_nxp/workspace/ZigBee-LightLink-Test-1/Light_ColorTemperatureLight/Build/zps_gen.o (symbol from plugin) (zps_vAplZdoDefaultServerInit)
[...]
Memory Configuration

Name             Origin             Length             Attributes
flash            0x0000000000080000 0x0000000000040000
ram              0x000000000400004c 0x0000000000007fb4
*default*        0x0000000000000000 0xffffffffffffffff

Linker script and memory map

                0x0000000000001388                __stack_size = 0x1388
                0x00000000000007d0                __minimum_heap_size = 0x7d0
START GROUP
LOAD c:/NXP/bstudio_nxp/workspace/ZigBee-LightLink-Test-1/Light_ColorTemperatureLight/Build/os_gen.o
LOAD C:\Users\brend\AppData\Local\Temp\ccbvLfAG.ltrans0.ltrans.o
LOAD C:\Users\brend\AppData\Local\Temp\ccbvLfAG.ltrans1.ltrans.o
LOAD C:\Users\brend\AppData\Local\Temp\ccbvLfAG.ltrans2.ltrans.o
LOAD C:\Users\brend\AppData\Local\Temp\ccbvLfAG.ltrans3.ltrans.o
LOAD C:\Users\brend\AppData\Local\Temp\ccbvLfAG.ltrans4.ltrans.o
LOAD C:\Users\brend\AppData\Local\Temp\ccbvLfAG.ltrans5.ltrans.o
LOAD C:\Users\brend\AppData\Local\Temp\ccbvLfAG.ltrans6.ltrans.o
LOAD C:\Users\brend\AppData\Local\Temp\ccbvLfAG.ltrans7.ltrans.o
LOAD C:\Users\brend\AppData\Local\Temp\ccbvLfAG.ltrans8.ltrans.o
LOAD C:\Users\brend\AppData\Local\Temp\ccbvLfAG.ltrans9.ltrans.o
LOAD C:\Users\brend\AppData\Local\Temp\ccbvLfAG.ltrans10.ltrans.o
LOAD C:\Users\brend\AppData\Local\Temp\ccbvLfAG.ltrans11.ltrans.o
LOAD C:\Users\brend\AppData\Local\Temp\ccbvLfAG.ltrans12.ltrans.o
LOAD C:\Users\brend\AppData\Local\Temp\ccbvLfAG.ltrans13.ltrans.o
LOAD C:\Users\brend\AppData\Local\Temp\ccbvLfAG.ltrans14.ltrans.o
LOAD C:\Users\brend\AppData\Local\Temp\ccbvLfAG.ltrans15.ltrans.o
LOAD C:\Users\brend\AppData\Local\Temp\ccbvLfAG.ltrans16.ltrans.o
LOAD C:\Users\brend\AppData\Local\Temp\ccbvLfAG.ltrans17.ltrans.o
LOAD C:\Users\brend\AppData\Local\Temp\ccbvLfAG.ltrans18.ltrans.o
LOAD C:\Users\brend\AppData\Local\Temp\ccbvLfAG.ltrans19.ltrans.o
LOAD C:\Users\brend\AppData\Local\Temp\ccbvLfAG.ltrans20.ltrans.o
LOAD C:\Users\brend\AppData\Local\Temp\ccbvLfAG.ltrans21.ltrans.o
LOAD C:\Users\brend\AppData\Local\Temp\ccbvLfAG.ltrans22.ltrans.o
LOAD C:\Users\brend\AppData\Local\Temp\ccbvLfAG.ltrans23.ltrans.o
LOAD C:\Users\brend\AppData\Local\Temp\ccbvLfAG.ltrans24.ltrans.o
LOAD C:\Users\brend\AppData\Local\Temp\ccbvLfAG.ltrans25.ltrans.o
LOAD C:\Users\brend\AppData\Local\Temp\ccbvLfAG.ltrans26.ltrans.o
LOAD C:\Users\brend\AppData\Local\Temp\ccbvLfAG.ltrans27.ltrans.o
LOAD C:\Users\brend\AppData\Local\Temp\ccbvLfAG.ltrans28.ltrans.o
LOAD C:\Users\brend\AppData\Local\Temp\ccbvLfAG.ltrans29.ltrans.o
LOAD C:\Users\brend\AppData\Local\Temp\ccbvLfAG.ltrans30.ltrans.o
LOAD C:\Users\brend\AppData\Local\Temp\ccbvLfAG.ltrans31.ltrans.o
LOAD c:/nxp/bstudio_nxp/sdk/tools/ba-elf-ba2-r36379/bin/../lib/gcc/ba-elf/4.7.4/../../../../ba-elf/lib/mcpu_jn51xx_sizeopt\libc.a
LOAD c:/nxp/bstudio_nxp/sdk/tools/ba-elf-ba2-r36379/bin/../lib/gcc/ba-elf/4.7.4/mcpu_jn51xx_sizeopt\libgcc.a
LOAD c:/nxp/bstudio_nxp/sdk/tools/ba-elf-ba2-r36379/bin/../lib/gcc/ba-elf/4.7.4/../../../../ba-elf/lib/mcpu_jn51xx_sizeopt\libc.a
LOAD c:/NXP/bstudio_nxp/workspace/ZigBee-LightLink-Test-1/Light_ColorTemperatureLight/Build/os_irq.o
LOAD c:/NXP/bstudio_nxp/workspace/ZigBee-LightLink-Test-1/Light_ColorTemperatureLight/Build/os_irq_alignment.o
LOAD c:/NXP/bstudio_nxp/workspace/ZigBee-LightLink-Test-1/Light_ColorTemperatureLight/Build/os_irq_buserror.o
LOAD c:/NXP/bstudio_nxp/workspace/ZigBee-LightLink-Test-1/Light_ColorTemperatureLight/Build/os_irq_illegalinstruction.o
LOAD c:/NXP/bstudio_nxp/workspace/ZigBee-LightLink-Test-1/Light_ColorTemperatureLight/Build/os_irq_stackoverflowexception.o
LOAD c:/NXP/bstudio_nxp/workspace/ZigBee-LightLink-Test-1/Light_ColorTemperatureLight/Build/os_irq_unimplementedmodule.o
LOAD c:/NXP/bstudio_nxp/workspace/ZigBee-LightLink-Test-1/Light_ColorTemperatureLight/Build/pdum_gen.o
LOAD c:/NXP/bstudio_nxp/workspace/ZigBee-LightLink-Test-1/Light_ColorTemperatureLight/Build/pdum_apdu.o
LOAD c:/NXP/bstudio_nxp/workspace/ZigBee-LightLink-Test-1/Light_ColorTemperatureLight/Build/zps_gen.o
LOAD c:/NXP/bstudio_nxp/workspace/ZigBee-LightLink-Test-1/Light_ColorTemperatureLight/Build/app_timer_driver.o
LOAD c:/NXP/bstudio_nxp/workspace/ZigBee-LightLink-Test-1/Light_ColorTemperatureLight/Build/app_start_light.o
LOAD c:/NXP/bstudio_nxp/workspace/ZigBee-LightLink-Test-1/Light_ColorTemperatureLight/Build/app_scenes.o
LOAD c:/NXP/bstudio_nxp/workspace/ZigBee-LightLink-Test-1/Light_ColorTemperatureLight/Build/app_power_on_counter.o
LOAD c:/NXP/bstudio_nxp/workspace/ZigBee-LightLink-Test-1/Light_ColorTemperatureLight/Build/zpr_light_node.o
LOAD c:/NXP/bstudio_nxp/workspace/ZigBee-LightLink-Test-1/Light_ColorTemperatureLight/Build/ecb_decrypt.o
LOAD c:/NXP/bstudio_nxp/workspace/ZigBee-LightLink-Test-1/Light_ColorTemperatureLight/Build/app_zcl_light_task.o
LOAD c:/NXP/bstudio_nxp/workspace/ZigBee-LightLink-Test-1/Light_ColorTemperatureLight/Build/app_light_commission_task.o
LOAD c:/NXP/bstudio_nxp/workspace/ZigBee-LightLink-Test-1/Light_ColorTemperatureLight/Build/app_manage_temperature.o
LOAD c:/NXP/bstudio_nxp/workspace/ZigBee-LightLink-Test-1/Light_ColorTemperatureLight/Build/app_light_interpolation.o
LOAD c:/NXP/bstudio_nxp/workspace/ZigBee-LightLink-Test-1/Light_ColorTemperatureLight/Build/appZpsBeaconHandler.o
LOAD c:/NXP/bstudio_nxp/workspace/ZigBee-LightLink-Test-1/Light_ColorTemperatureLight/Build/App_Light_ColorTemperatureLight.o
LOAD c:/NXP/bstudio_nxp/workspace/ZigBee-LightLink-Test-1/Light_ColorTemperatureLight/Build/DriverBulb_DR1175.o
LOAD c:/NXP/bstudio_nxp/workspace/ZigBee-LightLink-Test-1/Light_ColorTemperatureLight/Build/DriverBulb_Shim.o
LOAD c:/NXP/bstudio_nxp/workspace/ZigBee-LightLink-Test-1/Light_ColorTemperatureLight/Build/app_buttons.o
LOAD c:/NXP/bstudio_nxp/workspace/ZigBee-LightLink-Test-1/Light_ColorTemperatureLight/Build/Alarms.o
LOAD c:/NXP/bstudio_nxp/workspace/ZigBee-LightLink-Test-1/Light_ColorTemperatureLight/Build/AlarmsClientCommands.o
LOAD c:/NXP/bstudio_nxp/workspace/ZigBee-LightLink-Test-1/Light_ColorTemperatureLight/Build/AlarmsCommandHandler.o
LOAD c:/NXP/bstudio_nxp/workspace/ZigBee-LightLink-Test-1/Light_ColorTemperatureLight/Build/AlarmsServerCommands.o
LOAD c:/NXP/bstudio_nxp/workspace/ZigBee-LightLink-Test-1/Light_ColorTemperatureLight/Build/AlarmsTableManager.o
LOAD c:/NXP/bstudio_nxp/workspace/ZigBee-LightLink-Test-1/Light_ColorTemperatureLight/Build/AnalogInputBasic.o
LOAD c:/NXP/bstudio_nxp/workspace/ZigBee-LightLink-Test-1/Light_ColorTemperatureLight/Build/AnalogOutputBasic.o
LOAD c:/NXP/bstudio_nxp/workspace/ZigBee-LightLink-Test-1/Light_ColorTemperatureLight/Build/Basic.o
LOAD c:/NXP/bstudio_nxp/workspace/ZigBee-LightLink-Test-1/Light_ColorTemperatureLight/Build/BasicClientCommands.o
LOAD c:/NXP/bstudio_nxp/workspace/ZigBee-LightLink-Test-1/Light_ColorTemperatureLight/Build/BasicCommandHandler.o
LOAD c:/NXP/bstudio_nxp/workspace/ZigBee-LightLink-Test-1/Light_ColorTemperatureLight/Build/BinaryInputBasic.o
LOAD c:/NXP/bstudio_nxp/workspace/ZigBee-LightLink-Test-1/Light_ColorTemperatureLight/Build/BinaryOutputBasic.o
LOAD c:/NXP/bstudio_nxp/workspace/ZigBee-LightLink-Test-1/Light_ColorTemperatureLight/Build/Commissioning.o
LOAD c:/NXP/bstudio_nxp/workspace/ZigBee-LightLink-Test-1/Light_ColorTemperatureLight/Build/DeviceTemperatureConfiguration.o
LOAD c:/NXP/bstudio_nxp/workspace/ZigBee-LightLink-Test-1/Light_ColorTemperatureLight/Build/Diagnostics.o
LOAD c:/NXP/bstudio_nxp/workspace/ZigBee-LightLink-Test-1/Light_ColorTemperatureLight/Build/DoorLock.o
LOAD c:/NXP/bstudio_nxp/workspace/ZigBee-LightLink-Test-1/Light_ColorTemperatureLight/Build/DoorLockCommandHandler.o
LOAD c:/NXP/bstudio_nxp/workspace/ZigBee-LightLink-Test-1/Light_ColorTemperatureLight/Build/DoorLockCommands.o
LOAD c:/NXP/bstudio_nxp/workspace/ZigBee-LightLink-Test-1/Light_ColorTemperatureLight/Build/ElectricalMeasurement.o
LOAD c:/NXP/bstudio_nxp/workspace/ZigBee-LightLink-Test-1/Light_ColorTemperatureLight/Build/Groups.o
LOAD c:/NXP/bstudio_nxp/workspace/ZigBee-LightLink-Test-1/Light_ColorTemperatureLight/Build/GroupsClientCommands.o
LOAD c:/NXP/bstudio_nxp/workspace/ZigBee-LightLink-Test-1/Light_ColorTemperatureLight/Build/GroupsCommandHandler.o
LOAD c:/NXP/bstudio_nxp/workspace/ZigBee-LightLink-Test-1/Light_ColorTemperatureLight/Build/GroupsServerCommands.o
LOAD c:/NXP/bstudio_nxp/workspace/ZigBee-LightLink-Test-1/Light_ColorTemperatureLight/Build/GroupsTableManager.o
LOAD c:/NXP/bstudio_nxp/workspace/ZigBee-LightLink-Test-1/Light_ColorTemperatureLight/Build/Identify.o
LOAD c:/NXP/bstudio_nxp/workspace/ZigBee-LightLink-Test-1/Light_ColorTemperatureLight/Build/IdentifyClientCommands.o
LOAD c:/NXP/bstudio_nxp/workspace/ZigBee-LightLink-Test-1/Light_ColorTemperatureLight/Build/IdentifyCommandHandler.o
LOAD c:/NXP/bstudio_nxp/workspace/ZigBee-LightLink-Test-1/Light_ColorTemperatureLight/Build/IdentifyServerCommands.o
LOAD c:/NXP/bstudio_nxp/workspace/ZigBee-LightLink-Test-1/Light_ColorTemperatureLight/Build/LevelControl.o
LOAD c:/NXP/bstudio_nxp/workspace/ZigBee-LightLink-Test-1/Light_ColorTemperatureLight/Build/LevelControlClientCommands.o
LOAD c:/NXP/bstudio_nxp/workspace/ZigBee-LightLink-Test-1/Light_ColorTemperatureLight/Build/LevelControlCommandHandler.o
LOAD c:/NXP/bstudio_nxp/workspace/ZigBee-LightLink-Test-1/Light_ColorTemperatureLight/Build/MultistateInputBasic.o
LOAD c:/NXP/bstudio_nxp/workspace/ZigBee-LightLink-Test-1/Light_ColorTemperatureLight/Build/MultistateOutputBasic.o
LOAD c:/NXP/bstudio_nxp/workspace/ZigBee-LightLink-Test-1/Light_ColorTemperatureLight/Build/OOSC.o
LOAD c:/NXP/bstudio_nxp/workspace/ZigBee-LightLink-Test-1/Light_ColorTemperatureLight/Build/OnOff.o
LOAD c:/NXP/bstudio_nxp/workspace/ZigBee-LightLink-Test-1/Light_ColorTemperatureLight/Build/OnOffCommandHandler.o
LOAD c:/NXP/bstudio_nxp/workspace/ZigBee-LightLink-Test-1/Light_ColorTemperatureLight/Build/OnOffCommands.o
LOAD c:/NXP/bstudio_nxp/workspace/ZigBee-LightLink-Test-1/Light_ColorTemperatureLight/Build/PollControl.o
LOAD c:/NXP/bstudio_nxp/workspace/ZigBee-LightLink-Test-1/Light_ColorTemperatureLight/Build/PollControlClientCommands.o
LOAD c:/NXP/bstudio_nxp/workspace/ZigBee-LightLink-Test-1/Light_ColorTemperatureLight/Build/PollControlCommandHandler.o
LOAD c:/NXP/bstudio_nxp/workspace/ZigBee-LightLink-Test-1/Light_ColorTemperatureLight/Build/PollControlServerCommands.o
LOAD c:/NXP/bstudio_nxp/workspace/ZigBee-LightLink-Test-1/Light_ColorTemperatureLight/Build/PowerConfiguration.o
LOAD c:/NXP/bstudio_nxp/workspace/ZigBee-LightLink-Test-1/Light_ColorTemperatureLight/Build/Scenes.o
LOAD c:/NXP/bstudio_nxp/workspace/ZigBee-LightLink-Test-1/Light_ColorTemperatureLight/Build/ScenesClientCommands.o
LOAD c:/NXP/bstudio_nxp/workspace/ZigBee-LightLink-Test-1/Light_ColorTemperatureLight/Build/ScenesClusterManagement.o
LOAD c:/NXP/bstudio_nxp/workspace/ZigBee-LightLink-Test-1/Light_ColorTemperatureLight/Build/ScenesCommandHandler.o
LOAD c:/NXP/bstudio_nxp/workspace/ZigBee-LightLink-Test-1/Light_ColorTemperatureLight/Build/ScenesServerCommands.o
LOAD c:/NXP/bstudio_nxp/workspace/ZigBee-LightLink-Test-1/Light_ColorTemperatureLight/Build/ScenesTableManager.o
LOAD c:/NXP/bstudio_nxp/workspace/ZigBee-LightLink-Test-1/Light_ColorTemperatureLight/Build/TC.o
LOAD c:/NXP/bstudio_nxp/workspace/ZigBee-LightLink-Test-1/Light_ColorTemperatureLight/Build/Time.o
LOAD c:/NXP/bstudio_nxp/workspace/ZigBee-LightLink-Test-1/Light_ColorTemperatureLight/Build/zll_CommissionCmdHandler.o
LOAD c:/NXP/bstudio_nxp/workspace/ZigBee-LightLink-Test-1/Light_ColorTemperatureLight/Build/zll_UtilityCmdHandler.o
LOAD c:/NXP/bstudio_nxp/workspace/ZigBee-LightLink-Test-1/Light_ColorTemperatureLight/Build/zll_commission.o
LOAD c:/NXP/bstudio_nxp/workspace/ZigBee-LightLink-Test-1/Light_ColorTemperatureLight/Build/zll_utility.o
LOAD c:/NXP/bstudio_nxp/workspace/ZigBee-LightLink-Test-1/Light_ColorTemperatureLight/Build/colour_light.o
LOAD c:/NXP/bstudio_nxp/workspace/ZigBee-LightLink-Test-1/Light_ColorTemperatureLight/Build/colour_remote.o
LOAD c:/NXP/bstudio_nxp/workspace/ZigBee-LightLink-Test-1/Light_ColorTemperatureLight/Build/colour_scene_remote.o
LOAD c:/NXP/bstudio_nxp/workspace/ZigBee-LightLink-Test-1/Light_ColorTemperatureLight/Build/colour_temperature_light.o
LOAD c:/NXP/bstudio_nxp/workspace/ZigBee-LightLink-Test-1/Light_ColorTemperatureLight/Build/commission_endpoint.o
LOAD c:/NXP/bstudio_nxp/workspace/ZigBee-LightLink-Test-1/Light_ColorTemperatureLight/Build/control_bridge.o
LOAD c:/NXP/bstudio_nxp/workspace/ZigBee-LightLink-Test-1/Light_ColorTemperatureLight/Build/dimmable_light.o
LOAD c:/NXP/bstudio_nxp/workspace/ZigBee-LightLink-Test-1/Light_ColorTemperatureLight/Build/dimmable_plug.o
LOAD c:/NXP/bstudio_nxp/workspace/ZigBee-LightLink-Test-1/Light_ColorTemperatureLight/Build/extended_colour_light.o
LOAD c:/NXP/bstudio_nxp/workspace/ZigBee-LightLink-Test-1/Light_ColorTemperatureLight/Build/non_colour_remote.o
LOAD c:/NXP/bstudio_nxp/workspace/ZigBee-LightLink-Test-1/Light_ColorTemperatureLight/Build/non_colour_scene_remote.o
LOAD c:/NXP/bstudio_nxp/workspace/ZigBee-LightLink-Test-1/Light_ColorTemperatureLight/Build/on_off_light.o
LOAD c:/NXP/bstudio_nxp/workspace/ZigBee-LightLink-Test-1/Light_ColorTemperatureLight/Build/on_off_plug.o
LOAD c:/NXP/bstudio_nxp/workspace/ZigBee-LightLink-Test-1/Light_ColorTemperatureLight/Build/on_off_sensor.o
LOAD c:/NXP/bstudio_nxp/workspace/ZigBee-LightLink-Test-1/Light_ColorTemperatureLight/Build/zll.o
LOAD c:/NXP/bstudio_nxp/workspace/ZigBee-LightLink-Test-1/Light_ColorTemperatureLight/Build/BallastConfiguration.o
LOAD c:/NXP/bstudio_nxp/workspace/ZigBee-LightLink-Test-1/Light_ColorTemperatureLight/Build/ColourControl.o
LOAD c:/NXP/bstudio_nxp/workspace/ZigBee-LightLink-Test-1/Light_ColorTemperatureLight/Build/ColourControlClientCommands.o
LOAD c:/NXP/bstudio_nxp/workspace/ZigBee-LightLink-Test-1/Light_ColorTemperatureLight/Build/ColourControlCommandHandler.o
LOAD c:/NXP/bstudio_nxp/workspace/ZigBee-LightLink-Test-1/Light_ColorTemperatureLight/Build/ColourControlConversions.o
LOAD c:/NXP/bstudio_nxp/workspace/ZigBee-LightLink-Test-1/Light_ColorTemperatureLight/Build/dlist.o
LOAD c:/NXP/bstudio_nxp/workspace/ZigBee-LightLink-Test-1/Light_ColorTemperatureLight/Build/zcl.o
LOAD c:/NXP/bstudio_nxp/workspace/ZigBee-LightLink-Test-1/Light_ColorTemperatureLight/Build/zcl_CustomCommandReceive.o
LOAD c:/NXP/bstudio_nxp/workspace/ZigBee-LightLink-Test-1/Light_ColorTemperatureLight/Build/zcl_CustomCommandSend.o
LOAD c:/NXP/bstudio_nxp/workspace/ZigBee-LightLink-Test-1/Light_ColorTemperatureLight/Build/zcl_PDUbufferReadWrite.o
LOAD c:/NXP/bstudio_nxp/workspace/ZigBee-LightLink-Test-1/Light_ColorTemperatureLight/Build/zcl_PDUbufferReadWriteString.o
LOAD c:/NXP/bstudio_nxp/workspace/ZigBee-LightLink-Test-1/Light_ColorTemperatureLight/Build/zcl_WriteAttributesRequestHandle.o
LOAD c:/NXP/bstudio_nxp/workspace/ZigBee-LightLink-Test-1/Light_ColorTemperatureLight/Build/zcl_WriteAttributesRequestSend.o
LOAD c:/NXP/bstudio_nxp/workspace/ZigBee-LightLink-Test-1/Light_ColorTemperatureLight/Build/zcl_WriteAttributesResponseHandle.o
LOAD c:/NXP/bstudio_nxp/workspace/ZigBee-LightLink-Test-1/Light_ColorTemperatureLight/Build/zcl_attribute.o
LOAD c:/NXP/bstudio_nxp/workspace/ZigBee-LightLink-Test-1/Light_ColorTemperatureLight/Build/zcl_buffer.o
LOAD c:/NXP/bstudio_nxp/workspace/ZigBee-LightLink-Test-1/Light_ColorTemperatureLight/Build/zcl_clusterCommand.o
LOAD c:/NXP/bstudio_nxp/workspace/ZigBee-LightLink-Test-1/Light_ColorTemperatureLight/Build/zcl_command.o
LOAD c:/NXP/bstudio_nxp/workspace/ZigBee-LightLink-Test-1/Light_ColorTemperatureLight/Build/zcl_configureReportingCommandHandle.o
LOAD c:/NXP/bstudio_nxp/workspace/ZigBee-LightLink-Test-1/Light_ColorTemperatureLight/Build/zcl_configureReportingCommandSend.o
LOAD c:/NXP/bstudio_nxp/workspace/ZigBee-LightLink-Test-1/Light_ColorTemperatureLight/Build/zcl_configureReportingResponseHandle.o
LOAD c:/NXP/bstudio_nxp/workspace/ZigBee-LightLink-Test-1/Light_ColorTemperatureLight/Build/zcl_defaultResponse.o
LOAD c:/NXP/bstudio_nxp/workspace/ZigBee-LightLink-Test-1/Light_ColorTemperatureLight/Build/zcl_discoverAttributesExtendedRequestHandle.o
LOAD c:/NXP/bstudio_nxp/workspace/ZigBee-LightLink-Test-1/Light_ColorTemperatureLight/Build/zcl_discoverAttributesExtendedRequestSend.o
LOAD c:/NXP/bstudio_nxp/workspace/ZigBee-LightLink-Test-1/Light_ColorTemperatureLight/Build/zcl_discoverAttributesExtendedResponseHandle.o
LOAD c:/NXP/bstudio_nxp/workspace/ZigBee-LightLink-Test-1/Light_ColorTemperatureLight/Build/zcl_discoverAttributesRequestHandle.o
LOAD c:/NXP/bstudio_nxp/workspace/ZigBee-LightLink-Test-1/Light_ColorTemperatureLight/Build/zcl_discoverAttributesRequestSend.o
LOAD c:/NXP/bstudio_nxp/workspace/ZigBee-LightLink-Test-1/Light_ColorTemperatureLight/Build/zcl_discoverAttributesResponseHandle.o
LOAD c:/NXP/bstudio_nxp/workspace/ZigBee-LightLink-Test-1/Light_ColorTemperatureLight/Build/zcl_discoverCommandsRequestHandle.o
LOAD c:/NXP/bstudio_nxp/workspace/ZigBee-LightLink-Test-1/Light_ColorTemperatureLight/Build/zcl_discoverCommandsRequestSend.o
LOAD c:/NXP/bstudio_nxp/workspace/ZigBee-LightLink-Test-1/Light_ColorTemperatureLight/Build/zcl_discoverCommandsResponseHandle.o
LOAD c:/NXP/bstudio_nxp/workspace/ZigBee-LightLink-Test-1/Light_ColorTemperatureLight/Build/zcl_event.o
LOAD c:/NXP/bstudio_nxp/workspace/ZigBee-LightLink-Test-1/Light_ColorTemperatureLight/Build/zcl_heap.o
LOAD c:/NXP/bstudio_nxp/workspace/ZigBee-LightLink-Test-1/Light_ColorTemperatureLight/Build/zcl_library_options.o
LOAD c:/NXP/bstudio_nxp/workspace/ZigBee-LightLink-Test-1/Light_ColorTemperatureLight/Build/zcl_readAttributesRequestHandle.o
LOAD c:/NXP/bstudio_nxp/workspace/ZigBee-LightLink-Test-1/Light_ColorTemperatureLight/Build/zcl_readAttributesRequestSend.o
LOAD c:/NXP/bstudio_nxp/workspace/ZigBee-LightLink-Test-1/Light_ColorTemperatureLight/Build/zcl_readAttributesResponseHandle.o
LOAD c:/NXP/bstudio_nxp/workspace/ZigBee-LightLink-Test-1/Light_ColorTemperatureLight/Build/zcl_readReportingConfigurationCommandHandle.o
LOAD c:/NXP/bstudio_nxp/workspace/ZigBee-LightLink-Test-1/Light_ColorTemperatureLight/Build/zcl_readReportingConfigurationCommandSend.o
LOAD c:/NXP/bstudio_nxp/workspace/ZigBee-LightLink-Test-1/Light_ColorTemperatureLight/Build/zcl_readReportingConfigurationResponseHandle.o
LOAD c:/NXP/bstudio_nxp/workspace/ZigBee-LightLink-Test-1/Light_ColorTemperatureLight/Build/zcl_reportManager.o
LOAD c:/NXP/bstudio_nxp/workspace/ZigBee-LightLink-Test-1/Light_ColorTemperatureLight/Build/zcl_reportMaths.o
LOAD c:/NXP/bstudio_nxp/workspace/ZigBee-LightLink-Test-1/Light_ColorTemperatureLight/Build/zcl_reportScheduler.o
LOAD c:/NXP/bstudio_nxp/workspace/ZigBee-LightLink-Test-1/Light_ColorTemperatureLight/Build/zcl_reportStringHandling.o
LOAD c:/NXP/bstudio_nxp/workspace/ZigBee-LightLink-Test-1/Light_ColorTemperatureLight/Build/zcl_reportStructure.o
LOAD c:/NXP/bstudio_nxp/workspace/ZigBee-LightLink-Test-1/Light_ColorTemperatureLight/Build/zcl_search.o
LOAD c:/NXP/bstudio_nxp/workspace/ZigBee-LightLink-Test-1/Light_ColorTemperatureLight/Build/zcl_timer.o
LOAD c:/NXP/bstudio_nxp/workspace/ZigBee-LightLink-Test-1/Light_ColorTemperatureLight/Build/zcl_transmit.o
LOAD c:/NXP/bstudio_nxp/sdk/JN-SW-4168/Components/Library\libZPSMAC_Mini_JN516x.a
LOAD c:/NXP/bstudio_nxp/sdk/JN-SW-4168/Components/Library\libOS_JN516x.a
LOAD c:/NXP/bstudio_nxp/sdk/JN-SW-4168/Components/Library\libPWRM_JN516x.a
LOAD c:/NXP/bstudio_nxp/sdk/JN-SW-4168/Components/Library\libZPSTSV_JN516x.a
LOAD c:/NXP/bstudio_nxp/sdk/JN-SW-4168/Components/Library\libAES_SW_JN516x.a
LOAD c:/NXP/bstudio_nxp/sdk/JN-SW-4168/Components/Library\libPDUM_JN516x.a
LOAD c:/NXP/bstudio_nxp/sdk/JN-SW-4168/Components/Library\libZPSAPL_JN516x.a
LOAD c:/NXP/bstudio_nxp/sdk/JN-SW-4168/Components/Library\libRandom_JN516x.a
LOAD c:/NXP/bstudio_nxp/sdk/JN-SW-4168/Components/Library\libPDM_EEPROM_JN516x.a
LOAD c:/NXP/bstudio_nxp/sdk/JN-SW-4168/Components/Library\libDBG_JN516x.a
LOAD c:/NXP/bstudio_nxp/sdk/JN-SW-4168/Components/Library\libZPSZLL_JN516x.a
LOAD c:/NXP/bstudio_nxp/sdk/JN-SW-4168/Components/Library\libZPSNWK_JN516x.a
LOAD c:/NXP/bstudio_nxp/sdk/JN-SW-4168/Components/Library\libRecal_JN516x.a
LOAD c:/NXP/bstudio_nxp/sdk/JN-SW-4168/Components/Library\libMiniMac_JN516x.a
LOAD c:/NXP/bstudio_nxp/sdk/JN-SW-4168/Components/Library\libMiniMacShim_JN516x.a
LOAD c:/NXP/bstudio_nxp/sdk/JN-SW-4168/Components/Library\libMMAC_JN516x.a
LOAD c:/NXP/bstudio_nxp/sdk/JN-SW-4168/Components/Library\libAes_JN516x.a
LOAD c:/NXP/bstudio_nxp/sdk/JN-SW-4168/Components/Library\libHardwareApi_JN516x.a
LOAD c:/NXP/bstudio_nxp/sdk/JN-SW-4168/Components/Library\libMicroSpecific_JN516x.a
LOAD c:/NXP/bstudio_nxp/sdk/JN-SW-4168/Components/Library\libBoot_JN516x.a
LOAD c:/NXP/bstudio_nxp/sdk/JN-SW-4168/Platform/DK4/Library\libBoardLib_JN516x.a
LOAD c:/nxp/bstudio_nxp/sdk/tools/ba-elf-ba2-r36379/bin/../lib/gcc/ba-elf/4.7.4/../../../../ba-elf/lib/mcpu_jn51xx_sizeopt\libm.a
END GROUP
LOAD c:/nxp/bstudio_nxp/sdk/tools/ba-elf-ba2-r36379/bin/../lib/gcc/ba-elf/4.7.4/../../../../ba-elf/lib/mcpu_jn51xx_sizeopt\libc.a
LOAD c:/nxp/bstudio_nxp/sdk/tools/ba-elf-ba2-r36379/bin/../lib/gcc/ba-elf/4.7.4/mcpu_jn51xx_sizeopt\libgcc.a
LOAD c:/nxp/bstudio_nxp/sdk/tools/ba-elf-ba2-r36379/bin/../lib/gcc/ba-elf/4.7.4/../../../../ba-elf/lib/mcpu_jn51xx_sizeopt\libc.a
                0x0000000000080038                _exception_vsr_table = 0x80038
                0x0000000004000000                pSPIflashFncTable = 0x4000000
                0x0000000000000044                restore_state = 0x44
                0x000000000000004a                bZSPIWaitWIPClear = 0x4a
                0x0000000000000050                u16ZSPIflashRDID = 0x50
                0x0000000000000056                u8SelectFlashChipType = 0x56
                0x000000000000005c                memcpy = 0x5c
                0x0000000000000066                vBootFlashProg = 0x66
                [0x00000000000007d0]                __minimum_heap_size = DEFINED (__minimum_heap_size)?__minimum_heap_size:0xd16
                [0x0000000000001388]                __stack_size = DEFINED (__stack_size)?__stack_size:0x800
                0x0000000000000000                _SwConfig = (DEFINED (g_bSWConf_Debug) | (DEFINED (g_bSWConf_AltDebugPort) << 0x1))

.version        0x000000000007fffc        0x4
                0x000000000007fffc        0x4 LONG 0x7030008

.bir            0x0000000000080000       0x10
                0x0000000000080000                _flash_start = ABSOLUTE (.)
                0x0000000000080000                _flash_beg = ABSOLUTE (.)
                0x0000000000080000        0x4 LONG 0x12345678
                0x0000000000080004        0x4 LONG 0x11223344
                0x0000000000080008        0x4 LONG 0x55667788
                0x000000000008000c        0x1 BYTE 0x8
                0x000000000008000d        0x1 BYTE 0x1
                0x000000000008000e        0x2 SHORT 0x0

.flashheader    0x0000000000080010       0x28
                0x0000000000080010        0x4 LONG 0x0
                0x0000000000080014        0x4 LONG 0x0
                0x0000000000080018        0x4 LONG 0x0
                0x000000000008001c        0x2 SHORT 0x0
                0x000000000008001e        0x2 SHORT 0x0 ABSOLUTE (_SwConfig)
                0x0000000000080020                _enc_start = ABSOLUTE (.)
                0x0000000000080020        0x4 LONG 0x260ac ABSOLUTE (_image_len)
                0x0000000000080024        0x4 LONG 0xa56f8 ABSOLUTE (_flash_data_start)
                0x0000000000080028        0x2 SHORT 0x13 ((ABSOLUTE (_ram_data_start) / 0x4) & 0xffff)
                0x000000000008002a        0x2 SHORT 0x26d ((ABSOLUTE (_ram_data_len) / 0x4) & 0xffff)
                0x000000000008002c        0x2 SHORT 0x280 ((ABSOLUTE (_bss_start) / 0x4) & 0xffff)
                0x000000000008002e        0x2 SHORT 0xf64 ((ABSOLUTE (_bss_len) / 0x4) & 0xffff)
                0x0000000000080030        0x4 LONG 0xa1ff0 ABSOLUTE (AppWarmStart)
                0x0000000000080034        0x4 LONG 0xa200a ABSOLUTE (AppColdStart)
                0x0000000000000000                _enc_offset = (_enc_start & 0xf)

.ro_mac_address
                0x0000000000080040        0x0
                0x0000000000080040                _FlsMACAddress = ABSOLUTE (.)
 *(.ro_mac_address)
                0x0000000000080040                . = ALIGN (0x10)

.ro_ota_header  0x0000000000080040        0x0
                0x0000000000080040                _FlsOtaHeader = ABSOLUTE (.)
 *(.ro_ota_header)
                0x0000000000080040                . = ALIGN (0x10)

.ro_se_lnkKey   0x0000000000080040        0x0
                0x0000000000080040                _FlsLinkKey = ABSOLUTE (.)
 *(.ro_se_lnkKey)
                0x0000000000080040                . = ALIGN (0x10)

.rodata         0x0000000000080038      0xe20
 *(.rodata*)
 .rodata.str1.1
                0x0000000000080038       0x1f C:\Users\brend\AppData\Local\Temp\ccbvLfAG.ltrans0.ltrans.o
 *fill*         0x0000000000080057        0x1 00
 .rodata        0x0000000000080058      0x13c C:\Users\brend\AppData\Local\Temp\ccbvLfAG.ltrans0.ltrans.o
                0x0000000000080058                gMAC_u8MaxBuffers
                0x000000000008005c                g_u32ApsFcSaveCountBitShift
                0x0000000000080060                u8MaxZpsConfigEp
                0x0000000000080061                au8EpMapPresent
                0x0000000000080064                s_groupPdmTable
 .rodata        0x0000000000080194       0x30 C:\Users\brend\AppData\Local\Temp\ccbvLfAG.ltrans1.ltrans.o
 .rodata.str1.1
                0x0000000000000000       0x1f C:\Users\brend\AppData\Local\Temp\ccbvLfAG.ltrans1.ltrans.o
                                          0x8 (size before relaxing)
 .rodata        0x00000000000801c4       0x10 C:\Users\brend\AppData\Local\Temp\ccbvLfAG.ltrans2.ltrans.o
 .rodata        0x00000000000801d4       0x10 C:\Users\brend\AppData\Local\Temp\ccbvLfAG.ltrans3.ltrans.o
                0x00000000000801dc                au32UartAddrOffset
 .rodata.str1.1
                0x00000000000801e4        0x3 C:\Users\brend\AppData\Local\Temp\ccbvLfAG.ltrans3.ltrans.o
 .rodata.str1.1
                0x0000000000000000        0x3 C:\Users\brend\AppData\Local\Temp\ccbvLfAG.ltrans4.ltrans.o
                                          0x7 (size before relaxing)
 .rodata.str1.1
                0x00000000000801e7        0x6 C:\Users\brend\AppData\Local\Temp\ccbvLfAG.ltrans5.ltrans.o
 *fill*         0x00000000000801ed        0x3 00
 .rodata        0x00000000000801f0       0x18 C:\Users\brend\AppData\Local\Temp\ccbvLfAG.ltrans5.ltrans.o
                0x00000000000801f0                au32NwkPdmRecordOffsets
 .rodata.str1.1
                0x0000000000080208        0x7 C:\Users\brend\AppData\Local\Temp\ccbvLfAG.ltrans6.ltrans.o
                                          0xc (size before relaxing)
 .rodata.str1.1
                0x000000000008020f       0xb7 C:\Users\brend\AppData\Local\Temp\ccbvLfAG.ltrans7.ltrans.o
 .rodata        0x00000000000802c6        0x8 C:\Users\brend\AppData\Local\Temp\ccbvLfAG.ltrans7.ltrans.o
 .rodata        0x00000000000802ce       0x10 C:\Users\brend\AppData\Local\Temp\ccbvLfAG.ltrans8.ltrans.o
                0x00000000000802ce                au8FlashWaitStatesHSRCO.148412
                0x00000000000802d6                au8FlashWaitStates32MXO.148411
 .rodata.str1.1
                0x00000000000802de       0x21 C:\Users\brend\AppData\Local\Temp\ccbvLfAG.ltrans9.ltrans.o
                                         0x39 (size before relaxing)
 .rodata.str1.1
                0x0000000000000000        0x3 C:\Users\brend\AppData\Local\Temp\ccbvLfAG.ltrans12.ltrans.o
 .rodata.str1.1
                0x00000000000802ff        0x4 C:\Users\brend\AppData\Local\Temp\ccbvLfAG.ltrans13.ltrans.o
                                          0x8 (size before relaxing)
 .rodata.str1.1
                0x0000000000080303        0x5 C:\Users\brend\AppData\Local\Temp\ccbvLfAG.ltrans14.ltrans.o
 .rodata        0x0000000000080308      0x107 C:\Users\brend\AppData\Local\Temp\ccbvLfAG.ltrans14.ltrans.o
                0x0000000000080308                au8ZLLChannelSet
 .rodata.str1.1
                0x0000000000000000        0x5 C:\Users\brend\AppData\Local\Temp\ccbvLfAG.ltrans15.ltrans.o
                                          0x6 (size before relaxing)
 *fill*         0x000000000008040f        0x1 00
 .rodata        0x0000000000080410       0x4c C:\Users\brend\AppData\Local\Temp\ccbvLfAG.ltrans15.ltrans.o
                0x0000000000080410                g_u32NwkFcSaveCountBitShift
 .rodata.str1.1
                0x0000000000000000        0x5 C:\Users\brend\AppData\Local\Temp\ccbvLfAG.ltrans17.ltrans.o
                                          0xb (size before relaxing)
 .rodata        0x000000000008045c        0x6 C:\Users\brend\AppData\Local\Temp\ccbvLfAG.ltrans17.ltrans.o
 *fill*         0x0000000000080462        0x2 00
 .rodata        0x0000000000080464      0x1fc C:\Users\brend\AppData\Local\Temp\ccbvLfAG.ltrans18.ltrans.o
                0x0000000000080464                s_apsStSceTbl.129703
                0x0000000000080478                s_aprIdleStHandleCme.139684
                0x000000000008048c                s_aprActvStHandleCme.135816
                0x00000000000804e4                zps_sJoinSceTbl
                0x00000000000804f0                zps_sActvSceTbl
 .rodata.str1.1
                0x0000000000000000        0x4 C:\Users\brend\AppData\Local\Temp\ccbvLfAG.ltrans19.ltrans.o
 .rodata.str1.1
                0x0000000000080660        0xa C:\Users\brend\AppData\Local\Temp\ccbvLfAG.ltrans22.ltrans.o
                                         0x19 (size before relaxing)
 .rodata.str1.1
                0x000000000008066a        0x5 C:\Users\brend\AppData\Local\Temp\ccbvLfAG.ltrans23.ltrans.o
                                         0x13 (size before relaxing)
 .rodata.str1.1
                0x0000000000000000        0x5 C:\Users\brend\AppData\Local\Temp\ccbvLfAG.ltrans24.ltrans.o
                                          0x6 (size before relaxing)
 .rodata.str1.1
                0x000000000008066f       0x27 C:\Users\brend\AppData\Local\Temp\ccbvLfAG.ltrans25.ltrans.o
                                         0x4a (size before relaxing)
 *fill*         0x0000000000080696        0x2 00
 .rodata        0x0000000000080698      0x318 C:\Users\brend\AppData\Local\Temp\ccbvLfAG.ltrans26.ltrans.o
                0x0000000000080898                gu32ZCLVersion
                0x000000000008089c                OS_g_u32Version
                0x00000000000808a0                PDUM_g_u32Version
                0x00000000000808a4                ZPS_g_u32MacVersion
                0x00000000000808a8                ZPS_g_u32TsvVersion
 .rodata.str1.1
                0x00000000000809b0       0x2a C:\Users\brend\AppData\Local\Temp\ccbvLfAG.ltrans28.ltrans.o
                                         0x4f (size before relaxing)
 .rodata.str1.1
                0x0000000000000000       0x2a C:\Users\brend\AppData\Local\Temp\ccbvLfAG.ltrans29.ltrans.o
                                          0x8 (size before relaxing)
 .rodata        0x00000000000809da       0x10 C:\Users\brend\AppData\Local\Temp\ccbvLfAG.ltrans30.ltrans.o
 .rodata.str1.1
                0x00000000000809ea       0x8e C:\Users\brend\AppData\Local\Temp\ccbvLfAG.ltrans31.ltrans.o
 .rodata        0x0000000000080a78      0x3e0 C:\Users\brend\AppData\Local\Temp\ccbvLfAG.ltrans31.ltrans.o
                0x0000000000080a78                zps_g_pvApl
                0x0000000000080a7c                pwrm_psWakeupCallbacks

.text           0x0000000000080e58    0x2489e
 *(.text*)
 .text          0x0000000000080e58     0x1e40 C:\Users\brend\AppData\Local\Temp\ccbvLfAG.ltrans0.ltrans.o
                0x0000000000080e58                vInitialiseApp.3306
                0x0000000000080e58                APP_TIMER_Version_1v0
 .text          0x0000000000082c98     0x1882 C:\Users\brend\AppData\Local\Temp\ccbvLfAG.ltrans1.ltrans.o
                0x0000000000082c98                DBG_iUartGetChar
                0x0000000000082ce8                vMMAC_IntHandlerBbc
                0x0000000000082d02                eBasicTxCompleteHandler
                0x0000000000082d07                vTxRxTimeout.145895
                0x0000000000082d64                eSmeAcScBeaconInd.137779
                0x0000000000082dc0                eSmeASFlBeaconInd.137614
                0x0000000000082de2                eSmeUDNTScanDcfm.137064
                0x0000000000082dfe                vPermitJoinHandleExpiry.132615
                0x0000000000082e07                vNwkMcpsTimerCallback
                0x0000000000082e8c                zps_eNwkHandleSmePollDcfm
                0x0000000000082eb6                eSmeGenlScanDcfm.137606
                0x0000000000082f14                eRouteRequestDataDcfm.133787
                0x0000000000082f68                eNldeDataDcfm.131622
                0x0000000000082f98                eSmeEdScScanDcfm.137602
                0x000000000008313f                eSmeAcScBeaconInd.137622
                0x0000000000083247                eSmeUDNTBeaconInd.137598
                0x000000000008326a                vPollClkSource.148234.constprop.85
                0x000000000008327f                zps_eNwkRtDiscMatch.constprop.51
                0x00000000000832d2                vCLD_ColourControl_xyY2CCT.constprop.35
                0x0000000000083382                vMiniMac_ReturnTxBufferCallback
                0x0000000000083394                vEnableReceive.145899
                0x00000000000833ce                pvHeap_Alloc
                0x00000000000833d1                vMicroIntRestoreState
                0x00000000000833dd                bAHI_WriteEEPROMfixSegmentData
                0x000000000008343b                bAHI_InitialiseEEPROM
                0x0000000000083483                vAHI_ReadDataFromEEPROMregister
                0x00000000000834b0                vAHI_WriteDataIntoEEPROMregister
                0x00000000000834e0                iPDM_WriteSegmentHeaderDataIntoEEPROMsegment
                0x000000000008350f                u8AHI_WakeTimerFiredStatus
                0x0000000000083523                vAHI_WakeTimerStop.part.3.148906
                0x0000000000083543                vAHI_UartReset.part.4.148660
                0x000000000008357b                vAHI_ClockXtalPull
                0x0000000000083598                vAHI_OptimiseWaitStates
                0x00000000000835e4                bAHI_GetClkSource
                0x00000000000835f1                vAHI_CpuDoze
                0x0000000000083604                vAHI_SwReset
                0x0000000000083635                vAHI_DioSetDirection
                0x0000000000083649                bAHI_APRegulatorEnabled
                0x0000000000083656                bIssueACIcommand
                0x00000000000836ec                vACI_CmdWaitBusy
                0x00000000000836f9                bACI_ECBencodeBuffer.part.0.147996.constprop.49
                0x00000000000837b0                vACI_OptimisedCcmStar.constprop.54
                0x000000000008399b                psSearchForFrameToSend
                0x00000000000839f2                eMiniMac_FrameInProgress
                0x0000000000083a1d                vRemoveFromTxQueue
                0x0000000000083a59                vAddToTxQueue
                0x0000000000083a8f                u8GetHeaderSize
                0x0000000000083ab7                vMiniMac_PLME_SetReq_CcaMode
                0x0000000000083acb                vMiniMac_MLME_SetReq_MaxCsmaBackoffs
                0x0000000000083aeb                vMiniMac_MLME_SetReq_MaxBe
                0x0000000000083b0e                vMiniMac_MLME_SetReq_MinBe
                0x0000000000083b31                zps_vSendJoinInd
                0x0000000000083ba3                zps_psFormatCmdFrameGeneral
                0x0000000000083c30                zps_eNwkFormStInit
                0x0000000000083c45                vSendDcfm.138300
                0x0000000000083c6b                bCheckMatchingEntry.137774
                0x0000000000083c91                zps_psNwkSlistRemoveFromHead
                0x0000000000083ca8                zps_psNwkSlistRemove
                0x0000000000083ce0                zps_bNwkMcpsMgrRemoveDescrFromLists
                0x0000000000083d1e                zps_vNwkSlistAddToTail
                0x0000000000083d38                zps_vNwkSecClearMatSet
                0x0000000000083d62                ZPS_bNwkSecHaveNetworkKey
                0x0000000000083d96                ZPS_bNwkSecFindMatSet
                0x0000000000083dd2                zps_eNwkRctMatchNwkAddr
                0x0000000000083e3c                ZPS_u8NwkCalcNldeReqOverhead
                0x0000000000083e77                zps_vRemoveNextHop
                0x0000000000083f2c                zps_vRemoveRoute
                0x0000000000083fc3                zps_psNwkRtMatchNwkAddr
                0x0000000000084039                zps_vNwkFreeMcpsHandle
                0x0000000000084063                zps_psNwkMcpsMgrFindPendingByNwkDstAddr
                0x0000000000084079                ZPS_u64NwkNibGetMappedIeeeAddr
                0x000000000008409b                eLeaveDataDcfmRemoteLeave.142361
                0x00000000000840e4                ZPS_vNwkSecResetDevice
                0x0000000000084129                ZPS_bNwkNibNtActvMatch
                0x00000000000841e1                bCheckNwkAddr
                0x000000000008422f                zps_vSendNwkStatusInd
                0x0000000000084261                ZPS_vSetExtendedStatus
                0x0000000000084273                zps_eNwkRtMatch
                0x000000000008438c                zps_psApsApsAllocateDcfmRecord
                0x00000000000843fa                zps_u8CalcLinkCost
                0x0000000000084436                ZPS_u8NwkNibNtDiscMatch
 .text          0x000000000008451a     0x15a3 C:\Users\brend\AppData\Local\Temp\ccbvLfAG.ltrans2.ltrans.o
                0x000000000008451a                DBG_vUartFlush
                0x0000000000084547                DBG_vUartPutch
                0x000000000008458d                iPDM_SearchForBufferIdInList
                0x00000000000845c2                iPDM_SearchForBufferIdInFileSystem
                0x00000000000845d5                iPDM_SearchForSpecificSegmentInList
                0x0000000000084607                psGetTxFrameBuffer
                0x0000000000084646                psGetAndBuildCoordRealignment
                0x000000000008469e                vRadioToOff
                0x00000000000846bb                vStartReceive
                0x00000000000846d7                vMiniMac_NextTransaction
                0x0000000000084741                MAC_vPibSetRxOnWhenIdle.constprop.101
                0x0000000000084749                eTransmit
                0x0000000000084826                eBuildAndSend.146675
                0x00000000000848d8                vMiniMac_TxComplete
                0x0000000000084b11                vTimerFired
                0x0000000000084bc9                vMiniMac_Init
                0x0000000000084f23                eCLD_ScenesSaveClusters.constprop.36
                0x00000000000851b2                vDispatch.60801
                0x0000000000085284                OS_eStartSWTimer.constprop.151
                0x00000000000853a3                os_vAPP_RadioRecal
                0x0000000000085430                OS_eContinueSWTimer.constprop.34
                0x0000000000085511                OS_eStopSWTimer
                0x0000000000085634                OS_ePostMessage
                0x000000000008579a                os_vAPP_DiscoveryTimerTask
                0x00000000000857e1                os_vAPP_CommissionTimerTask
                0x00000000000857f7                OS_eExitCriticalSection
                0x00000000000858dc                OS_eActivateTask
                0x0000000000085977                vPostMlmeDcfmInd.79936
                0x0000000000085a1a                u16ZCL_ReadCommandHeader.part.0.45070
                0x0000000000085a91                eCLD_BasicCommandHandler
 .text          0x0000000000085abd      0xecc C:\Users\brend\AppData\Local\Temp\ccbvLfAG.ltrans3.ltrans.o
                0x0000000000085abd                os_vAPP_cbDisableTickTimer
                0x0000000000085b01                os_vAPP_cbEnableTickTimer
                0x0000000000085bbb                vRetryCcaFailure
                0x0000000000085c0f                os_vAPP_ButtonsScanTask
                0x0000000000085cb5                eOrphanNotificationSent.146667
                0x0000000000085cfe                DBG_vUartInitHardware
                0x0000000000085e3b                eZCL_SearchForClusterEntry
                0x0000000000085ed9                eZCL_FindCluster.constprop.142
                0x0000000000085f26                eCLD_ColourControl_GetRGB.constprop.57
                0x000000000008611b                eZCL_CustomCommandReceiveScenes.isra.0.part.1.23057.constprop.18
                0x000000000008620f                vCLD_ScenesUpdateSceneValid
                0x000000000008628b                eCLD_OnOffSceneEventHandler.19199
                0x00000000000862c2                eZCL_BuildTransmitAddressStructure
                0x000000000008632f                eCLD_ScenesCountScenes
                0x0000000000086349                ZPS_bSecDecrypt
                0x000000000008645b                boPDM_IsBitmapSaturated.123234
                0x00000000000864a4                APP_bButtonInitialise
                0x00000000000864ea                eCLD_ScenesStoreScene
                0x00000000000865c2                bPCA9634_WriteRegister
                0x0000000000086640                bRGB_LED_SetLevel
                0x000000000008668d                vLI_UpdateDriver
                0x00000000000866d3                vLI_Start.constprop.59
                0x0000000000086736                bRGB_LED_On
                0x000000000008674a                bRGB_LED_Off
                0x000000000008677f                vRGBLight_SetLevels
                0x00000000000867b1                MAC_u64GetExtAddr
                0x00000000000867cc                ZPS_u64NwkNibFindExtAddr
                0x0000000000086877                eCLD_ScenesSetLastConfiguredBy.isra.2.23073
                0x00000000000868ae                ZPS_u16NwkNibFindNwkAddr
                0x0000000000086954                iPDM_ReadUserDataFromSegmentWithId
 .text          0x0000000000086989     0x1717 C:\Users\brend\AppData\Local\Temp\ccbvLfAG.ltrans4.ltrans.o
                0x0000000000086989                APP_ZCL_cbEndpointCallback.5999
                0x0000000000086b73                OS_eEnterCriticalSection
                0x0000000000086c3b                PDUM_hAPduAllocateAPduInstance
                0x0000000000086caf                zps_eAplZdoSendZdpResponse
                0x0000000000086cf8                bSendResponse.96775
                0x0000000000086d3b                PDUM_eAPduFreeAPduInstance
                0x0000000000086dbe                zps_bAplZdoMatchDescServer.part.0.84958
                0x000000000008707a                zps_bAplZdoNodeDescServer
                0x00000000000871e6                zps_bAplZdoSimpleDescServer
                0x0000000000087447                zps_bAplZdoPowerDescServer
                0x0000000000087564                zps_bAplZdoActiveEpServer
                0x000000000008764d                zps_bAplZdoSystemServerDiscoveryServer
                0x00000000000876d6                zps_bAplZdoMgmtLqiServer
                0x0000000000087902                zps_bAplZdoMgmtRtgServer
                0x0000000000087a48                PDM_eReadDataFromRecord
                0x0000000000087aca                vLoadAplRecord.73125
                0x0000000000087af8                vLoadNwkRecord.130400
                0x0000000000087b30                ZPS_eTsvStart
                0x0000000000087b8b                zps_eAplZdoBdrmRequestSend
                0x0000000000087c06                zps_eNwkHandleSceNwkUpdate
                0x0000000000087c2a                vProcessTimedList.129456
                0x0000000000087c70                zps_vNwkMcpsMgrPostTimed
                0x0000000000087c83                vNwkMcpsSendTimedDfcm
                0x0000000000087cc7                zps_vAplAfPostTimerEvent
                0x0000000000087d43                zps_vExpireOldRoutes
                0x0000000000087dcc                zps_vNwkJoinStStartResponseTimer
                0x0000000000087e06                ZPS_eTsvStop
                0x0000000000087e5a                zps_vNwkHandleCmePermitJoinReq
                0x0000000000087ec2                zps_eNwkBtrMatch
                0x0000000000087fbf                zps_vAplApsStopPollTimer.part.2.66532
                0x0000000000088046                eHandleRemoveBroadcastEndpointsFromGroup.68052
 .text          0x00000000000880a0     0x1059 C:\Users\brend\AppData\Local\Temp\ccbvLfAG.ltrans5.ltrans.o
                0x00000000000880a0                vPDM_MoveAllDataWithBufferIdAndStateFromListToList
                0x000000000008812b                vPDM_MoveAllDataToDeAllocList
                0x0000000000088153                iPDM_ReconstructReplacedDataTable
                0x00000000000883d2                vPDM_ImageBitmapRepair.122257
                0x0000000000088433                vPDM_MoveAllDataWithBufferIdFromListToList
                0x00000000000884b8                vPDM_DeleteAppendedSequence
                0x000000000008855d                PDM_eSaveRecordData
                0x0000000000088992                ZPS_vNwkSaveRecord
                0x00000000000889be                ZPS_vNwkNibSetUpdateId
                0x00000000000889cc                vSendNetworkUpdate.128532
                0x0000000000088afc                ZPS_vNwkNibSetPanId
                0x0000000000088b19                ZPS_vNwkNibSetCapabilityInfo
                0x0000000000088b45                ZPS_vNwkNibSetChannel
                0x0000000000088b5c                ZPS_vNwkSaveNt
                0x0000000000088b6f                ZPS_vNwkPurgeMacAddressAndRelatedEntries
                0x0000000000088c75                ZPS_vNtSetUsedStatus
                0x0000000000088d1b                zps_vBuildSortedActvNTList
                0x0000000000088dd9                zps_vCleanUnAuthenHandleExpiry
                0x0000000000088eda                eUnsolicitedRejoinRspDataDcfm.128540
                0x0000000000088f05                eRejoinRspDataDcfm.140160
                0x0000000000088fd4                zps_eNwkHandleSmeCommStatusInd
                0x0000000000089088                ZPS_vNwkSaveSecMat
                0x00000000000890d8                vPDM_DeleteSegmentsWithIdFromFileSystem
 .text          0x00000000000890f9     0x1448 C:\Users\brend\AppData\Local\Temp\ccbvLfAG.ltrans6.ltrans.o
                0x00000000000891e5                vIncrementFrameCounterInPdm.isra.0.130834
                0x00000000000893c4                vProcessListsForSubmission.129544
                0x000000000008967e                zps_vNwkMcpsMgrPost
                0x00000000000897b4                zps_eNwkHandleSceRouteRequest
                0x0000000000089be3                zps_eNwkHandleSceRouteReply
                0x0000000000089f4a                zps_vNwkHandleCmeLeaveReq
                0x000000000008a018                zps_eNwkHandleSceLeave
                0x000000000008a1da                zps_eNwkHandleSdeActvDcfmData
                0x000000000008a364                vMcpsMgrTimeoutExpiry
                0x000000000008a3d3                iPDM_VerifyDataSequenceWithBufferId
                0x000000000008a475                eCLD_GroupsRemoveAllGroups
                0x000000000008a52f                vRemoveAllGroupsAndScenes
 *fill*         0x000000000008a541        0x3 00
 .text          0x000000000008a544     0x1244 C:\Users\brend\AppData\Local\Temp\ccbvLfAG.ltrans7.ltrans.o
                0x000000000008a5eb                eZCL_SetReceiveEventAddressStructure
                0x000000000008a66a                dbg_vPrintfImplNoneVerbose
                0x000000000008aaf1                vfExtendedStatusCallBack
                0x000000000008aafc                vUnclaimedInterrupt.3308
                0x000000000008ab0e                vOSError.3310
                0x000000000008ab56                DBG_vDumpStack
                0x000000000008ab98                eCLD_ColourControlHandleColourModeChange
                0x000000000008abfb                eCLD_ColourControlUpdate
                0x000000000008ae20                eCLD_ColourControlSceneEventHandler.38134
                0x000000000008ae51                eCLD_ScenesRemoveAllScenes
                0x000000000008af02                eCLD_ScenesUpdate
                0x000000000008b1c9                eCLD_OnOffGetState
                0x000000000008b1f8                eCLD_LevelControlUpdate
                0x000000000008b49e                eCLD_LevelControlStopTransition
                0x000000000008b4db                eCLD_LevelControlSetOnOffState
                0x000000000008b618                eCLD_LevelControlClusterIsPresent
                0x000000000008b62f                eCLD_GroupsSetIdentifying
                0x000000000008b652                vCLD_IdentifyTimerClickCallback.16135
                0x000000000008b6d9                eCLD_OnOffSetGlobalSceneControl.constprop.22
                0x000000000008b70d                APP_vHandleIdentify
 .text          0x000000000008b788      0xf29 C:\Users\brend\AppData\Local\Temp\ccbvLfAG.ltrans8.ltrans.o
                0x000000000008b788                os_u32APP_cbGetTickTimer
                0x000000000008b791                os_bAPP_cbSetTickTimerCompare
                0x000000000008b7ed                vZdoServersInit.3037
                0x000000000008b917                boIdValueSearchMatch.122342
                0x000000000008b971                u16ZCL_ReadTypeNBO
                0x000000000008ba26                u16ZCL_APduInstanceReadNBO
                0x000000000008ba77                iPDM_ReadSegmentHeaderDataFromEEPROMsegment
                0x000000000008bad0                iPDM_ReadUserDataFromEEPROMsegment
                0x000000000008bb4a                iPDM_ReCalculateWearCountAndChecksumAndWriteFileSystemHeader
                0x000000000008bb94                vPDM_SetEEPROMandFileSystemValidState
                0x000000000008bbbb                iPDM_ReadUserDataFromFileSystemRecord
                0x000000000008bbdb                PWRM_vWakeInterruptCallback
                0x000000000008bc62                u16ZCL_APduInstanceWriteNBO
                0x000000000008bcb6                u16ZCL_WriteCommandHeader
                0x000000000008bd2e                u16ZCL_APduInstanceWriteStringNBO
                0x000000000008bdf5                u16ZCL_APduInstanceReadStringNBO
                0x000000000008beca                eZCL_GetAttributeTypeSizeFromBuffer
                0x000000000008bf41                vPDM_WriteFileSystemRecordAndSegmentDataIntoEEPROMsegment
                0x000000000008bf7d                iPDM_FilterDuplicateAppendedSegmentsOnList.123514
                0x000000000008bfc1                eCLD_ScenesFindActiveScene
                0x000000000008bff6                eCLD_GroupsCheckGroupExists
                0x000000000008c063                ZPS_bIsMacAddressUsedInApsTable
                0x000000000008c119                ZPS_eTsvOpen
                0x000000000008c133                zps_vNwkBttMgrInit
                0x000000000008c161                ZPS_vNwkNibClearTables
                0x000000000008c282                vAHI_ApConfigure.part.0.148106.constprop.149
                0x000000000008c2b8                vMiniMac_MLME_SetReq_PanId
                0x000000000008c2f5                vMiniMac_MLME_SetReq_ShortAddr
                0x000000000008c303                psDLISTsearchFromHead
                0x000000000008c32c                eCLD_ScenesAddScene
                0x000000000008c40c                eCLD_ScenesFindScene
                0x000000000008c468                iAHI_WriteDataIntoEEPROMsegment.constprop.140
                0x000000000008c4b6                vZCL_InitializeClusterInstance.constprop.133
                0x000000000008c4c7                pvZCL_HeapAlloc.part.0.52431.constprop.117
                0x000000000008c500                vMicroIntEnableOnly.constprop.108
                0x000000000008c52c                vSetChannelAndPower
                0x000000000008c5ca                vMiniMac_PLME_SetReq_Power
                0x000000000008c5de                vMiniMac_PLME_SetReq_Channel
                0x000000000008c5e6                TSV_eStart
                0x000000000008c636                bAHI_SetClockRate.part.0.148332.constprop.83
 .text.unlikely
                0x000000000008c6b1       0x43 C:\Users\brend\AppData\Local\Temp\ccbvLfAG.ltrans8.ltrans.o
                0x000000000008c6b1                vAHI_MemoryHold.148340
 *fill*         0x000000000008c6f4        0x0 00
 .text          0x000000000008c6f4     0x13b0 C:\Users\brend\AppData\Local\Temp\ccbvLfAG.ltrans9.ltrans.o
                0x000000000008c865                vHandleZllDeviceJoin
                0x000000000008cb91                vPostNldeDcfmInd.64056
                0x000000000008d6af                eUnfragmentedUnicastTransmission.66626
                0x000000000008d95e                zps_eAplApsmeUpdateDeviceReqRsp.part.4.68190
 .text          0x000000000008daa4     0x133c C:\Users\brend\AppData\Local\Temp\ccbvLfAG.ltrans10.ltrans.o
                0x000000000008daed                vSaveScenesNVM
                0x000000000008db90                vManagePowerOnCountInit
                0x000000000008dbda                os_vAPP_vManagePowerOnCount
                0x000000000008dc32                zps_vAplSaveRecord
                0x000000000008dcda                vPickChannel.4571
                0x000000000008dd38                zps_eAplZdoGroupEndpointRemove
                0x000000000008de58                zps_bNwkFindAddIeeeAddr
                0x000000000008dfd6                zps_psFindKeyDescr
                0x000000000008e10a                zps_eAplSecEncryptPacket
                0x000000000008e1f9                zps_eNwkHandleSceLinkStatus
                0x000000000008e32d                ZPS_bNwkNibAddrMapAddEntry
                0x000000000008e4f4                zps_vAgeRouter
                0x000000000008e532                zps_vLinkStatusHandleExpiry
                0x000000000008e5d3                zps_sNwkNibNtCheckJoin
                0x000000000008e87c                zps_vNwkHandleCmeDirectJoinReq
                0x000000000008e8fb                zps_vJoinInitNtParent
                0x000000000008ea51                zps_vCheckActvNtForDuplicate
                0x000000000008eaee                eCheckAddrConflict.isra.4.128765
                0x000000000008eb84                vAplSecRemoveLinkKey.73191
                0x000000000008ec01                ZPS_vNwkSaveAllRecords
                0x000000000008ec18                zps_vSaveAllZpsRecords
                0x000000000008ec37                ZPS_vNwkNibSetNwkAddr
                0x000000000008ec55                zps_eNwkHandleSceRejnResponse
                0x000000000008ecb2                ZPS_vNwkNibSetExtPanId
                0x000000000008ecd6                vFinish.141363
                0x000000000008ed2b                eSmeOrphScanDcfm.141373
                0x000000000008eda3                ZPS_vNwkNibSetKeySeqNum
                0x000000000008edb7                ZPS_vNwkNibSetDepth
 .text.unlikely
                0x000000000008ede0       0x5f C:\Users\brend\AppData\Local\Temp\ccbvLfAG.ltrans10.ltrans.o
                0x000000000008ede0                vInitUnknownNeighbor.129440
 *fill*         0x000000000008ee3f        0x1 00
 .text          0x000000000008ee40     0x12fc C:\Users\brend\AppData\Local\Temp\ccbvLfAG.ltrans11.ltrans.o
                0x000000000008ee40                zps_vNwkHandleCmeRouteDiscoveryReq
                0x000000000008eec6                vAckTimeOutHandler
                0x000000000008ef71                vMiniMac_MlmeCallback
                0x000000000008f25f                vSendMlmeCommStatusFromTxFrame
                0x000000000008f2b5                MAC_vHandleMlmeVsReqRsp.constprop.102
                0x000000000008fae4                vScanBeaconReceived
                0x000000000008fb23                vPostDcfm.146686
                0x000000000008fb8c                vScanNextChannel.146692
                0x000000000008fd98                vRunningRxCallback
                0x00000000000900f5                ZPS_vNwkResetOutgoingFrameCounter
 .text          0x000000000009013c     0x1379 C:\Users\brend\AppData\Local\Temp\ccbvLfAG.ltrans12.ltrans.o
                0x000000000009013c                zps_eSceGenlIllegal
                0x0000000000090143                zps_eSmeGenlIllegal
                0x000000000009014a                DBG_vUartFailedAssert
                0x000000000009014e                zps_bAplZdoBindRequestServer
                0x0000000000090289                psGetVsMcpsBuf.79940
                0x0000000000090292                psGetMlmeBuf.79933
                0x00000000000902d9                psGetNlmeBuf.64032
                0x00000000000902e3                psGetNldeBuf.64053
                0x00000000000902ed                psGetApsmeBuf.64039
                0x00000000000902f6                psGetApsdeBuf.64046
                0x000000000009040f                vLoopbackTimerCallback
                0x000000000009043e                zps_u64NwkLibFromPayload
                0x000000000009047d                zps_vNwkLibU64ToPayload
                0x00000000000904aa                zps_vInitBeaconPayload
                0x0000000000090526                zps_eNwkDcfmIndPost
                0x0000000000090549                zps_psNwkDcfmIndGetBuf
                0x000000000009056b                DBG_vInit
                0x00000000000905ad                vPDM_ReadBitmapHeader.123199
                0x00000000000905cc                psSLISTsearch
                0x000000000009060c                psSLISTremove
                0x000000000009068a                vSLISTaddToTail
                0x00000000000906a9                psSLISTgetNext
                0x00000000000906cd                u8PDM_CalculateFileSystemCapacity
                0x00000000000906eb                u8PDM_CalculateLargestDataRecordStored
                0x000000000009071c                bPDM_ImageBitmapRepairCheck
                0x0000000000090744                u8PDM_ReadSequenceNumber
                0x0000000000090767                boSegmentNumberDeleteSearchMatch.122769
                0x0000000000090782                u8PDM_ReadSegmentDataSize
                0x0000000000090796                u32PDM_ReadFileSystemHeaderWearCount
                0x00000000000907ac                boSearchForWearCountSubstitute.123085
                0x00000000000907d2                boSearchForWearCountInsertPoint.122338
                0x00000000000907f0                vPDM_WriteFileSystemHeaderWearCount
                0x0000000000090802                RND_u32GetRand256
                0x000000000009081f                RND_u32GetRand
                0x0000000000090846                u16CalculateFailedTxCount.97964
                0x0000000000090870                vZdoIeeeAddrServerSendExtendResponse.part.0.83761
                0x00000000000908d1                vZdoNwkAddrServerSendExtendResponse.part.0.82581
                0x0000000000090932                zps_bAplZdoServerHandleConfirmAcks
                0x000000000009097c                zps_bPerformLeaveActionDecider
                0x0000000000090981                vHandleUpdateDeviceIndication.73098
                0x00000000000909ab                bDuplicateCheck.69465
                0x0000000000090ab8                eHandleRemoveNonBroadcastEndpointsFromGroup.68093
                0x0000000000090b30                eHandleAddEntryToGroupTable.68056
                0x0000000000090b8c                zps_vAplApsFillAndPostApsAck
                0x0000000000090bf6                zps_u8AplApsFreeMsgHandle
                0x0000000000090c60                vFillDataIndStruct.63899
                0x0000000000090cbe                vFillApduErrorEvent.63892
                0x0000000000090d01                bCheckProfile.63887
                0x0000000000090d48                ZPS_bIsGroupPresent
                0x0000000000090d80                pdum_u16ReadNBO
                0x0000000000090ee1                PDUM_u16SizeNBO
                0x0000000000090f3f                PDUM_u16APduInstanceWriteStrNBO
                0x00000000000910be                PDUM_u16APduInstanceReadNBO
                0x0000000000091109                PDUM_u16APduInstanceWriteNBO
                0x0000000000091173                PDUM_thAPduInstanceGetApdu
                0x000000000009118e                PDUM_eAPduInstanceSetPayloadSize
                0x00000000000911b6                PDUM_eNPduWriteDataFromBuffer
                0x0000000000091210                PDUM_eNPduWriteDataToBuffer
                0x000000000009126e                PDUM_eNPduWriteFromBuffer
                0x0000000000091297                PDUM_eNPduDescend
                0x00000000000912bd                PDUM_eNPduAscend
                0x00000000000912e3                PDUM_eNPduClaimData
                0x0000000000091350                PDUM_eNPduAppendDataNBO
                0x00000000000913ad                PDUM_eNPduClaimHeader
                0x00000000000913d0                PDUM_eNPduReadHeaderNBO
                0x0000000000091423                PDUM_eNPduPrependHeaderNBO
                0x000000000009147e                zps_vInitAPSMECmdHdr
 .text.unlikely
                0x00000000000914b5       0xd0 C:\Users\brend\AppData\Local\Temp\ccbvLfAG.ltrans12.ltrans.o
                0x00000000000914b5                bIsBindTableMatch.68033
                0x0000000000091506                eRemoveEntryInBindingTable.68061
 .text          0x0000000000091585      0xe5a C:\Users\brend\AppData\Local\Temp\ccbvLfAG.ltrans13.ltrans.o
                0x0000000000091643                zps_bAplZdoIeeeAddrServer
                0x0000000000091799                zps_bAplZdoNwkAddrServer
                0x000000000009191a                eBeaconReqSent.146671
                0x0000000000091aeb                vPDM_AddFileSystemElementToListInAscendingWearCountOrder
                0x0000000000091bf9                vPDM_MoveAllDataFromListToList
                0x0000000000091c37                vPDM_MoveFileRecordFromListToList
                0x0000000000091c59                vPDM_MoveRecordToDeAllocList
                0x0000000000091c79                iPDM_WriteSegmentHeaderAndData
                0x0000000000091e75                iPDM_SegmentCopyAndAppendData.constprop.150
                0x0000000000091ed2                vMiniMac_McpsCallback
                0x00000000000920fe                eMcpsTxCompleteHandler.145524
                0x000000000009212c                PWRM_vManagePower
                0x0000000000092269                vTransformKey.isra.0.69584
                0x0000000000092299                vFreePendingReqDescr
                0x0000000000092303                vHandleRouteDiscoveryExpiry.133347
                0x0000000000092361                zps_vSendJoinDcfm
                0x00000000000923a7                vGiveUp.140926
 .text.unlikely
                0x00000000000923df       0xaa C:\Users\brend\AppData\Local\Temp\ccbvLfAG.ltrans13.ltrans.o
                0x00000000000923df                eMakeEntryInBindingTable.68079
 *fill*         0x0000000000092489        0x3 00
 .text          0x000000000009248c     0x124c C:\Users\brend\AppData\Local\Temp\ccbvLfAG.ltrans14.ltrans.o
                0x000000000009254c                os_vAPP_Commission_Task
                0x0000000000093392                os_vAPP_ZPR_Light_Task
 .text          0x00000000000936d8     0x110c C:\Users\brend\AppData\Local\Temp\ccbvLfAG.ltrans15.ltrans.o
                0x0000000000093740                zps_vNwkHandleCmeActvStartRouterReq
                0x000000000009387c                vHandleNwkLocalUpdateAfterBcast.128545
                0x00000000000938d0                vHandleNwkRemoteUpdateAfterBcast.128536
                0x0000000000093923                eSmeAcScScanDcfm.138304
                0x0000000000093bf1                ZPS_pvNwkCtor.constprop.99
                0x0000000000094174                ZPS_vNwkHandleNlmeReqRsp
                0x00000000000941f1                zps_vAplAfPostEvent
                0x00000000000943de                zps_eAplZdoLeaveNetwork.constprop.60
                0x0000000000094409                zps_bAplZdoMgmtLeaveServer
                0x0000000000094589                zps_eAplZdoNlmePermitJoiningWrapper
                0x00000000000945b1                zps_bAplZdoPermitJoiningServer
                0x000000000009464b                vChangeChannelTimerExpiry.97956
                0x00000000000946ae                eLeaveReset.142356
                0x0000000000094719                eLeaveDataDcfmLocalLeave.142366
                0x0000000000094793                zps_eAplZdoZllStartRouter
 .text          0x00000000000947e4     0x1029 C:\Users\brend\AppData\Local\Temp\ccbvLfAG.ltrans16.ltrans.o
                0x00000000000947e4                eCLD_ScenesCommandHandler
 .text          0x000000000009580d     0x1163 C:\Users\brend\AppData\Local\Temp\ccbvLfAG.ltrans17.ltrans.o
                0x000000000009580d                zps_bAplZdoMatchDescServer
                0x0000000000095822                ZPS_bSecEncrypt
                0x00000000000959d8                PDUM_eNPduAllocate
                0x0000000000095a47                zps_u8AplApsConstructAndPostLoopBackDataInd.66643
                0x0000000000095b80                u8PostUnicastMsgToNHLE.66651
                0x0000000000095bb9                PDUM_eNPduClone
                0x0000000000095c05                PDUM_eNPduFree
                0x0000000000095c72                vPostVsMcpsDcfmInd.79943
                0x0000000000095d5c                ZPS_vInterceptMcpsDataCallback
                0x0000000000095dbe                zps_vNwkMcpsMgrFreeReqDescr
                0x0000000000095df0                zps_psAllocateAndFormatMacHdr
                0x00000000000960d9                zps_psNwkInitCmdFrame
                0x0000000000096158                eSendLinkStatusDataDcfm.part.1.127493
                0x000000000009628a                zps_vNwkRemoveConflictedBroadcast
                0x00000000000962dc                zps_vNwkMcpsMgrTidyBtrReqDescr
                0x0000000000096320                vNwkBttTimerExpiry.135864
                0x000000000009643e                MAC_vHandleMcpsVsReqRsp
                0x0000000000096761                hZCL_AllocateAPduInstance
                0x000000000009679d                eZCL_TransmitInterPanRequest.constprop.32
                0x0000000000096808                eCLD_ZllCommissionCommandNetworkJoinRouterRspCommandSend.constprop.27
                0x0000000000096832                eSendScanResponse.6945.constprop.30
 *fill*         0x0000000000096970        0x0 00
 .text          0x0000000000096970      0xdc4 C:\Users\brend\AppData\Local\Temp\ccbvLfAG.ltrans18.ltrans.o
                0x0000000000096970                vMcpsMgrExpiry.129428
                0x00000000000969d0                os_vzps_taskZPS
                0x0000000000096bf9                vBbcIntHandler.145322
                0x0000000000096eb1                os_vzps_isrMAC
                0x0000000000096ef0                eAssocRespSent.146232
                0x0000000000096f0f                zps_vNwkHandleCmeSyncReq
                0x0000000000096f58                zps_vNwkHandleCmeIdleNwkFormReq
                0x0000000000097000                zps_vNwkHandleCmeNwkDiscReq
                0x000000000009707a                zps_vNwkHandleCmeEdScanReq
                0x000000000009728f                zps_vNwkHandleCmeNwkJoinReq
                0x000000000009754d                zps_vNwkHandleCmeNwkActvJoinReq
                0x00000000000975e9                vSetKeys
                0x000000000009766e                vResetDataStructures
 .text          0x0000000000097734      0xfac C:\Users\brend\AppData\Local\Temp\ccbvLfAG.ltrans19.ltrans.o
                0x0000000000097734                vAplSecAuthPollTimerExpiry.73075
                0x000000000009778c                vAplSecAuthTimerExpiry.73079
                0x000000000009785c                vHandleApsInterPanDcfmData
                0x0000000000097c8a                vPostApsdeDcfmInd.64049
                0x0000000000097e92                zps_vHandleApsdeDataFragIndNotSupported
                0x0000000000097efa                vApsInterPanMcpsDataInd
                0x00000000000980a1                eDiscoverNetworks.73145
                0x00000000000980fd                zps_eAplZdoDiscoverNetworks
                0x0000000000098126                eStartNetworkDiscovery.73152
                0x00000000000981b3                eStartRouter.73162
                0x0000000000098282                vPostApsmeDcfmInd.64042
 .text          0x00000000000986e0      0xe58 C:\Users\brend\AppData\Local\Temp\ccbvLfAG.ltrans20.ltrans.o
                0x0000000000099045                os_vTick_Task
                0x00000000000994b6                os_vZCL_Task
 .text          0x0000000000099538      0xe10 C:\Users\brend\AppData\Local\Temp\ccbvLfAG.ltrans21.ltrans.o
                0x0000000000099619                eZCL_TransmitDataRequest
                0x0000000000099981                eZCL_SendDefaultResponse
                0x0000000000099a80                eZCL_CustomCommandReceive
                0x0000000000099bee                eCLD_ColourControlCommandHandler
                0x0000000000099f7a                eCLD_OnOffCommandHandler
 .text          0x000000000009a348     0x104b C:\Users\brend\AppData\Local\Temp\ccbvLfAG.ltrans22.ltrans.o
                0x000000000009a348                vSendNetworkReport.128528
                0x000000000009a422                zps_psNwkInitiateRouteDiscovery
                0x000000000009a75a                zps_psSendFrm
                0x000000000009aa76                zps_psSendBroadcastFrm
                0x000000000009ab0c                ZPS_vNwkHandleNldeReqRsp
                0x000000000009acec                zps_eAplApsmeCmdMgrSendCommand
                0x000000000009adc9                zps_vAplApsmeCmdMgrRetryTimeout.68025
                0x000000000009adf2                zps_eNwkHandleSceRouteRecord
                0x000000000009aec6                zps_psNwkSendRejoinReqCmd.constprop.8
                0x000000000009af36                zps_u8NwkHandleRejoinReq
                0x000000000009afff                vContinueRejoin.140156
                0x000000000009b0a6                zps_psSendNetworkStatusCmd
                0x000000000009b113                zps_vProcessLocalAddrConflict
                0x000000000009b1be                zps_eDefaultDataDcfm
 .text          0x000000000009b393     0x108b C:\Users\brend\AppData\Local\Temp\ccbvLfAG.ltrans23.ltrans.o
                0x000000000009b539                vHandleRejoinExpiry.140922
                0x000000000009b598                zps_eRejoinDataDcfm
                0x000000000009b5dc                eSmeAsocAssocDcfm.141533
                0x000000000009b660                eSmeRjPCPollDcfm.141529
                0x000000000009b6a1                eSceRjRsRejoinRsp.141497
                0x000000000009b762                zps_sNwkLibSubmitScan
                0x000000000009b79b                vSdeHandleMcpsDataInd.129524
 *fill*         0x000000000009c41e        0x2 00
 .text          0x000000000009c420      0xed8 C:\Users\brend\AppData\Local\Temp\ccbvLfAG.ltrans24.ltrans.o
                0x000000000009c896                eCLD_ZllCommissionCommandHandler
                0x000000000009cacd                eCLD_LevelControlCommandHandler
                0x000000000009ce64                vZCL_HandleAttributesWriteRequest
 .text          0x000000000009d2f8      0xd47 C:\Users\brend\AppData\Local\Temp\ccbvLfAG.ltrans25.ltrans.o
                0x000000000009d2f8                ZPS_vAplHandleApsdeReqRsp
                0x000000000009d718                zps_eAplZdpApsdeReqInternal
                0x000000000009d88f                zps_bAplZdoZdoClient
                0x000000000009dcff                zps_bAplZdoDefaultServer
                0x000000000009dfbb                zps_eZdpMgmtLeaveResponse
                0x000000000009dfdc                zps_eZdpMgmtPermitJoiningResponse
 .text          0x000000000009e03f     0x1139 C:\Users\brend\AppData\Local\Temp\ccbvLfAG.ltrans26.ltrans.o
                0x000000000009e03f                os_bDummyMemberCheck.60811
                0x000000000009e044                os_vDefaultErrorHook.60807
                0x000000000009e047                bCLD_ScenesSearchForScene.23683
                0x000000000009e07a                eCLD_LevelControlSceneEventHandler.17754
                0x000000000009e0c3                DriverBulb_vSetTunableWhiteColourTemperature
                0x000000000009e0c6                vOverideProfileId.8570
                0x000000000009e100                APP_ZCL_cbGeneralCallback.6002
                0x000000000009e103                os_bStrictCheck.1358
                0x000000000009e448                bCLD_GroupsSearchForGroup.15070
                0x000000000009e46d                PDUM_eNPduInitDescending
                0x000000000009e488                eExpireSWTimer.60820
                0x000000000009e4f3                vEnterErrorHook.60803
                0x000000000009e51a                OS_eCollectMessage
                0x000000000009e5df                eZCL_BuildClientTransmitAddressStructure
                0x000000000009e610                eZCL_GetAttributeTypeSize
                0x000000000009e62f                vZCL_MarkAttributeInvalid
                0x000000000009e6fe                eZCL_CheckEPstructureIntegrity.40823
                0x000000000009e8e6                u8ZCL_GetAttributeAllignToFourBytesBoundary
                0x000000000009e8fb                pvZCL_GetAttributePointer
                0x000000000009e971                u16ZCL_WriteTypeNBO.part.0.42177
                0x000000000009e9e6                u16ZCL_GetStringStructureSize
                0x000000000009ea23                u16ZCL_GetStringAttributeTypeSizeFromBuffer
                0x000000000009ea94                u16ZCL_GetStringSizeAndBufferFromStructure
                0x000000000009eb23                bZCL_SendCommandResponse
                0x000000000009eb3f                vZCL_GetInternalMutex
                0x000000000009eb68                eZCL_GetMutex
                0x000000000009eba0                u8ZCL_GetEPIdFromIndex
                0x000000000009ebc2                vZCL_ReleaseInternalMutex
                0x000000000009ebdc                eZCL_SearchForAttributeEntry
                0x000000000009ec9c                vCLD_ScenesGenerateIndividualAttributeCallback
                0x000000000009ecf6                eZCL_SearchForEPentry
                0x000000000009ed51                eZCL_SearchForEPentryAndCheckManufacturerId
                0x000000000009ed8f                vZCL_PassEventToUser
                0x000000000009edbc                eZCL_ReleaseMutex
                0x000000000009edeb                eZCL_Register.part.1.40832
                0x000000000009ee19                boDLISTisEmpty
                0x000000000009ee31                vDLISTaddToTail
                0x000000000009ee5f                psDLISTremoveFromHead
                0x000000000009ee88                psDLISTremove
                0x000000000009eee0                vCLD_ColourControl_CCT2xyY
                0x000000000009efc6                vWriteU64ToPayLoad.26016
                0x000000000009eff3                vWriteU32ToPayLoad.26012
                0x000000000009f00b                vLI_InitVar.7413
                0x000000000009f03c                InvShiftRows
                0x000000000009f0cf                InvSubBytes
                0x000000000009f115                AddRoundKey
                0x000000000009f156                getSBoxValue.5352
 .text          0x000000000009f178      0xb88 C:\Users\brend\AppData\Local\Temp\ccbvLfAG.ltrans27.ltrans.o
                0x000000000009f178                eZCL_CustomCommandSend.constprop.23
                0x000000000009f3da                eCLD_IdentifyCommandHandler
                0x000000000009f82e                eCLD_GroupsCommandHandler
 .text          0x000000000009fd00      0xcca C:\Users\brend\AppData\Local\Temp\ccbvLfAG.ltrans28.ltrans.o
                0x000000000009fd00                zps_eZdpMatchDescResponse
                0x000000000009fd96                zps_eZdpSystemServerDiscoveryResponse
                0x000000000009fe05                zps_eAplZdpMgmtLqiResponse
                0x000000000009feed                zps_eZdpNodeDescResponse
                0x000000000009ff95                zps_eZdpPowerDescResponse
                0x00000000000a0032                zps_eZdpSimpleDescResponse
                0x00000000000a013f                zps_eZdpActiveEpResponse
                0x00000000000a01d5                zps_eAplZdpMgmtRtgResponse
                0x00000000000a034e                zps_eZdpNwkAddrResponse
                0x00000000000a0431                zps_eZdpIeeeAddrResponse
                0x00000000000a0514                zps_bAplZdoMgmtNWKUpdateServer
                0x00000000000a0884                zps_eAplAfBoundDataReqNonBlocking
 *fill*         0x00000000000a09ca        0x2 00
 .text          0x00000000000a09cc      0xc4c C:\Users\brend\AppData\Local\Temp\ccbvLfAG.ltrans29.ltrans.o
                0x00000000000a09cc                vStartScanTimerExpiry.97960
                0x00000000000a0ab7                zps_eNwkHandleSmeOrphanInd
                0x00000000000a0d41                zps_eNwkHandleSceNwkStatus
                0x00000000000a10a4                zps_eNwkHandleSmeAssocInd
                0x00000000000a10c6                zps_eNwkHandleSceRejnRequest
                0x00000000000a1146                zps_eProcessAddrConflict
                0x00000000000a12f3                ZPS_vNwkNibCheckAndUpdateAddresses
                0x00000000000a138a                zps_bAplZdoDeviceAnnceServer
 .text          0x00000000000a1618      0x9d8 C:\Users\brend\AppData\Local\Temp\ccbvLfAG.ltrans30.ltrans.o
                0x00000000000a1782                zps_vAplApsPollTimer
                0x00000000000a17e4                vPostNlmeDcfmInd.64035
                0x00000000000a1ef6                vDiscoverNetworks.4574
                0x00000000000a1f62                vTryNwkJoin.4578
 .text          0x00000000000a1ff0      0x5d3 C:\Users\brend\AppData\Local\Temp\ccbvLfAG.ltrans31.ltrans.o
                0x00000000000a1ff0                AppWarmStart
                0x00000000000a200a                AppColdStart
                0x00000000000a2391                os_vUnclaimedInterrupt
                0x00000000000a23a3                os_vControlledIntCheck
                0x00000000000a23e8                os_vControlledInterrupt
                0x00000000000a2421                os_vvISR_SystemController
                0x00000000000a244d                os_vvISR_Timer4
                0x00000000000a245c                os_vvISR_Timer3
                0x00000000000a246b                os_vAPP_isrIllegalInstruction
                0x00000000000a2481                os_vAPP_isrAlignmentException
                0x00000000000a2497                os_vAPP_isrBusErrorException
                0x00000000000a24ad                os_vAPP_isrUnimplementedModuleException
                0x00000000000a24c0                os_vAPP_isrStackOverflowException
                0x00000000000a24d3                os_vAPP_isrTickTimer
 .text          0x00000000000a25c3       0x25 c:/nxp/bstudio_nxp/sdk/tools/ba-elf-ba2-r36379/bin/../lib/gcc/ba-elf/4.7.4/../../../../ba-elf/lib/mcpu_jn51xx_sizeopt\libc.a(lib_a-memcmp.o)
                0x00000000000a25c3                memcmp
 .text          0x00000000000a25e8       0x19 c:/nxp/bstudio_nxp/sdk/tools/ba-elf-ba2-r36379/bin/../lib/gcc/ba-elf/4.7.4/../../../../ba-elf/lib/mcpu_jn51xx_sizeopt\libc.a(lib_a-memcpy.o)
 .text          0x00000000000a2601       0x12 c:/nxp/bstudio_nxp/sdk/tools/ba-elf-ba2-r36379/bin/../lib/gcc/ba-elf/4.7.4/../../../../ba-elf/lib/mcpu_jn51xx_sizeopt\libc.a(lib_a-memset.o)
                0x00000000000a2601                memset
 .text          0x00000000000a2613       0x12 c:/nxp/bstudio_nxp/sdk/tools/ba-elf-ba2-r36379/bin/../lib/gcc/ba-elf/4.7.4/../../../../ba-elf/lib/mcpu_jn51xx_sizeopt\libc.a(lib_a-strlen.o)
                0x00000000000a2613                strlen
 .text          0x00000000000a2625       0x2b c:/nxp/bstudio_nxp/sdk/tools/ba-elf-ba2-r36379/bin/../lib/gcc/ba-elf/4.7.4/../../../../ba-elf/lib/mcpu_jn51xx_sizeopt\libc.a(lib_a-strncpy.o)
                0x00000000000a2625                strncpy
 *fill*         0x00000000000a2650        0x0 00
 .text          0x00000000000a2650      0x204 c:/nxp/bstudio_nxp/sdk/tools/ba-elf-ba2-r36379/bin/../lib/gcc/ba-elf/4.7.4/mcpu_jn51xx_sizeopt\libgcc.a(__udivsi3.o)
                0x00000000000a2650                __udivsi3
 .text          0x00000000000a2854       0x30 c:/nxp/bstudio_nxp/sdk/tools/ba-elf-ba2-r36379/bin/../lib/gcc/ba-elf/4.7.4/mcpu_jn51xx_sizeopt\libgcc.a(__divsi3.o)
                0x00000000000a2854                __divsi3
 .text          0x00000000000a2884      0x1b0 c:/nxp/bstudio_nxp/sdk/tools/ba-elf-ba2-r36379/bin/../lib/gcc/ba-elf/4.7.4/mcpu_jn51xx_sizeopt\libgcc.a(__umodsi3.o)
                0x00000000000a2884                __umodsi3
 .text          0x00000000000a2a34       0x24 c:/nxp/bstudio_nxp/sdk/tools/ba-elf-ba2-r36379/bin/../lib/gcc/ba-elf/4.7.4/mcpu_jn51xx_sizeopt\libgcc.a(__modsi3.o)
                0x00000000000a2a34                __modsi3
 .text          0x00000000000a2a58       0x39 c:/nxp/bstudio_nxp/sdk/tools/ba-elf-ba2-r36379/bin/../lib/gcc/ba-elf/4.7.4/mcpu_jn51xx_sizeopt\libgcc.a(_fixunsdfsi.o)
                0x00000000000a2a58                __fixunsdfsi
 .text          0x00000000000a2a91      0x3bd c:/nxp/bstudio_nxp/sdk/tools/ba-elf-ba2-r36379/bin/../lib/gcc/ba-elf/4.7.4/mcpu_jn51xx_sizeopt\libgcc.a(_divdi3.o)
                0x00000000000a2a91                __divdi3
 .text          0x00000000000a2e4e      0x350 c:/nxp/bstudio_nxp/sdk/tools/ba-elf-ba2-r36379/bin/../lib/gcc/ba-elf/4.7.4/mcpu_jn51xx_sizeopt\libgcc.a(_udivdi3.o)
                0x00000000000a2e4e                __udivdi3
 .text          0x00000000000a319e      0x384 c:/nxp/bstudio_nxp/sdk/tools/ba-elf-ba2-r36379/bin/../lib/gcc/ba-elf/4.7.4/mcpu_jn51xx_sizeopt\libgcc.a(addsf3.o)
                0x00000000000a319e                __addsf3
 *fill*         0x00000000000a3522        0x2 00
 .text          0x00000000000a3524      0x218 c:/nxp/bstudio_nxp/sdk/tools/ba-elf-ba2-r36379/bin/../lib/gcc/ba-elf/4.7.4/mcpu_jn51xx_sizeopt\libgcc.a(divsf3.o)
                0x00000000000a3524                __divsf3
 .text          0x00000000000a373c       0xac c:/nxp/bstudio_nxp/sdk/tools/ba-elf-ba2-r36379/bin/../lib/gcc/ba-elf/4.7.4/mcpu_jn51xx_sizeopt\libgcc.a(gesf2.o)
                0x00000000000a373c                __gesf2
                0x00000000000a373c                __gtsf2
 .text          0x00000000000a37e8       0xac c:/nxp/bstudio_nxp/sdk/tools/ba-elf-ba2-r36379/bin/../lib/gcc/ba-elf/4.7.4/mcpu_jn51xx_sizeopt\libgcc.a(lesf2.o)
                0x00000000000a37e8                __ltsf2
                0x00000000000a37e8                __lesf2
 .text          0x00000000000a3894      0x24c c:/nxp/bstudio_nxp/sdk/tools/ba-elf-ba2-r36379/bin/../lib/gcc/ba-elf/4.7.4/mcpu_jn51xx_sizeopt\libgcc.a(mulsf3.o)
                0x00000000000a3894                __mulsf3
 .text          0x00000000000a3ae0      0x3a2 c:/nxp/bstudio_nxp/sdk/tools/ba-elf-ba2-r36379/bin/../lib/gcc/ba-elf/4.7.4/mcpu_jn51xx_sizeopt\libgcc.a(subsf3.o)
                0x00000000000a3ae0                __subsf3
 .text          0x00000000000a3e82       0xad c:/nxp/bstudio_nxp/sdk/tools/ba-elf-ba2-r36379/bin/../lib/gcc/ba-elf/4.7.4/mcpu_jn51xx_sizeopt\libgcc.a(floatunsisf.o)
                0x00000000000a3e82                __floatunsisf
 *fill*         0x00000000000a3f2f        0x1 00
 .text          0x00000000000a3f30      0x5c8 c:/nxp/bstudio_nxp/sdk/tools/ba-elf-ba2-r36379/bin/../lib/gcc/ba-elf/4.7.4/mcpu_jn51xx_sizeopt\libgcc.a(divdf3.o)
                0x00000000000a3f30                __divdf3
 .text          0x00000000000a44f8       0xca c:/nxp/bstudio_nxp/sdk/tools/ba-elf-ba2-r36379/bin/../lib/gcc/ba-elf/4.7.4/mcpu_jn51xx_sizeopt\libgcc.a(gedf2.o)
                0x00000000000a44f8                __gedf2
                0x00000000000a44f8                __gtdf2
 *fill*         0x00000000000a45c2        0x2 00
 .text          0x00000000000a45c4      0x488 c:/nxp/bstudio_nxp/sdk/tools/ba-elf-ba2-r36379/bin/../lib/gcc/ba-elf/4.7.4/mcpu_jn51xx_sizeopt\libgcc.a(muldf3.o)
                0x00000000000a45c4                __muldf3
 .text          0x00000000000a4a4c      0x693 c:/nxp/bstudio_nxp/sdk/tools/ba-elf-ba2-r36379/bin/../lib/gcc/ba-elf/4.7.4/mcpu_jn51xx_sizeopt\libgcc.a(subdf3.o)
                0x00000000000a4a4c                __subdf3
 .text          0x00000000000a50df       0x64 c:/nxp/bstudio_nxp/sdk/tools/ba-elf-ba2-r36379/bin/../lib/gcc/ba-elf/4.7.4/mcpu_jn51xx_sizeopt\libgcc.a(fixdfsi.o)
                0x00000000000a50df                __fixdfsi
 .text          0x00000000000a5143       0x8f c:/nxp/bstudio_nxp/sdk/tools/ba-elf-ba2-r36379/bin/../lib/gcc/ba-elf/4.7.4/mcpu_jn51xx_sizeopt\libgcc.a(extendsfdf2.o)
                0x00000000000a5143                __extendsfdf2
 .text          0x00000000000a51d2      0x13e c:/nxp/bstudio_nxp/sdk/tools/ba-elf-ba2-r36379/bin/../lib/gcc/ba-elf/4.7.4/mcpu_jn51xx_sizeopt\libgcc.a(truncdfsf2.o)
                0x00000000000a51d2                __truncdfsf2
 *fill*         0x00000000000a5310        0x0 00
 .text          0x00000000000a5310      0x1d0 c:/NXP/bstudio_nxp/workspace/ZigBee-LightLink-Test-1/Light_ColorTemperatureLight/Build/os_irq.o
                0x00000000000a5310                os_ExternalException_W
                0x00000000000a5354                os_PIC_ChannelPriorities
                0x00000000000a5364                os_OSMIUM_HwVectTable
                0x00000000000a53a0                os_PIC_SwVectTable
 .text          0x00000000000a54e0       0x29 c:/NXP/bstudio_nxp/workspace/ZigBee-LightLink-Test-1/Light_ColorTemperatureLight/Build/os_irq_alignment.o
                0x00000000000a54e0                IRQ_Alignment
 .text          0x00000000000a5509       0x29 c:/NXP/bstudio_nxp/workspace/ZigBee-LightLink-Test-1/Light_ColorTemperatureLight/Build/os_irq_buserror.o
                0x00000000000a5509                IRQ_BusError
 .text          0x00000000000a5532       0x29 c:/NXP/bstudio_nxp/workspace/ZigBee-LightLink-Test-1/Light_ColorTemperatureLight/Build/os_irq_illegalinstruction.o
                0x00000000000a5532                IRQ_IllegalInstruction
 .text          0x00000000000a555b       0x29 c:/NXP/bstudio_nxp/workspace/ZigBee-LightLink-Test-1/Light_ColorTemperatureLight/Build/os_irq_stackoverflowexception.o
                0x00000000000a555b                IRQ_StackOverflowException
 .text          0x00000000000a5584       0x29 c:/NXP/bstudio_nxp/workspace/ZigBee-LightLink-Test-1/Light_ColorTemperatureLight/Build/os_irq_unimplementedmodule.o
                0x00000000000a5584                IRQ_UnimplementedModule
 *fill*         0x00000000000a55ad        0x3 00
 .text          0x00000000000a55b0       0xc0 c:/NXP/bstudio_nxp/sdk/JN-SW-4168/Components/Library\libOS_JN516x.a(os_contirq_JN516x.o)
                0x00000000000a55b0                os_ExternalException_R
                0x00000000000a55e0                os_CFunc_W
                0x00000000000a5630                os_UnclaimedException_W
                0x00000000000a5650                os_UnclaimedInterrupt_W
 .text          0x00000000000a5670       0x48 c:/NXP/bstudio_nxp/sdk/JN-SW-4168/Components/Library\libPWRM_JN516x.a(pwrm_setjmp_JN516x.o)
                0x00000000000a5670                setjmp
                0x00000000000a5694                PWRM_longjmp
 .text          0x00000000000a56b8       0x27 c:/NXP/bstudio_nxp/sdk/JN-SW-4168/Components/Library\libHardwareApi_JN516x.a(AHI_Interrupt.o)
                0x00000000000a56b8                vAHI_InterruptSetPriority
                0x00000000000a56d6                vAHI_InterruptSetActivePriorityLevel
 .text.vMicroSyscall
                0x00000000000a56df       0x17 c:/NXP/bstudio_nxp/sdk/JN-SW-4168/Components/Library\libMicroSpecific_JN516x.a(MicroSyscall_ba.o)
                0x00000000000a56df                vMicroSyscall
 .text          0x00000000000a56f6        0x0 c:/NXP/bstudio_nxp/sdk/JN-SW-4168/Components/Library\libOS_JN516x.a(os_version_lc.o)
                0x00000000000a56f6                OS_Version_1v2
 .text          0x00000000000a56f6        0x0 c:/NXP/bstudio_nxp/sdk/JN-SW-4168/Components/Library\libZPSAPL_JN516x.a(zps_apl_version_lc.o)
                0x00000000000a56f6                ZPS_APL_Version_2v0
 .text          0x00000000000a56f6        0x0 c:/NXP/bstudio_nxp/sdk/JN-SW-4168/Components/Library\libZPSNWK_JN516x.a(zps_nwk_version_lc.o)
                0x00000000000a56f6                ZPS_NWK_Version_2v0
                0x00000000000a56f6                _flash_end = ABSOLUTE (.)

.rela.dyn       0x00000000000a56f8        0x0
 .rela.text     0x0000000000000000        0x0 c:/NXP/bstudio_nxp/workspace/ZigBee-LightLink-Test-1/Light_ColorTemperatureLight/Build/os_irq.o
 .rela.data     0x0000000000000000        0x0 c:/NXP/bstudio_nxp/workspace/ZigBee-LightLink-Test-1/Light_ColorTemperatureLight/Build/os_irq.o
 .rela.rodata   0x0000000000000000        0x0 c:/NXP/bstudio_nxp/workspace/ZigBee-LightLink-Test-1/Light_ColorTemperatureLight/Build/os_irq.o
                0x000000000400004c                . = ORIGIN (ram)

.data           0x000000000400004c      0x9b4 load address 0x00000000000a56f8
                0x000000000400004c                _ram_data_start = ABSOLUTE (.)
 *(.data*)
 .data          0x000000000400004c       0xe8 C:\Users\brend\AppData\Local\Temp\ccbvLfAG.ltrans0.ltrans.o
                0x000000000400004c                u8MiniMacConfig_MaxConcurrentAssocResponses
                0x0000000004000050                psShadowRxBuffer
 .data          0x0000000004000134      0x148 C:\Users\brend\AppData\Local\Temp\ccbvLfAG.ltrans1.ltrans.o
                0x0000000004000134                u32HeapStart
                0x0000000004000138                asCLD_ColourControlCCTlist
 .data          0x000000000400027c        0x1 C:\Users\brend\AppData\Local\Temp\ccbvLfAG.ltrans3.ltrans.o
 .data          0x000000000400027d        0x1 C:\Users\brend\AppData\Local\Temp\ccbvLfAG.ltrans7.ltrans.o
 .data          0x000000000400027e        0x6 C:\Users\brend\AppData\Local\Temp\ccbvLfAG.ltrans13.ltrans.o
 *fill*         0x0000000004000284        0x4 00
 .data          0x0000000004000288       0x40 C:\Users\brend\AppData\Local\Temp\ccbvLfAG.ltrans14.ltrans.o
                0x0000000004000288                sDeviceTable
                0x00000000040002a0                sZllState
 .data          0x00000000040002c8        0x4 C:\Users\brend\AppData\Local\Temp\ccbvLfAG.ltrans17.ltrans.o
                0x00000000040002c8                bCanLoopback.66872
 .data          0x00000000040002cc        0x1 C:\Users\brend\AppData\Local\Temp\ccbvLfAG.ltrans18.ltrans.o
 *fill*         0x00000000040002cd        0x3 00
 .data          0x00000000040002d0        0xc C:\Users\brend\AppData\Local\Temp\ccbvLfAG.ltrans20.ltrans.o
 .data          0x00000000040002dc       0xa4 C:\Users\brend\AppData\Local\Temp\ccbvLfAG.ltrans26.ltrans.o
                0x00000000040002dc                s_asapduZCLInstances
                0x0000000004000354                s_asapduZDPInstances
 .data          0x0000000004000380      0x668 C:\Users\brend\AppData\Local\Temp\ccbvLfAG.ltrans31.ltrans.o
                0x0000000004000380                s_keyPairTableStorage.3129
                0x00000000040003e0                os_Mutex_mutexMAC
                0x00000000040003e8                os_Mutex_mutexZPS
                0x00000000040003f0                s_sApl.3084
                0x0000000004000540                os_Message_APP_msgZpsEvents_ZCL
                0x0000000004000564                os_SWTimer_APP_cntrTickTimer_APP_DiscoveryTimer
                0x0000000004000580                os_SWTimer_APP_cntrTickTimer_APP_CommissionTimer
                0x000000000400059c                os_SWTimer_APP_cntrTickTimer_APP_TickTimer
                0x00000000040005b8                os_Message_APP_msgZpsEvents
                0x00000000040005dc                os_Message_APP_msgEvents
                0x0000000004000600                os_Message_APP_msgPOREvents
                0x0000000004000624                os_Message_APP_DiscoveryEvents
                0x0000000004000648                os_Message_APP_CommissionEvents
                0x000000000400066c                os_SWTimer_APP_cntrTickTimer_APP_RadioRecalTimer
                0x0000000004000688                os_Message_zps_msgMlmeDcfmInd
                0x00000000040006ac                os_Message_zps_msgTimeEvents
                0x00000000040006d0                os_Message_zps_msgMcpsDcfmInd
                0x00000000040006f4                os_Message_zps_msgMcpsDcfm